Component: ARM Compiler 5.06 update 6 (build 750) Tool: armlink [4d35ed]

==============================================================================

Section Cross References

    main.o(i.main) refers to stm32l0xx_hal.o(i.HAL_Init) for HAL_Init
    main.o(i.main) refers to sys.o(i.SystemClock_Config) for SystemClock_Config
    main.o(i.main) refers to led.o(i.LED_Init) for LED_Init
    main.o(i.main) refers to lcd_init.o(i.LCD_Init) for LCD_Init
    main.o(i.main) refers to lcd.o(i.LCD_Fill) for LCD_Fill
    main.o(i.main) refers to stm32l0xx_hal_gpio.o(i.HAL_GPIO_WritePin) for HAL_GPIO_WritePin
    main.o(i.main) refers to lcd.o(i.LCD_ShowChinese) for LCD_ShowChinese
    main.o(i.main) refers to lcd.o(i.LCD_ShowString) for LCD_ShowString
    main.o(i.main) refers to lcd.o(i.LCD_ShowIntNum) for LCD_ShowIntNum
    main.o(i.main) refers to lcd.o(i.LCD_ShowFloatNum1) for LCD_ShowFloatNum1
    main.o(i.main) refers to f2d.o(.text) for __aeabi_f2d
    main.o(i.main) refers to dadd.o(.text) for __aeabi_dadd
    main.o(i.main) refers to d2f.o(.text) for __aeabi_d2f
    main.o(i.main) refers to lcd.o(i.LCD_ShowPicture) for LCD_ShowPicture
    main.o(i.main) refers to main.o(.constdata) for .constdata
    stm32l0xx_it.o(i.SysTick_Handler) refers to stm32l0xx_hal.o(i.HAL_IncTick) for HAL_IncTick
    stm32l0xx_it.o(i.SysTick_Handler) refers to stm32l0xx_hal_cortex.o(i.HAL_SYSTICK_IRQHandler) for HAL_SYSTICK_IRQHandler
    led.o(i.LED_Init) refers to stm32l0xx_hal_gpio.o(i.HAL_GPIO_Init) for HAL_GPIO_Init
    led.o(i.LED_Init) refers to stm32l0xx_hal_gpio.o(i.HAL_GPIO_WritePin) for HAL_GPIO_WritePin
    lcd_init.o(i.LCD_Address_Set) refers to lcd_init.o(i.LCD_WR_REG) for LCD_WR_REG
    lcd_init.o(i.LCD_Address_Set) refers to lcd_init.o(i.LCD_WR_DATA) for LCD_WR_DATA
    lcd_init.o(i.LCD_GPIO_Init) refers to stm32l0xx_hal_gpio.o(i.HAL_GPIO_Init) for HAL_GPIO_Init
    lcd_init.o(i.LCD_GPIO_Init) refers to stm32l0xx_hal_gpio.o(i.HAL_GPIO_WritePin) for HAL_GPIO_WritePin
    lcd_init.o(i.LCD_Init) refers to lcd_init.o(i.LCD_GPIO_Init) for LCD_GPIO_Init
    lcd_init.o(i.LCD_Init) refers to stm32l0xx_hal_gpio.o(i.HAL_GPIO_WritePin) for HAL_GPIO_WritePin
    lcd_init.o(i.LCD_Init) refers to delay.o(i.delay_ms) for delay_ms
    lcd_init.o(i.LCD_Init) refers to lcd_init.o(i.LCD_WR_REG) for LCD_WR_REG
    lcd_init.o(i.LCD_Init) refers to lcd_init.o(i.LCD_Writ_Bus) for LCD_Writ_Bus
    lcd_init.o(i.LCD_WR_DATA) refers to lcd_init.o(i.LCD_Writ_Bus) for LCD_Writ_Bus
    lcd_init.o(i.LCD_WR_DATA8) refers to lcd_init.o(i.LCD_Writ_Bus) for LCD_Writ_Bus
    lcd_init.o(i.LCD_WR_REG) refers to stm32l0xx_hal_gpio.o(i.HAL_GPIO_WritePin) for HAL_GPIO_WritePin
    lcd_init.o(i.LCD_WR_REG) refers to lcd_init.o(i.LCD_Writ_Bus) for LCD_Writ_Bus
    lcd_init.o(i.LCD_Writ_Bus) refers to stm32l0xx_hal_gpio.o(i.HAL_GPIO_WritePin) for HAL_GPIO_WritePin
    lcd.o(i.Draw_Circle) refers to lcd.o(i.LCD_DrawPoint) for LCD_DrawPoint
    lcd.o(i.LCD_DrawLine) refers to lcd.o(i.LCD_DrawPoint) for LCD_DrawPoint
    lcd.o(i.LCD_DrawPoint) refers to lcd_init.o(i.LCD_Address_Set) for LCD_Address_Set
    lcd.o(i.LCD_DrawPoint) refers to lcd_init.o(i.LCD_WR_DATA) for LCD_WR_DATA
    lcd.o(i.LCD_DrawRectangle) refers to lcd.o(i.LCD_DrawLine) for LCD_DrawLine
    lcd.o(i.LCD_Fill) refers to lcd_init.o(i.LCD_Address_Set) for LCD_Address_Set
    lcd.o(i.LCD_Fill) refers to lcd_init.o(i.LCD_WR_DATA) for LCD_WR_DATA
    lcd.o(i.LCD_ShowChar) refers to lcd_init.o(i.LCD_Address_Set) for LCD_Address_Set
    lcd.o(i.LCD_ShowChar) refers to lcd.o(i.LCD_DrawPoint) for LCD_DrawPoint
    lcd.o(i.LCD_ShowChar) refers to lcd_init.o(i.LCD_WR_DATA) for LCD_WR_DATA
    lcd.o(i.LCD_ShowChar) refers to uidiv.o(.text) for __aeabi_uidivmod
    lcd.o(i.LCD_ShowChar) refers to lcd.o(.constdata) for .constdata
    lcd.o(i.LCD_ShowChinese) refers to lcd.o(i.LCD_ShowChinese32x32) for LCD_ShowChinese32x32
    lcd.o(i.LCD_ShowChinese) refers to lcd.o(i.LCD_ShowChinese12x12) for LCD_ShowChinese12x12
    lcd.o(i.LCD_ShowChinese) refers to lcd.o(i.LCD_ShowChinese16x16) for LCD_ShowChinese16x16
    lcd.o(i.LCD_ShowChinese) refers to lcd.o(i.LCD_ShowChinese24x24) for LCD_ShowChinese24x24
    lcd.o(i.LCD_ShowChinese12x12) refers to lcd_init.o(i.LCD_Address_Set) for LCD_Address_Set
    lcd.o(i.LCD_ShowChinese12x12) refers to lcd.o(i.LCD_DrawPoint) for LCD_DrawPoint
    lcd.o(i.LCD_ShowChinese12x12) refers to lcd_init.o(i.LCD_WR_DATA) for LCD_WR_DATA
    lcd.o(i.LCD_ShowChinese12x12) refers to uidiv.o(.text) for __aeabi_uidivmod
    lcd.o(i.LCD_ShowChinese12x12) refers to lcd.o(.constdata) for .constdata
    lcd.o(i.LCD_ShowChinese16x16) refers to lcd_init.o(i.LCD_Address_Set) for LCD_Address_Set
    lcd.o(i.LCD_ShowChinese16x16) refers to lcd.o(i.LCD_DrawPoint) for LCD_DrawPoint
    lcd.o(i.LCD_ShowChinese16x16) refers to lcd_init.o(i.LCD_WR_DATA) for LCD_WR_DATA
    lcd.o(i.LCD_ShowChinese16x16) refers to uidiv.o(.text) for __aeabi_uidivmod
    lcd.o(i.LCD_ShowChinese16x16) refers to lcd.o(.constdata) for .constdata
    lcd.o(i.LCD_ShowChinese24x24) refers to lcd_init.o(i.LCD_Address_Set) for LCD_Address_Set
    lcd.o(i.LCD_ShowChinese24x24) refers to lcd.o(i.LCD_DrawPoint) for LCD_DrawPoint
    lcd.o(i.LCD_ShowChinese24x24) refers to lcd_init.o(i.LCD_WR_DATA) for LCD_WR_DATA
    lcd.o(i.LCD_ShowChinese24x24) refers to uidiv.o(.text) for __aeabi_uidivmod
    lcd.o(i.LCD_ShowChinese24x24) refers to lcd.o(.constdata) for .constdata
    lcd.o(i.LCD_ShowChinese32x32) refers to lcd_init.o(i.LCD_Address_Set) for LCD_Address_Set
    lcd.o(i.LCD_ShowChinese32x32) refers to lcd.o(i.LCD_DrawPoint) for LCD_DrawPoint
    lcd.o(i.LCD_ShowChinese32x32) refers to lcd_init.o(i.LCD_WR_DATA) for LCD_WR_DATA
    lcd.o(i.LCD_ShowChinese32x32) refers to uidiv.o(.text) for __aeabi_uidivmod
    lcd.o(i.LCD_ShowChinese32x32) refers to lcd.o(.constdata) for .constdata
    lcd.o(i.LCD_ShowFloatNum1) refers to fmul.o(.text) for __aeabi_fmul
    lcd.o(i.LCD_ShowFloatNum1) refers to ffixui.o(.text) for __aeabi_f2uiz
    lcd.o(i.LCD_ShowFloatNum1) refers to lcd.o(i.mypow) for mypow
    lcd.o(i.LCD_ShowFloatNum1) refers to uidiv.o(.text) for __aeabi_uidivmod
    lcd.o(i.LCD_ShowFloatNum1) refers to lcd.o(i.LCD_ShowChar) for LCD_ShowChar
    lcd.o(i.LCD_ShowIntNum) refers to lcd.o(i.mypow) for mypow
    lcd.o(i.LCD_ShowIntNum) refers to uidiv.o(.text) for __aeabi_uidivmod
    lcd.o(i.LCD_ShowIntNum) refers to lcd.o(i.LCD_ShowChar) for LCD_ShowChar
    lcd.o(i.LCD_ShowPicture) refers to lcd_init.o(i.LCD_Address_Set) for LCD_Address_Set
    lcd.o(i.LCD_ShowPicture) refers to lcd_init.o(i.LCD_WR_DATA8) for LCD_WR_DATA8
    lcd.o(i.LCD_ShowString) refers to lcd.o(i.LCD_ShowChar) for LCD_ShowChar
    stm32l0xx_hal.o(i.HAL_DeInit) refers to stm32l0xx_hal.o(i.HAL_MspDeInit) for HAL_MspDeInit
    stm32l0xx_hal.o(i.HAL_Delay) refers to stm32l0xx_hal.o(i.HAL_GetTick) for HAL_GetTick
    stm32l0xx_hal.o(i.HAL_GetTick) refers to stm32l0xx_hal.o(.data) for .data
    stm32l0xx_hal.o(i.HAL_IncTick) refers to stm32l0xx_hal.o(.data) for .data
    stm32l0xx_hal.o(i.HAL_Init) refers to stm32l0xx_hal.o(i.HAL_InitTick) for HAL_InitTick
    stm32l0xx_hal.o(i.HAL_Init) refers to stm32l0xx_hal.o(i.HAL_MspInit) for HAL_MspInit
    stm32l0xx_hal.o(i.HAL_InitTick) refers to uidiv.o(.text) for __aeabi_uidivmod
    stm32l0xx_hal.o(i.HAL_InitTick) refers to stm32l0xx_hal_cortex.o(i.HAL_SYSTICK_Config) for HAL_SYSTICK_Config
    stm32l0xx_hal.o(i.HAL_InitTick) refers to stm32l0xx_hal_cortex.o(i.HAL_NVIC_SetPriority) for HAL_NVIC_SetPriority
    stm32l0xx_hal.o(i.HAL_InitTick) refers to system_stm32l0xx.o(.data) for SystemCoreClock
    stm32l0xx_hal_cortex.o(i.HAL_NVIC_SetPriority) refers to stm32l0xx_hal_cortex.o(i.NVIC_SetPriority) for NVIC_SetPriority
    stm32l0xx_hal_cortex.o(i.HAL_SYSTICK_Config) refers to stm32l0xx_hal_cortex.o(i.NVIC_SetPriority) for NVIC_SetPriority
    stm32l0xx_hal_cortex.o(i.HAL_SYSTICK_IRQHandler) refers to stm32l0xx_hal_cortex.o(i.HAL_SYSTICK_Callback) for HAL_SYSTICK_Callback
    stm32l0xx_hal_gpio.o(i.HAL_GPIO_EXTI_IRQHandler) refers to stm32l0xx_hal_gpio.o(i.HAL_GPIO_EXTI_Callback) for HAL_GPIO_EXTI_Callback
    stm32l0xx_hal_rcc.o(i.HAL_RCC_ClockConfig) refers to stm32l0xx_hal.o(i.HAL_GetTick) for HAL_GetTick
    stm32l0xx_hal_rcc.o(i.HAL_RCC_ClockConfig) refers to stm32l0xx_hal_rcc.o(i.HAL_RCC_GetSysClockFreq) for HAL_RCC_GetSysClockFreq
    stm32l0xx_hal_rcc.o(i.HAL_RCC_ClockConfig) refers to stm32l0xx_hal.o(i.HAL_InitTick) for HAL_InitTick
    stm32l0xx_hal_rcc.o(i.HAL_RCC_ClockConfig) refers to system_stm32l0xx.o(.constdata) for AHBPrescTable
    stm32l0xx_hal_rcc.o(i.HAL_RCC_ClockConfig) refers to system_stm32l0xx.o(.data) for SystemCoreClock
    stm32l0xx_hal_rcc.o(i.HAL_RCC_DeInit) refers to system_stm32l0xx.o(.data) for SystemCoreClock
    stm32l0xx_hal_rcc.o(i.HAL_RCC_GetHCLKFreq) refers to system_stm32l0xx.o(.data) for SystemCoreClock
    stm32l0xx_hal_rcc.o(i.HAL_RCC_GetPCLK1Freq) refers to system_stm32l0xx.o(.data) for SystemCoreClock
    stm32l0xx_hal_rcc.o(i.HAL_RCC_GetPCLK1Freq) refers to system_stm32l0xx.o(.constdata) for APBPrescTable
    stm32l0xx_hal_rcc.o(i.HAL_RCC_GetPCLK2Freq) refers to system_stm32l0xx.o(.data) for SystemCoreClock
    stm32l0xx_hal_rcc.o(i.HAL_RCC_GetPCLK2Freq) refers to system_stm32l0xx.o(.constdata) for APBPrescTable
    stm32l0xx_hal_rcc.o(i.HAL_RCC_GetSysClockFreq) refers to uidiv.o(.text) for __aeabi_uidivmod
    stm32l0xx_hal_rcc.o(i.HAL_RCC_GetSysClockFreq) refers to system_stm32l0xx.o(.constdata) for PLLMulTable
    stm32l0xx_hal_rcc.o(i.HAL_RCC_MCOConfig) refers to memseta.o(.text) for __aeabi_memclr4
    stm32l0xx_hal_rcc.o(i.HAL_RCC_MCOConfig) refers to stm32l0xx_hal_gpio.o(i.HAL_GPIO_Init) for HAL_GPIO_Init
    stm32l0xx_hal_rcc.o(i.HAL_RCC_NMI_IRQHandler) refers to stm32l0xx_hal_rcc.o(i.HAL_RCC_CSSCallback) for HAL_RCC_CSSCallback
    stm32l0xx_hal_rcc.o(i.HAL_RCC_OscConfig) refers to stm32l0xx_hal.o(i.HAL_GetTick) for HAL_GetTick
    stm32l0xx_hal_rcc.o(i.HAL_RCC_OscConfig) refers to stm32l0xx_hal_rcc.o(i.RCC_SetFlashLatencyFromMSIRange) for RCC_SetFlashLatencyFromMSIRange
    stm32l0xx_hal_rcc.o(i.HAL_RCC_OscConfig) refers to stm32l0xx_hal.o(i.HAL_InitTick) for HAL_InitTick
    stm32l0xx_hal_rcc.o(i.HAL_RCC_OscConfig) refers to system_stm32l0xx.o(.constdata) for AHBPrescTable
    stm32l0xx_hal_rcc.o(i.HAL_RCC_OscConfig) refers to system_stm32l0xx.o(.data) for SystemCoreClock
    startup_stm32l053xx.o(RESET) refers to startup_stm32l053xx.o(STACK) for __initial_sp
    startup_stm32l053xx.o(RESET) refers to startup_stm32l053xx.o(.text) for Reset_Handler
    startup_stm32l053xx.o(RESET) refers to stm32l0xx_it.o(i.NMI_Handler) for NMI_Handler
    startup_stm32l053xx.o(RESET) refers to stm32l0xx_it.o(i.HardFault_Handler) for HardFault_Handler
    startup_stm32l053xx.o(RESET) refers to stm32l0xx_it.o(i.SVC_Handler) for SVC_Handler
    startup_stm32l053xx.o(RESET) refers to stm32l0xx_it.o(i.PendSV_Handler) for PendSV_Handler
    startup_stm32l053xx.o(RESET) refers to stm32l0xx_it.o(i.SysTick_Handler) for SysTick_Handler
    startup_stm32l053xx.o(.text) refers to system_stm32l0xx.o(i.SystemInit) for SystemInit
    startup_stm32l053xx.o(.text) refers to entry.o(.ARM.Collect$$$$00000000) for __main
    system_stm32l0xx.o(i.SystemCoreClockUpdate) refers to uidiv.o(.text) for __aeabi_uidivmod
    system_stm32l0xx.o(i.SystemCoreClockUpdate) refers to system_stm32l0xx.o(.data) for .data
    system_stm32l0xx.o(i.SystemCoreClockUpdate) refers to system_stm32l0xx.o(.constdata) for .constdata
    sys.o(i.SystemClock_Config) refers to stm32l0xx_hal_rcc.o(i.HAL_RCC_OscConfig) for HAL_RCC_OscConfig
    sys.o(i.SystemClock_Config) refers to stm32l0xx_hal_rcc.o(i.HAL_RCC_ClockConfig) for HAL_RCC_ClockConfig
    sys.o(i.SystemClock_Config) refers to stm32l0xx_hal_rcc.o(i.HAL_RCC_GetHCLKFreq) for HAL_RCC_GetHCLKFreq
    sys.o(i.SystemClock_Config) refers to uidiv.o(.text) for __aeabi_uidivmod
    sys.o(i.SystemClock_Config) refers to stm32l0xx_hal_cortex.o(i.HAL_SYSTICK_Config) for HAL_SYSTICK_Config
    sys.o(i.SystemClock_Config) refers to stm32l0xx_hal_cortex.o(i.HAL_SYSTICK_CLKSourceConfig) for HAL_SYSTICK_CLKSourceConfig
    sys.o(i.SystemClock_Config) refers to stm32l0xx_hal_cortex.o(i.HAL_NVIC_SetPriority) for HAL_NVIC_SetPriority
    delay.o(i.delay_ms) refers to stm32l0xx_hal.o(i.HAL_Delay) for HAL_Delay
    entry.o(.ARM.Collect$$$$00000000) refers (Special) to entry10a.o(.ARM.Collect$$$$0000000D) for __rt_final_cpp
    entry.o(.ARM.Collect$$$$00000000) refers (Special) to entry11a.o(.ARM.Collect$$$$0000000F) for __rt_final_exit
    entry.o(.ARM.Collect$$$$00000000) refers (Special) to entry7b.o(.ARM.Collect$$$$00000008) for _main_clock
    entry.o(.ARM.Collect$$$$00000000) refers (Special) to entry8b.o(.ARM.Collect$$$$0000000A) for _main_cpp_init
    entry.o(.ARM.Collect$$$$00000000) refers (Special) to entry9a.o(.ARM.Collect$$$$0000000B) for _main_init
    entry.o(.ARM.Collect$$$$00000000) refers (Special) to entry5.o(.ARM.Collect$$$$00000004) for _main_scatterload
    entry.o(.ARM.Collect$$$$00000000) refers (Special) to entry2.o(.ARM.Collect$$$$00000001) for _main_stk
    fmul.o(.text) refers (Special) to iusefp.o(.text) for __I$use$fp
    dadd.o(.text) refers (Special) to iusefp.o(.text) for __I$use$fp
    dadd.o(.text) refers to llshl.o(.text) for __aeabi_llsl
    dadd.o(.text) refers to llsshr.o(.text) for __aeabi_lasr
    dadd.o(.text) refers to depilogue.o(.text) for _double_epilogue
    ffixui.o(.text) refers (Special) to iusefp.o(.text) for __I$use$fp
    f2d.o(.text) refers (Special) to iusefp.o(.text) for __I$use$fp
    d2f.o(.text) refers (Special) to iusefp.o(.text) for __I$use$fp
    d2f.o(.text) refers to fepilogue.o(.text) for _float_round
    entry2.o(.ARM.Collect$$$$00000001) refers to entry2.o(.ARM.Collect$$$$00002712) for __lit__00000000
    entry2.o(.ARM.Collect$$$$00002712) refers to startup_stm32l053xx.o(STACK) for __initial_sp
    entry2.o(__vectab_stack_and_reset_area) refers to startup_stm32l053xx.o(STACK) for __initial_sp
    entry2.o(__vectab_stack_and_reset_area) refers to entry.o(.ARM.Collect$$$$00000000) for __main
    entry5.o(.ARM.Collect$$$$00000004) refers to init.o(.text) for __scatterload
    entry9a.o(.ARM.Collect$$$$0000000B) refers to main.o(i.main) for main
    entry9b.o(.ARM.Collect$$$$0000000C) refers to main.o(i.main) for main
    depilogue.o(.text) refers to depilogue.o(i.__ARM_clz) for __ARM_clz
    depilogue.o(.text) refers to llshl.o(.text) for __aeabi_llsl
    depilogue.o(.text) refers to llushr.o(.text) for __aeabi_llsr
    init.o(.text) refers to entry5.o(.ARM.Collect$$$$00000004) for __main_after_scatterload


==============================================================================

Removing Unused input sections from the image.

    Removing main.o(.rev16_text), (4 bytes).
    Removing main.o(.revsh_text), (4 bytes).
    Removing stm32l0xx_it.o(.rev16_text), (4 bytes).
    Removing stm32l0xx_it.o(.revsh_text), (4 bytes).
    Removing led.o(.rev16_text), (4 bytes).
    Removing led.o(.revsh_text), (4 bytes).
    Removing lcd_init.o(.rev16_text), (4 bytes).
    Removing lcd_init.o(.revsh_text), (4 bytes).
    Removing lcd.o(.rev16_text), (4 bytes).
    Removing lcd.o(.revsh_text), (4 bytes).
    Removing lcd.o(i.Draw_Circle), (140 bytes).
    Removing lcd.o(i.LCD_DrawLine), (150 bytes).
    Removing lcd.o(i.LCD_DrawRectangle), (68 bytes).
    Removing stm32l0xx_hal.o(.rev16_text), (4 bytes).
    Removing stm32l0xx_hal.o(.revsh_text), (4 bytes).
    Removing stm32l0xx_hal.o(i.HAL_DBGMCU_DBG_DisableLowPowerConfig), (16 bytes).
    Removing stm32l0xx_hal.o(i.HAL_DBGMCU_DBG_EnableLowPowerConfig), (16 bytes).
    Removing stm32l0xx_hal.o(i.HAL_DBGMCU_DisableDBGSleepMode), (16 bytes).
    Removing stm32l0xx_hal.o(i.HAL_DBGMCU_DisableDBGStandbyMode), (16 bytes).
    Removing stm32l0xx_hal.o(i.HAL_DBGMCU_DisableDBGStopMode), (16 bytes).
    Removing stm32l0xx_hal.o(i.HAL_DBGMCU_EnableDBGSleepMode), (16 bytes).
    Removing stm32l0xx_hal.o(i.HAL_DBGMCU_EnableDBGStandbyMode), (16 bytes).
    Removing stm32l0xx_hal.o(i.HAL_DBGMCU_EnableDBGStopMode), (16 bytes).
    Removing stm32l0xx_hal.o(i.HAL_DeInit), (40 bytes).
    Removing stm32l0xx_hal.o(i.HAL_GetDEVID), (16 bytes).
    Removing stm32l0xx_hal.o(i.HAL_GetHalVersion), (8 bytes).
    Removing stm32l0xx_hal.o(i.HAL_GetREVID), (12 bytes).
    Removing stm32l0xx_hal.o(i.HAL_MspDeInit), (2 bytes).
    Removing stm32l0xx_hal.o(i.HAL_ResumeTick), (16 bytes).
    Removing stm32l0xx_hal.o(i.HAL_SYSCFG_Disable_Lock_VREFINT), (16 bytes).
    Removing stm32l0xx_hal.o(i.HAL_SYSCFG_Enable_Lock_VREFINT), (16 bytes).
    Removing stm32l0xx_hal.o(i.HAL_SYSCFG_GetBootMode), (16 bytes).
    Removing stm32l0xx_hal.o(i.HAL_SYSCFG_VREFINT_OutputSelect), (24 bytes).
    Removing stm32l0xx_hal.o(i.HAL_SuspendTick), (16 bytes).
    Removing stm32l0xx_hal_cortex.o(.rev16_text), (4 bytes).
    Removing stm32l0xx_hal_cortex.o(.revsh_text), (4 bytes).
    Removing stm32l0xx_hal_cortex.o(i.HAL_MPU_ConfigRegion), (80 bytes).
    Removing stm32l0xx_hal_cortex.o(i.HAL_NVIC_ClearPendingIRQ), (20 bytes).
    Removing stm32l0xx_hal_cortex.o(i.HAL_NVIC_DisableIRQ), (20 bytes).
    Removing stm32l0xx_hal_cortex.o(i.HAL_NVIC_EnableIRQ), (20 bytes).
    Removing stm32l0xx_hal_cortex.o(i.HAL_NVIC_GetPendingIRQ), (28 bytes).
    Removing stm32l0xx_hal_cortex.o(i.HAL_NVIC_GetPriority), (52 bytes).
    Removing stm32l0xx_hal_cortex.o(i.HAL_NVIC_SetPendingIRQ), (20 bytes).
    Removing stm32l0xx_hal_cortex.o(i.HAL_NVIC_SystemReset), (28 bytes).
    Removing stm32l0xx_hal_gpio.o(.rev16_text), (4 bytes).
    Removing stm32l0xx_hal_gpio.o(.revsh_text), (4 bytes).
    Removing stm32l0xx_hal_gpio.o(i.HAL_GPIO_DeInit), (228 bytes).
    Removing stm32l0xx_hal_gpio.o(i.HAL_GPIO_EXTI_Callback), (2 bytes).
    Removing stm32l0xx_hal_gpio.o(i.HAL_GPIO_EXTI_IRQHandler), (24 bytes).
    Removing stm32l0xx_hal_gpio.o(i.HAL_GPIO_LockPin), (36 bytes).
    Removing stm32l0xx_hal_gpio.o(i.HAL_GPIO_ReadPin), (10 bytes).
    Removing stm32l0xx_hal_gpio.o(i.HAL_GPIO_TogglePin), (8 bytes).
    Removing stm32l0xx_hal_rcc.o(.rev16_text), (4 bytes).
    Removing stm32l0xx_hal_rcc.o(.revsh_text), (4 bytes).
    Removing stm32l0xx_hal_rcc.o(i.HAL_RCC_CSSCallback), (2 bytes).
    Removing stm32l0xx_hal_rcc.o(i.HAL_RCC_DeInit), (108 bytes).
    Removing stm32l0xx_hal_rcc.o(i.HAL_RCC_EnableCSS), (20 bytes).
    Removing stm32l0xx_hal_rcc.o(i.HAL_RCC_GetClockConfig), (64 bytes).
    Removing stm32l0xx_hal_rcc.o(i.HAL_RCC_GetOscConfig), (192 bytes).
    Removing stm32l0xx_hal_rcc.o(i.HAL_RCC_GetPCLK1Freq), (32 bytes).
    Removing stm32l0xx_hal_rcc.o(i.HAL_RCC_GetPCLK2Freq), (32 bytes).
    Removing stm32l0xx_hal_rcc.o(i.HAL_RCC_MCOConfig), (96 bytes).
    Removing stm32l0xx_hal_rcc.o(i.HAL_RCC_NMI_IRQHandler), (24 bytes).
    Removing startup_stm32l053xx.o(HEAP), (512 bytes).
    Removing system_stm32l0xx.o(.rev16_text), (4 bytes).
    Removing system_stm32l0xx.o(.revsh_text), (4 bytes).
    Removing system_stm32l0xx.o(i.SystemCoreClockUpdate), (136 bytes).
    Removing system_stm32l0xx.o(.constdata), (8 bytes).
    Removing sys.o(.rev16_text), (4 bytes).
    Removing sys.o(.revsh_text), (4 bytes).
    Removing delay.o(.rev16_text), (4 bytes).
    Removing delay.o(.revsh_text), (4 bytes).

72 unused section(s) (total 2566 bytes) removed from the image.

==============================================================================

Image Symbol Table

    Local Symbols

    Symbol Name                              Value     Ov Type        Size  Object(Section)

    ../clib/microlib/division.c              0x00000000   Number         0  uidiv.o ABSOLUTE
    ../clib/microlib/init/entry.s            0x00000000   Number         0  entry8b.o ABSOLUTE
    ../clib/microlib/init/entry.s            0x00000000   Number         0  entry8a.o ABSOLUTE
    ../clib/microlib/init/entry.s            0x00000000   Number         0  entry7b.o ABSOLUTE
    ../clib/microlib/init/entry.s            0x00000000   Number         0  entry7a.o ABSOLUTE
    ../clib/microlib/init/entry.s            0x00000000   Number         0  entry5.o ABSOLUTE
    ../clib/microlib/init/entry.s            0x00000000   Number         0  entry11b.o ABSOLUTE
    ../clib/microlib/init/entry.s            0x00000000   Number         0  entry11a.o ABSOLUTE
    ../clib/microlib/init/entry.s            0x00000000   Number         0  entry10b.o ABSOLUTE
    ../clib/microlib/init/entry.s            0x00000000   Number         0  entry10a.o ABSOLUTE
    ../clib/microlib/init/entry.s            0x00000000   Number         0  entry2.o ABSOLUTE
    ../clib/microlib/init/entry.s            0x00000000   Number         0  entry9b.o ABSOLUTE
    ../clib/microlib/init/entry.s            0x00000000   Number         0  entry9a.o ABSOLUTE
    ../clib/microlib/init/entry.s            0x00000000   Number         0  entry.o ABSOLUTE
    ../clib/microlib/longlong.c              0x00000000   Number         0  llsshr.o ABSOLUTE
    ../clib/microlib/longlong.c              0x00000000   Number         0  llshl.o ABSOLUTE
    ../clib/microlib/longlong.c              0x00000000   Number         0  llushr.o ABSOLUTE
    ../clib/microlib/string/memset.c         0x00000000   Number         0  memseta.o ABSOLUTE
    ../clib/microlib/stubs.s                 0x00000000   Number         0  iusefp.o ABSOLUTE
    ../fplib/microlib/d2f.c                  0x00000000   Number         0  d2f.o ABSOLUTE
    ../fplib/microlib/f2d.c                  0x00000000   Number         0  f2d.o ABSOLUTE
    ../fplib/microlib/fpadd.c                0x00000000   Number         0  dadd.o ABSOLUTE
    ../fplib/microlib/fpepilogue.c           0x00000000   Number         0  depilogue.o ABSOLUTE
    ../fplib/microlib/fpepilogue.c           0x00000000   Number         0  fepilogue.o ABSOLUTE
    ../fplib/microlib/fpfix.c                0x00000000   Number         0  ffixui.o ABSOLUTE
    ../fplib/microlib/fpmul.c                0x00000000   Number         0  fmul.o ABSOLUTE
    ..\CORE\startup_stm32l053xx.s            0x00000000   Number         0  startup_stm32l053xx.o ABSOLUTE
    ..\CORE\system_stm32l0xx.c               0x00000000   Number         0  system_stm32l0xx.o ABSOLUTE
    ..\HARDWARE\LCD\lcd.c                    0x00000000   Number         0  lcd.o ABSOLUTE
    ..\HARDWARE\LCD\lcd_init.c               0x00000000   Number         0  lcd_init.o ABSOLUTE
    ..\HARDWARE\LED\led.c                    0x00000000   Number         0  led.o ABSOLUTE
    ..\STM32L0xx_HAL_Driver\Src\stm32l0xx_hal.c 0x00000000   Number         0  stm32l0xx_hal.o ABSOLUTE
    ..\STM32L0xx_HAL_Driver\Src\stm32l0xx_hal_cortex.c 0x00000000   Number         0  stm32l0xx_hal_cortex.o ABSOLUTE
    ..\STM32L0xx_HAL_Driver\Src\stm32l0xx_hal_gpio.c 0x00000000   Number         0  stm32l0xx_hal_gpio.o ABSOLUTE
    ..\STM32L0xx_HAL_Driver\Src\stm32l0xx_hal_rcc.c 0x00000000   Number         0  stm32l0xx_hal_rcc.o ABSOLUTE
    ..\SYSTEM\delay\delay.c                  0x00000000   Number         0  delay.o ABSOLUTE
    ..\SYSTEM\sys\sys.c                      0x00000000   Number         0  sys.o ABSOLUTE
    ..\\CORE\\system_stm32l0xx.c             0x00000000   Number         0  system_stm32l0xx.o ABSOLUTE
    ..\\HARDWARE\\LCD\\lcd.c                 0x00000000   Number         0  lcd.o ABSOLUTE
    ..\\HARDWARE\\LCD\\lcd_init.c            0x00000000   Number         0  lcd_init.o ABSOLUTE
    ..\\HARDWARE\\LED\\led.c                 0x00000000   Number         0  led.o ABSOLUTE
    ..\\STM32L0xx_HAL_Driver\\Src\\stm32l0xx_hal.c 0x00000000   Number         0  stm32l0xx_hal.o ABSOLUTE
    ..\\STM32L0xx_HAL_Driver\\Src\\stm32l0xx_hal_cortex.c 0x00000000   Number         0  stm32l0xx_hal_cortex.o ABSOLUTE
    ..\\STM32L0xx_HAL_Driver\\Src\\stm32l0xx_hal_gpio.c 0x00000000   Number         0  stm32l0xx_hal_gpio.o ABSOLUTE
    ..\\STM32L0xx_HAL_Driver\\Src\\stm32l0xx_hal_rcc.c 0x00000000   Number         0  stm32l0xx_hal_rcc.o ABSOLUTE
    ..\\SYSTEM\\delay\\delay.c               0x00000000   Number         0  delay.o ABSOLUTE
    ..\\SYSTEM\\sys\\sys.c                   0x00000000   Number         0  sys.o ABSOLUTE
    dc.s                                     0x00000000   Number         0  dc.o ABSOLUTE
    handlers.s                               0x00000000   Number         0  handlers.o ABSOLUTE
    init.s                                   0x00000000   Number         0  init.o ABSOLUTE
    main.c                                   0x00000000   Number         0  main.o ABSOLUTE
    main.c                                   0x00000000   Number         0  main.o ABSOLUTE
    stm32l0xx_it.c                           0x00000000   Number         0  stm32l0xx_it.o ABSOLUTE
    stm32l0xx_it.c                           0x00000000   Number         0  stm32l0xx_it.o ABSOLUTE
    RESET                                    0x08000000   Section      192  startup_stm32l053xx.o(RESET)
    .ARM.Collect$$$$00000000                 0x080000c0   Section        0  entry.o(.ARM.Collect$$$$00000000)
    .ARM.Collect$$$$00000001                 0x080000c0   Section        4  entry2.o(.ARM.Collect$$$$00000001)
    .ARM.Collect$$$$00000004                 0x080000c4   Section        4  entry5.o(.ARM.Collect$$$$00000004)
    .ARM.Collect$$$$00000008                 0x080000c8   Section        0  entry7b.o(.ARM.Collect$$$$00000008)
    .ARM.Collect$$$$0000000A                 0x080000c8   Section        0  entry8b.o(.ARM.Collect$$$$0000000A)
    .ARM.Collect$$$$0000000B                 0x080000c8   Section        8  entry9a.o(.ARM.Collect$$$$0000000B)
    .ARM.Collect$$$$0000000D                 0x080000d0   Section        0  entry10a.o(.ARM.Collect$$$$0000000D)
    .ARM.Collect$$$$0000000F                 0x080000d0   Section        0  entry11a.o(.ARM.Collect$$$$0000000F)
    .ARM.Collect$$$$00002712                 0x080000d0   Section        4  entry2.o(.ARM.Collect$$$$00002712)
    __lit__00000000                          0x080000d0   Data           4  entry2.o(.ARM.Collect$$$$00002712)
    .text                                    0x080000d4   Section       28  startup_stm32l053xx.o(.text)
    .text                                    0x080000f0   Section        0  uidiv.o(.text)
    .text                                    0x0800011c   Section        0  fmul.o(.text)
    .text                                    0x08000198   Section        0  dadd.o(.text)
    .text                                    0x080002fc   Section        0  ffixui.o(.text)
    .text                                    0x08000324   Section        0  f2d.o(.text)
    .text                                    0x0800034c   Section        0  d2f.o(.text)
    .text                                    0x08000384   Section        0  llshl.o(.text)
    .text                                    0x080003a4   Section        0  llsshr.o(.text)
    .text                                    0x080003ca   Section        0  iusefp.o(.text)
    .text                                    0x080003ca   Section        0  fepilogue.o(.text)
    .text                                    0x0800044c   Section        0  depilogue.o(.text)
    .text                                    0x0800050c   Section       36  init.o(.text)
    .text                                    0x08000530   Section        0  llushr.o(.text)
    i.HAL_Delay                              0x08000552   Section        0  stm32l0xx_hal.o(i.HAL_Delay)
    i.HAL_GPIO_Init                          0x08000568   Section        0  stm32l0xx_hal_gpio.o(i.HAL_GPIO_Init)
    i.HAL_GPIO_WritePin                      0x080006e0   Section        0  stm32l0xx_hal_gpio.o(i.HAL_GPIO_WritePin)
    i.HAL_GetTick                            0x080006ec   Section        0  stm32l0xx_hal.o(i.HAL_GetTick)
    i.HAL_IncTick                            0x080006f8   Section        0  stm32l0xx_hal.o(i.HAL_IncTick)
    i.HAL_Init                               0x08000708   Section        0  stm32l0xx_hal.o(i.HAL_Init)
    i.HAL_InitTick                           0x08000728   Section        0  stm32l0xx_hal.o(i.HAL_InitTick)
    i.HAL_MspInit                            0x08000750   Section        0  stm32l0xx_hal.o(i.HAL_MspInit)
    i.HAL_NVIC_SetPriority                   0x08000752   Section        0  stm32l0xx_hal_cortex.o(i.HAL_NVIC_SetPriority)
    i.HAL_RCC_ClockConfig                    0x0800075c   Section        0  stm32l0xx_hal_rcc.o(i.HAL_RCC_ClockConfig)
    i.HAL_RCC_GetHCLKFreq                    0x080008c4   Section        0  stm32l0xx_hal_rcc.o(i.HAL_RCC_GetHCLKFreq)
    i.HAL_RCC_GetSysClockFreq                0x080008d0   Section        0  stm32l0xx_hal_rcc.o(i.HAL_RCC_GetSysClockFreq)
    i.HAL_RCC_OscConfig                      0x08000948   Section        0  stm32l0xx_hal_rcc.o(i.HAL_RCC_OscConfig)
    i.HAL_SYSTICK_CLKSourceConfig            0x08000d9c   Section        0  stm32l0xx_hal_cortex.o(i.HAL_SYSTICK_CLKSourceConfig)
    i.HAL_SYSTICK_Callback                   0x08000db4   Section        0  stm32l0xx_hal_cortex.o(i.HAL_SYSTICK_Callback)
    i.HAL_SYSTICK_Config                     0x08000db8   Section        0  stm32l0xx_hal_cortex.o(i.HAL_SYSTICK_Config)
    i.HAL_SYSTICK_IRQHandler                 0x08000de8   Section        0  stm32l0xx_hal_cortex.o(i.HAL_SYSTICK_IRQHandler)
    i.HardFault_Handler                      0x08000df0   Section        0  stm32l0xx_it.o(i.HardFault_Handler)
    i.LCD_Address_Set                        0x08000df2   Section        0  lcd_init.o(i.LCD_Address_Set)
    i.LCD_DrawPoint                          0x08000e2c   Section        0  lcd.o(i.LCD_DrawPoint)
    i.LCD_Fill                               0x08000e40   Section        0  lcd.o(i.LCD_Fill)
    i.LCD_GPIO_Init                          0x08000e70   Section        0  lcd_init.o(i.LCD_GPIO_Init)
    i.LCD_Init                               0x08000eb0   Section        0  lcd_init.o(i.LCD_Init)
    i.LCD_ShowChar                           0x0800106c   Section        0  lcd.o(i.LCD_ShowChar)
    i.LCD_ShowChinese                        0x08001164   Section        0  lcd.o(i.LCD_ShowChinese)
    i.LCD_ShowChinese12x12                   0x080011e0   Section        0  lcd.o(i.LCD_ShowChinese12x12)
    i.LCD_ShowChinese16x16                   0x080012c4   Section        0  lcd.o(i.LCD_ShowChinese16x16)
    i.LCD_ShowChinese24x24                   0x080013a8   Section        0  lcd.o(i.LCD_ShowChinese24x24)
    i.LCD_ShowChinese32x32                   0x0800148c   Section        0  lcd.o(i.LCD_ShowChinese32x32)
    i.LCD_ShowFloatNum1                      0x08001570   Section        0  lcd.o(i.LCD_ShowFloatNum1)
    i.LCD_ShowIntNum                         0x08001600   Section        0  lcd.o(i.LCD_ShowIntNum)
    i.LCD_ShowPicture                        0x0800167e   Section        0  lcd.o(i.LCD_ShowPicture)
    i.LCD_ShowString                         0x080016c8   Section        0  lcd.o(i.LCD_ShowString)
    i.LCD_WR_DATA                            0x080016f8   Section        0  lcd_init.o(i.LCD_WR_DATA)
    i.LCD_WR_DATA8                           0x0800170c   Section        0  lcd_init.o(i.LCD_WR_DATA8)
    i.LCD_WR_REG                             0x08001714   Section        0  lcd_init.o(i.LCD_WR_REG)
    i.LCD_Writ_Bus                           0x08001738   Section        0  lcd_init.o(i.LCD_Writ_Bus)
    i.LED_Init                               0x0800178c   Section        0  led.o(i.LED_Init)
    i.NMI_Handler                            0x080017cc   Section        0  stm32l0xx_it.o(i.NMI_Handler)
    i.NVIC_SetPriority                       0x080017d0   Section        0  stm32l0xx_hal_cortex.o(i.NVIC_SetPriority)
    NVIC_SetPriority                         0x080017d1   Thumb Code    60  stm32l0xx_hal_cortex.o(i.NVIC_SetPriority)
    i.PendSV_Handler                         0x08001814   Section        0  stm32l0xx_it.o(i.PendSV_Handler)
    i.RCC_SetFlashLatencyFromMSIRange        0x08001818   Section        0  stm32l0xx_hal_rcc.o(i.RCC_SetFlashLatencyFromMSIRange)
    RCC_SetFlashLatencyFromMSIRange          0x08001819   Thumb Code    94  stm32l0xx_hal_rcc.o(i.RCC_SetFlashLatencyFromMSIRange)
    i.SVC_Handler                            0x08001888   Section        0  stm32l0xx_it.o(i.SVC_Handler)
    i.SysTick_Handler                        0x0800188a   Section        0  stm32l0xx_it.o(i.SysTick_Handler)
    i.SystemClock_Config                     0x08001898   Section        0  sys.o(i.SystemClock_Config)
    i.SystemInit                             0x0800190c   Section        0  system_stm32l0xx.o(i.SystemInit)
    i.__ARM_clz                              0x08001960   Section        0  depilogue.o(i.__ARM_clz)
    i.__scatterload_copy                     0x0800198e   Section       14  handlers.o(i.__scatterload_copy)
    i.__scatterload_null                     0x0800199c   Section        2  handlers.o(i.__scatterload_null)
    i.__scatterload_zeroinit                 0x0800199e   Section       14  handlers.o(i.__scatterload_zeroinit)
    i.delay_ms                               0x080019ac   Section        0  delay.o(i.delay_ms)
    i.main                                   0x080019b4   Section        0  main.o(i.main)
    i.mypow                                  0x08001b08   Section        0  lcd.o(i.mypow)
    .constdata                               0x08001b1c   Section     3200  main.o(.constdata)
    .constdata                               0x0800279c   Section    14620  lcd.o(.constdata)
    .constdata                               0x080060b8   Section       25  system_stm32l0xx.o(.constdata)
    .data                                    0x20000000   Section        4  stm32l0xx_hal.o(.data)
    .data                                    0x20000004   Section        4  system_stm32l0xx.o(.data)
    STACK                                    0x20000008   Section     1024  startup_stm32l053xx.o(STACK)

    Global Symbols

    Symbol Name                              Value     Ov Type        Size  Object(Section)

    BuildAttributes$$THM_ISAv3M$S$PE$A:L22$X:L11$S22$IEEE1$IW$USESV6$~STKCKD$USESV7$~SHL$OTIME$ROPI$EBA8$MICROLIB$REQ8$PRES8$EABIv2 0x00000000   Number         0  anon$$obj.o ABSOLUTE
    __ARM_use_no_argv                        0x00000000   Number         0  main.o ABSOLUTE
    __cpp_initialize__aeabi_                  - Undefined Weak Reference
    __cxa_finalize                            - Undefined Weak Reference
    __decompress                              - Undefined Weak Reference
    _clock_init                               - Undefined Weak Reference
    _microlib_exit                            - Undefined Weak Reference
    __Vectors_Size                           0x000000c0   Number         0  startup_stm32l053xx.o ABSOLUTE
    __Vectors                                0x08000000   Data           4  startup_stm32l053xx.o(RESET)
    __Vectors_End                            0x080000c0   Data           0  startup_stm32l053xx.o(RESET)
    __main                                   0x080000c1   Thumb Code     0  entry.o(.ARM.Collect$$$$00000000)
    _main_stk                                0x080000c1   Thumb Code     0  entry2.o(.ARM.Collect$$$$00000001)
    _main_scatterload                        0x080000c5   Thumb Code     0  entry5.o(.ARM.Collect$$$$00000004)
    __main_after_scatterload                 0x080000c9   Thumb Code     0  entry5.o(.ARM.Collect$$$$00000004)
    _main_clock                              0x080000c9   Thumb Code     0  entry7b.o(.ARM.Collect$$$$00000008)
    _main_cpp_init                           0x080000c9   Thumb Code     0  entry8b.o(.ARM.Collect$$$$0000000A)
    _main_init                               0x080000c9   Thumb Code     0  entry9a.o(.ARM.Collect$$$$0000000B)
    __rt_final_cpp                           0x080000d1   Thumb Code     0  entry10a.o(.ARM.Collect$$$$0000000D)
    __rt_final_exit                          0x080000d1   Thumb Code     0  entry11a.o(.ARM.Collect$$$$0000000F)
    Reset_Handler                            0x080000d5   Thumb Code     8  startup_stm32l053xx.o(.text)
    ADC1_COMP_IRQHandler                     0x080000e7   Thumb Code     0  startup_stm32l053xx.o(.text)
    DMA1_Channel1_IRQHandler                 0x080000e7   Thumb Code     0  startup_stm32l053xx.o(.text)
    DMA1_Channel2_3_IRQHandler               0x080000e7   Thumb Code     0  startup_stm32l053xx.o(.text)
    DMA1_Channel4_5_6_7_IRQHandler           0x080000e7   Thumb Code     0  startup_stm32l053xx.o(.text)
    EXTI0_1_IRQHandler                       0x080000e7   Thumb Code     0  startup_stm32l053xx.o(.text)
    EXTI2_3_IRQHandler                       0x080000e7   Thumb Code     0  startup_stm32l053xx.o(.text)
    EXTI4_15_IRQHandler                      0x080000e7   Thumb Code     0  startup_stm32l053xx.o(.text)
    FLASH_IRQHandler                         0x080000e7   Thumb Code     0  startup_stm32l053xx.o(.text)
    I2C1_IRQHandler                          0x080000e7   Thumb Code     0  startup_stm32l053xx.o(.text)
    I2C2_IRQHandler                          0x080000e7   Thumb Code     0  startup_stm32l053xx.o(.text)
    LCD_IRQHandler                           0x080000e7   Thumb Code     0  startup_stm32l053xx.o(.text)
    LPTIM1_IRQHandler                        0x080000e7   Thumb Code     0  startup_stm32l053xx.o(.text)
    PVD_IRQHandler                           0x080000e7   Thumb Code     0  startup_stm32l053xx.o(.text)
    RCC_CRS_IRQHandler                       0x080000e7   Thumb Code     0  startup_stm32l053xx.o(.text)
    RNG_LPUART1_IRQHandler                   0x080000e7   Thumb Code     0  startup_stm32l053xx.o(.text)
    RTC_IRQHandler                           0x080000e7   Thumb Code     0  startup_stm32l053xx.o(.text)
    SPI1_IRQHandler                          0x080000e7   Thumb Code     0  startup_stm32l053xx.o(.text)
    SPI2_IRQHandler                          0x080000e7   Thumb Code     0  startup_stm32l053xx.o(.text)
    TIM21_IRQHandler                         0x080000e7   Thumb Code     0  startup_stm32l053xx.o(.text)
    TIM22_IRQHandler                         0x080000e7   Thumb Code     0  startup_stm32l053xx.o(.text)
    TIM2_IRQHandler                          0x080000e7   Thumb Code     0  startup_stm32l053xx.o(.text)
    TIM6_DAC_IRQHandler                      0x080000e7   Thumb Code     0  startup_stm32l053xx.o(.text)
    TSC_IRQHandler                           0x080000e7   Thumb Code     0  startup_stm32l053xx.o(.text)
    USART1_IRQHandler                        0x080000e7   Thumb Code     0  startup_stm32l053xx.o(.text)
    USART2_IRQHandler                        0x080000e7   Thumb Code     0  startup_stm32l053xx.o(.text)
    USB_IRQHandler                           0x080000e7   Thumb Code     0  startup_stm32l053xx.o(.text)
    WWDG_IRQHandler                          0x080000e7   Thumb Code     0  startup_stm32l053xx.o(.text)
    __aeabi_uidiv                            0x080000f1   Thumb Code     0  uidiv.o(.text)
    __aeabi_uidivmod                         0x080000f1   Thumb Code    44  uidiv.o(.text)
    __aeabi_fmul                             0x0800011d   Thumb Code   122  fmul.o(.text)
    __aeabi_dadd                             0x08000199   Thumb Code   328  dadd.o(.text)
    __aeabi_dsub                             0x080002e1   Thumb Code    12  dadd.o(.text)
    __aeabi_drsub                            0x080002ed   Thumb Code    12  dadd.o(.text)
    __aeabi_f2uiz                            0x080002fd   Thumb Code    40  ffixui.o(.text)
    __aeabi_f2d                              0x08000325   Thumb Code    40  f2d.o(.text)
    __aeabi_d2f                              0x0800034d   Thumb Code    56  d2f.o(.text)
    __aeabi_llsl                             0x08000385   Thumb Code    32  llshl.o(.text)
    _ll_shift_l                              0x08000385   Thumb Code     0  llshl.o(.text)
    __aeabi_lasr                             0x080003a5   Thumb Code    38  llsshr.o(.text)
    _ll_sshift_r                             0x080003a5   Thumb Code     0  llsshr.o(.text)
    __I$use$fp                               0x080003cb   Thumb Code     0  iusefp.o(.text)
    _float_round                             0x080003cb   Thumb Code    16  fepilogue.o(.text)
    _float_epilogue                          0x080003db   Thumb Code   114  fepilogue.o(.text)
    _double_round                            0x0800044d   Thumb Code    26  depilogue.o(.text)
    _double_epilogue                         0x08000467   Thumb Code   164  depilogue.o(.text)
    __scatterload                            0x0800050d   Thumb Code    28  init.o(.text)
    __scatterload_rt2                        0x0800050d   Thumb Code     0  init.o(.text)
    __aeabi_llsr                             0x08000531   Thumb Code    34  llushr.o(.text)
    _ll_ushift_r                             0x08000531   Thumb Code     0  llushr.o(.text)
    HAL_Delay                                0x08000553   Thumb Code    22  stm32l0xx_hal.o(i.HAL_Delay)
    HAL_GPIO_Init                            0x08000569   Thumb Code   346  stm32l0xx_hal_gpio.o(i.HAL_GPIO_Init)
    HAL_GPIO_WritePin                        0x080006e1   Thumb Code    12  stm32l0xx_hal_gpio.o(i.HAL_GPIO_WritePin)
    HAL_GetTick                              0x080006ed   Thumb Code     6  stm32l0xx_hal.o(i.HAL_GetTick)
    HAL_IncTick                              0x080006f9   Thumb Code    10  stm32l0xx_hal.o(i.HAL_IncTick)
    HAL_Init                                 0x08000709   Thumb Code    26  stm32l0xx_hal.o(i.HAL_Init)
    HAL_InitTick                             0x08000729   Thumb Code    34  stm32l0xx_hal.o(i.HAL_InitTick)
    HAL_MspInit                              0x08000751   Thumb Code     2  stm32l0xx_hal.o(i.HAL_MspInit)
    HAL_NVIC_SetPriority                     0x08000753   Thumb Code     8  stm32l0xx_hal_cortex.o(i.HAL_NVIC_SetPriority)
    HAL_RCC_ClockConfig                      0x0800075d   Thumb Code   340  stm32l0xx_hal_rcc.o(i.HAL_RCC_ClockConfig)
    HAL_RCC_GetHCLKFreq                      0x080008c5   Thumb Code     6  stm32l0xx_hal_rcc.o(i.HAL_RCC_GetHCLKFreq)
    HAL_RCC_GetSysClockFreq                  0x080008d1   Thumb Code   100  stm32l0xx_hal_rcc.o(i.HAL_RCC_GetSysClockFreq)
    HAL_RCC_OscConfig                        0x08000949   Thumb Code  1106  stm32l0xx_hal_rcc.o(i.HAL_RCC_OscConfig)
    HAL_SYSTICK_CLKSourceConfig              0x08000d9d   Thumb Code    20  stm32l0xx_hal_cortex.o(i.HAL_SYSTICK_CLKSourceConfig)
    HAL_SYSTICK_Callback                     0x08000db5   Thumb Code     2  stm32l0xx_hal_cortex.o(i.HAL_SYSTICK_Callback)
    HAL_SYSTICK_Config                       0x08000db9   Thumb Code    38  stm32l0xx_hal_cortex.o(i.HAL_SYSTICK_Config)
    HAL_SYSTICK_IRQHandler                   0x08000de9   Thumb Code     8  stm32l0xx_hal_cortex.o(i.HAL_SYSTICK_IRQHandler)
    HardFault_Handler                        0x08000df1   Thumb Code     2  stm32l0xx_it.o(i.HardFault_Handler)
    LCD_Address_Set                          0x08000df3   Thumb Code    58  lcd_init.o(i.LCD_Address_Set)
    LCD_DrawPoint                            0x08000e2d   Thumb Code    20  lcd.o(i.LCD_DrawPoint)
    LCD_Fill                                 0x08000e41   Thumb Code    48  lcd.o(i.LCD_Fill)
    LCD_GPIO_Init                            0x08000e71   Thumb Code    58  lcd_init.o(i.LCD_GPIO_Init)
    LCD_Init                                 0x08000eb1   Thumb Code   444  lcd_init.o(i.LCD_Init)
    LCD_ShowChar                             0x0800106d   Thumb Code   230  lcd.o(i.LCD_ShowChar)
    LCD_ShowChinese                          0x08001165   Thumb Code   122  lcd.o(i.LCD_ShowChinese)
    LCD_ShowChinese12x12                     0x080011e1   Thumb Code   224  lcd.o(i.LCD_ShowChinese12x12)
    LCD_ShowChinese16x16                     0x080012c5   Thumb Code   224  lcd.o(i.LCD_ShowChinese16x16)
    LCD_ShowChinese24x24                     0x080013a9   Thumb Code   224  lcd.o(i.LCD_ShowChinese24x24)
    LCD_ShowChinese32x32                     0x0800148d   Thumb Code   224  lcd.o(i.LCD_ShowChinese32x32)
    LCD_ShowFloatNum1                        0x08001571   Thumb Code   140  lcd.o(i.LCD_ShowFloatNum1)
    LCD_ShowIntNum                           0x08001601   Thumb Code   126  lcd.o(i.LCD_ShowIntNum)
    LCD_ShowPicture                          0x0800167f   Thumb Code    74  lcd.o(i.LCD_ShowPicture)
    LCD_ShowString                           0x080016c9   Thumb Code    48  lcd.o(i.LCD_ShowString)
    LCD_WR_DATA                              0x080016f9   Thumb Code    20  lcd_init.o(i.LCD_WR_DATA)
    LCD_WR_DATA8                             0x0800170d   Thumb Code     8  lcd_init.o(i.LCD_WR_DATA8)
    LCD_WR_REG                               0x08001715   Thumb Code    36  lcd_init.o(i.LCD_WR_REG)
    LCD_Writ_Bus                             0x08001739   Thumb Code    82  lcd_init.o(i.LCD_Writ_Bus)
    LED_Init                                 0x0800178d   Thumb Code    58  led.o(i.LED_Init)
    NMI_Handler                              0x080017cd   Thumb Code     2  stm32l0xx_it.o(i.NMI_Handler)
    PendSV_Handler                           0x08001815   Thumb Code     2  stm32l0xx_it.o(i.PendSV_Handler)
    SVC_Handler                              0x08001889   Thumb Code     2  stm32l0xx_it.o(i.SVC_Handler)
    SysTick_Handler                          0x0800188b   Thumb Code    12  stm32l0xx_it.o(i.SysTick_Handler)
    SystemClock_Config                       0x08001899   Thumb Code   110  sys.o(i.SystemClock_Config)
    SystemInit                               0x0800190d   Thumb Code    66  system_stm32l0xx.o(i.SystemInit)
    __ARM_clz                                0x08001961   Thumb Code    46  depilogue.o(i.__ARM_clz)
    __scatterload_copy                       0x0800198f   Thumb Code    14  handlers.o(i.__scatterload_copy)
    __scatterload_null                       0x0800199d   Thumb Code     2  handlers.o(i.__scatterload_null)
    __scatterload_zeroinit                   0x0800199f   Thumb Code    14  handlers.o(i.__scatterload_zeroinit)
    delay_ms                                 0x080019ad   Thumb Code     8  delay.o(i.delay_ms)
    main                                     0x080019b5   Thumb Code   296  main.o(i.main)
    mypow                                    0x08001b09   Thumb Code    20  lcd.o(i.mypow)
    gImage_1                                 0x08001b1c   Data        3200  main.o(.constdata)
    ascii_1206                               0x0800279c   Data        1140  lcd.o(.constdata)
    ascii_1608                               0x08002c10   Data        1520  lcd.o(.constdata)
    ascii_2412                               0x08003200   Data        4560  lcd.o(.constdata)
    ascii_3216                               0x080043d0   Data        6080  lcd.o(.constdata)
    tfont12                                  0x08005b90   Data         130  lcd.o(.constdata)
    tfont16                                  0x08005c12   Data         170  lcd.o(.constdata)
    tfont24                                  0x08005cbc   Data         370  lcd.o(.constdata)
    tfont32                                  0x08005e2e   Data         650  lcd.o(.constdata)
    AHBPrescTable                            0x080060b8   Data          16  system_stm32l0xx.o(.constdata)
    PLLMulTable                              0x080060c8   Data           9  system_stm32l0xx.o(.constdata)
    Region$$Table$$Base                      0x080060d4   Number         0  anon$$obj.o(Region$$Table)
    Region$$Table$$Limit                     0x080060f4   Number         0  anon$$obj.o(Region$$Table)
    uwTick                                   0x20000000   Data           4  stm32l0xx_hal.o(.data)
    SystemCoreClock                          0x20000004   Data           4  system_stm32l0xx.o(.data)
    __initial_sp                             0x20000408   Data           0  startup_stm32l053xx.o(STACK)



==============================================================================

Memory Map of the image

  Image Entry point : 0x080000c1

  Load Region LR_IROM1 (Base: 0x08000000, Size: 0x000060fc, Max: 0x00010000, ABSOLUTE)

    Execution Region ER_IROM1 (Exec base: 0x08000000, Load base: 0x08000000, Size: 0x000060f4, Max: 0x00010000, ABSOLUTE)

    Exec Addr    Load Addr    Size         Type   Attr      Idx    E Section Name        Object

    0x08000000   0x08000000   0x000000c0   Data   RO          827    RESET               startup_stm32l053xx.o
    0x080000c0   0x080000c0   0x00000000   Code   RO          918  * .ARM.Collect$$$$00000000  mc_p.l(entry.o)
    0x080000c0   0x080000c0   0x00000004   Code   RO          935    .ARM.Collect$$$$00000001  mc_p.l(entry2.o)
    0x080000c4   0x080000c4   0x00000004   Code   RO          938    .ARM.Collect$$$$00000004  mc_p.l(entry5.o)
    0x080000c8   0x080000c8   0x00000000   Code   RO          940    .ARM.Collect$$$$00000008  mc_p.l(entry7b.o)
    0x080000c8   0x080000c8   0x00000000   Code   RO          942    .ARM.Collect$$$$0000000A  mc_p.l(entry8b.o)
    0x080000c8   0x080000c8   0x00000008   Code   RO          943    .ARM.Collect$$$$0000000B  mc_p.l(entry9a.o)
    0x080000d0   0x080000d0   0x00000000   Code   RO          945    .ARM.Collect$$$$0000000D  mc_p.l(entry10a.o)
    0x080000d0   0x080000d0   0x00000000   Code   RO          947    .ARM.Collect$$$$0000000F  mc_p.l(entry11a.o)
    0x080000d0   0x080000d0   0x00000004   Code   RO          936    .ARM.Collect$$$$00002712  mc_p.l(entry2.o)
    0x080000d4   0x080000d4   0x0000001c   Code   RO          828    .text               startup_stm32l053xx.o
    0x080000f0   0x080000f0   0x0000002c   Code   RO          921    .text               mc_p.l(uidiv.o)
    0x0800011c   0x0800011c   0x0000007a   Code   RO          925    .text               mf_p.l(fmul.o)
    0x08000196   0x08000196   0x00000002   PAD
    0x08000198   0x08000198   0x00000164   Code   RO          927    .text               mf_p.l(dadd.o)
    0x080002fc   0x080002fc   0x00000028   Code   RO          929    .text               mf_p.l(ffixui.o)
    0x08000324   0x08000324   0x00000028   Code   RO          931    .text               mf_p.l(f2d.o)
    0x0800034c   0x0800034c   0x00000038   Code   RO          933    .text               mf_p.l(d2f.o)
    0x08000384   0x08000384   0x00000020   Code   RO          949    .text               mc_p.l(llshl.o)
    0x080003a4   0x080003a4   0x00000026   Code   RO          951    .text               mc_p.l(llsshr.o)
    0x080003ca   0x080003ca   0x00000000   Code   RO          953    .text               mc_p.l(iusefp.o)
    0x080003ca   0x080003ca   0x00000082   Code   RO          954    .text               mf_p.l(fepilogue.o)
    0x0800044c   0x0800044c   0x000000be   Code   RO          956    .text               mf_p.l(depilogue.o)
    0x0800050a   0x0800050a   0x00000002   PAD
    0x0800050c   0x0800050c   0x00000024   Code   RO          960    .text               mc_p.l(init.o)
    0x08000530   0x08000530   0x00000022   Code   RO          962    .text               mc_p.l(llushr.o)
    0x08000552   0x08000552   0x00000016   Code   RO          394    i.HAL_Delay         stm32l0xx_hal.o
    0x08000568   0x08000568   0x00000178   Code   RO          663    i.HAL_GPIO_Init     stm32l0xx_hal_gpio.o
    0x080006e0   0x080006e0   0x0000000c   Code   RO          667    i.HAL_GPIO_WritePin  stm32l0xx_hal_gpio.o
    0x080006ec   0x080006ec   0x0000000c   Code   RO          398    i.HAL_GetTick       stm32l0xx_hal.o
    0x080006f8   0x080006f8   0x00000010   Code   RO          399    i.HAL_IncTick       stm32l0xx_hal.o
    0x08000708   0x08000708   0x00000020   Code   RO          400    i.HAL_Init          stm32l0xx_hal.o
    0x08000728   0x08000728   0x00000028   Code   RO          401    i.HAL_InitTick      stm32l0xx_hal.o
    0x08000750   0x08000750   0x00000002   Code   RO          403    i.HAL_MspInit       stm32l0xx_hal.o
    0x08000752   0x08000752   0x00000008   Code   RO          563    i.HAL_NVIC_SetPriority  stm32l0xx_hal_cortex.o
    0x0800075a   0x0800075a   0x00000002   PAD
    0x0800075c   0x0800075c   0x00000168   Code   RO          727    i.HAL_RCC_ClockConfig  stm32l0xx_hal_rcc.o
    0x080008c4   0x080008c4   0x0000000c   Code   RO          731    i.HAL_RCC_GetHCLKFreq  stm32l0xx_hal_rcc.o
    0x080008d0   0x080008d0   0x00000078   Code   RO          735    i.HAL_RCC_GetSysClockFreq  stm32l0xx_hal_rcc.o
    0x08000948   0x08000948   0x00000452   Code   RO          738    i.HAL_RCC_OscConfig  stm32l0xx_hal_rcc.o
    0x08000d9a   0x08000d9a   0x00000002   PAD
    0x08000d9c   0x08000d9c   0x00000018   Code   RO          565    i.HAL_SYSTICK_CLKSourceConfig  stm32l0xx_hal_cortex.o
    0x08000db4   0x08000db4   0x00000002   Code   RO          566    i.HAL_SYSTICK_Callback  stm32l0xx_hal_cortex.o
    0x08000db6   0x08000db6   0x00000002   PAD
    0x08000db8   0x08000db8   0x00000030   Code   RO          567    i.HAL_SYSTICK_Config  stm32l0xx_hal_cortex.o
    0x08000de8   0x08000de8   0x00000008   Code   RO          568    i.HAL_SYSTICK_IRQHandler  stm32l0xx_hal_cortex.o
    0x08000df0   0x08000df0   0x00000002   Code   RO          130    i.HardFault_Handler  stm32l0xx_it.o
    0x08000df2   0x08000df2   0x0000003a   Code   RO          208    i.LCD_Address_Set   lcd_init.o
    0x08000e2c   0x08000e2c   0x00000014   Code   RO          268    i.LCD_DrawPoint     lcd.o
    0x08000e40   0x08000e40   0x00000030   Code   RO          270    i.LCD_Fill          lcd.o
    0x08000e70   0x08000e70   0x00000040   Code   RO          209    i.LCD_GPIO_Init     lcd_init.o
    0x08000eb0   0x08000eb0   0x000001bc   Code   RO          210    i.LCD_Init          lcd_init.o
    0x0800106c   0x0800106c   0x000000f8   Code   RO          271    i.LCD_ShowChar      lcd.o
    0x08001164   0x08001164   0x0000007a   Code   RO          272    i.LCD_ShowChinese   lcd.o
    0x080011de   0x080011de   0x00000002   PAD
    0x080011e0   0x080011e0   0x000000e4   Code   RO          273    i.LCD_ShowChinese12x12  lcd.o
    0x080012c4   0x080012c4   0x000000e4   Code   RO          274    i.LCD_ShowChinese16x16  lcd.o
    0x080013a8   0x080013a8   0x000000e4   Code   RO          275    i.LCD_ShowChinese24x24  lcd.o
    0x0800148c   0x0800148c   0x000000e4   Code   RO          276    i.LCD_ShowChinese32x32  lcd.o
    0x08001570   0x08001570   0x00000090   Code   RO          277    i.LCD_ShowFloatNum1  lcd.o
    0x08001600   0x08001600   0x0000007e   Code   RO          278    i.LCD_ShowIntNum    lcd.o
    0x0800167e   0x0800167e   0x0000004a   Code   RO          279    i.LCD_ShowPicture   lcd.o
    0x080016c8   0x080016c8   0x00000030   Code   RO          280    i.LCD_ShowString    lcd.o
    0x080016f8   0x080016f8   0x00000014   Code   RO          211    i.LCD_WR_DATA       lcd_init.o
    0x0800170c   0x0800170c   0x00000008   Code   RO          212    i.LCD_WR_DATA8      lcd_init.o
    0x08001714   0x08001714   0x00000024   Code   RO          213    i.LCD_WR_REG        lcd_init.o
    0x08001738   0x08001738   0x00000052   Code   RO          214    i.LCD_Writ_Bus      lcd_init.o
    0x0800178a   0x0800178a   0x00000002   PAD
    0x0800178c   0x0800178c   0x00000040   Code   RO          184    i.LED_Init          led.o
    0x080017cc   0x080017cc   0x00000002   Code   RO          131    i.NMI_Handler       stm32l0xx_it.o
    0x080017ce   0x080017ce   0x00000002   PAD
    0x080017d0   0x080017d0   0x00000044   Code   RO          569    i.NVIC_SetPriority  stm32l0xx_hal_cortex.o
    0x08001814   0x08001814   0x00000002   Code   RO          132    i.PendSV_Handler    stm32l0xx_it.o
    0x08001816   0x08001816   0x00000002   PAD
    0x08001818   0x08001818   0x00000070   Code   RO          739    i.RCC_SetFlashLatencyFromMSIRange  stm32l0xx_hal_rcc.o
    0x08001888   0x08001888   0x00000002   Code   RO          133    i.SVC_Handler       stm32l0xx_it.o
    0x0800188a   0x0800188a   0x0000000c   Code   RO          134    i.SysTick_Handler   stm32l0xx_it.o
    0x08001896   0x08001896   0x00000002   PAD
    0x08001898   0x08001898   0x00000074   Code   RO          872    i.SystemClock_Config  sys.o
    0x0800190c   0x0800190c   0x00000054   Code   RO          835    i.SystemInit        system_stm32l0xx.o
    0x08001960   0x08001960   0x0000002e   Code   RO          958    i.__ARM_clz         mf_p.l(depilogue.o)
    0x0800198e   0x0800198e   0x0000000e   Code   RO          966    i.__scatterload_copy  mc_p.l(handlers.o)
    0x0800199c   0x0800199c   0x00000002   Code   RO          967    i.__scatterload_null  mc_p.l(handlers.o)
    0x0800199e   0x0800199e   0x0000000e   Code   RO          968    i.__scatterload_zeroinit  mc_p.l(handlers.o)
    0x080019ac   0x080019ac   0x00000008   Code   RO          896    i.delay_ms          delay.o
    0x080019b4   0x080019b4   0x00000154   Code   RO            3    i.main              main.o
    0x08001b08   0x08001b08   0x00000014   Code   RO          281    i.mypow             lcd.o
    0x08001b1c   0x08001b1c   0x00000c80   Data   RO            4    .constdata          main.o
    0x0800279c   0x0800279c   0x0000391c   Data   RO          282    .constdata          lcd.o
    0x080060b8   0x080060b8   0x00000019   Data   RO          836    .constdata          system_stm32l0xx.o
    0x080060d1   0x080060d1   0x00000003   PAD
    0x080060d4   0x080060d4   0x00000020   Data   RO          964    Region$$Table       anon$$obj.o


    Execution Region RW_IRAM1 (Exec base: 0x20000000, Load base: 0x080060f4, Size: 0x00000408, Max: 0x00002000, ABSOLUTE)

    Exec Addr    Load Addr    Size         Type   Attr      Idx    E Section Name        Object

    0x20000000   0x080060f4   0x00000004   Data   RW          410    .data               stm32l0xx_hal.o
    0x20000004   0x080060f8   0x00000004   Data   RW          838    .data               system_stm32l0xx.o
    0x20000008        -       0x00000400   Zero   RW          825    STACK               startup_stm32l053xx.o


==============================================================================

Image component sizes


      Code (inc. data)   RO Data    RW Data    ZI Data      Debug   Object Name

         8          0          0          0          0        511   delay.o
      1762         38      14620          0          0      18004   lcd.o
       712          6          0          0          0       6414   lcd_init.o
        64          6          0          0          0       1055   led.o
       340         44       3200          0          0     280982   main.o
        28          8        192          0       1024        648   startup_stm32l053xx.o
       124         24          0          4          0       4461   stm32l0xx_hal.o
       158         22          0          0          0      11810   stm32l0xx_hal_cortex.o
       388         30          0          0          0       2568   stm32l0xx_hal_gpio.o
      1710        102          0          0          0       6110   stm32l0xx_hal_rcc.o
        20          0          0          0          0       2251   stm32l0xx_it.o
       116          6          0          0          0        657   sys.o
        84         18         25          4          0       1431   system_stm32l0xx.o

    ----------------------------------------------------------------------
      5530        304      18072          8       1024     336902   Object Totals
         0          0         32          0          0          0   (incl. Generated)
        16          0          3          0          0          0   (incl. Padding)

    ----------------------------------------------------------------------

      Code (inc. data)   RO Data    RW Data    ZI Data      Debug   Library Member Name

         0          0          0          0          0          0   entry.o
         0          0          0          0          0          0   entry10a.o
         0          0          0          0          0          0   entry11a.o
         8          4          0          0          0          0   entry2.o
         4          0          0          0          0          0   entry5.o
         0          0          0          0          0          0   entry7b.o
         0          0          0          0          0          0   entry8b.o
         8          4          0          0          0          0   entry9a.o
        30          0          0          0          0          0   handlers.o
        36          8          0          0          0         68   init.o
         0          0          0          0          0          0   iusefp.o
        32          0          0          0          0         68   llshl.o
        38          0          0          0          0         68   llsshr.o
        34          0          0          0          0         68   llushr.o
        44          0          0          0          0         72   uidiv.o
        56          0          0          0          0         68   d2f.o
       356          4          0          0          0        140   dadd.o
       236          0          0          0          0        216   depilogue.o
        40          0          0          0          0         60   f2d.o
       130          0          0          0          0        144   fepilogue.o
        40          0          0          0          0         60   ffixui.o
       122          0          0          0          0         72   fmul.o

    ----------------------------------------------------------------------
      1218         20          0          0          0       1104   Library Totals
         4          0          0          0          0          0   (incl. Padding)

    ----------------------------------------------------------------------

      Code (inc. data)   RO Data    RW Data    ZI Data      Debug   Library Name

       234         16          0          0          0        344   mc_p.l
       980          4          0          0          0        760   mf_p.l

    ----------------------------------------------------------------------
      1218         20          0          0          0       1104   Library Totals

    ----------------------------------------------------------------------

==============================================================================


      Code (inc. data)   RO Data    RW Data    ZI Data      Debug   

      6748        324      18072          8       1024     335650   Grand Totals
      6748        324      18072          8       1024     335650   ELF Image Totals
      6748        324      18072          8          0          0   ROM Totals

==============================================================================

    Total RO  Size (Code + RO Data)                24820 (  24.24kB)
    Total RW  Size (RW Data + ZI Data)              1032 (   1.01kB)
    Total ROM Size (Code + RO Data + RW Data)      24828 (  24.25kB)

==============================================================================

