<html>
<body>
<pre>
<h1>µVision Build Log</h1>
<h2>Tool Versions:</h2>
IDE-Version: ¦ÌVision V5.36.0.0
Copyright (C) 2021 ARM Ltd and ARM Germany GmbH. All rights reserved.
License Information: 1 1, 1, LIC=LSNXV-P0VVK-LQB0Q-N81TF-6KJDH-5FB80
 
Tool Versions:
Toolchain:       MDK-ARM Plus  Version: 5.36.0.0
Toolchain Path:  C:\Keil_v5\ARM\ARMCLANG\Bin
C Compiler:      ArmClang.exe V6.16
Assembler:       Armasm.exe V6.16
Linker/Locator:  ArmLink.exe V6.16
Library Manager: ArmAr.exe V6.16
Hex Converter:   FromElf.exe V6.16
CPU DLL:         SARMCM3.DLL V5.36.0.0
Dialog DLL:      DCM.DLL V1.17.3.0
Target DLL:      CMSIS_AGDI.dll V1.33.0.0
Dialog DLL:      TCM.DLL V1.53.0.0
 
<h2>Project:</h2>
C:\Users\Jay\Desktop\smartcar-contes\my-smart-car-2022\RT1064\1.motor-test\MDK\RT106X.uvprojx
Project File Date:  03/20/2022

<h2>Output:</h2>
*** Using Compiler 'V6.16', folder: 'C:\Keil_v5\ARM\ARMCLANG\Bin'
Build target 'nor_sdram_zf_dtcm_v6'
../USER/src/main.c(41): warning: 'DIR_1' macro redefined [-Wmacro-redefined]
#define DIR_1 D0
        ^
../CODE/motor.h(6): note: previous definition is here
#define DIR_1 D14
        ^
../USER/src/main.c(42): warning: 'DIR_2' macro redefined [-Wmacro-redefined]
#define DIR_2 D1
        ^
../CODE/motor.h(7): note: previous definition is here
#define DIR_2 D0
        ^
../USER/src/main.c(43): warning: 'PWM_1' macro redefined [-Wmacro-redefined]
#define PWM_1 PWM2_MODULE3_CHA_D2
        ^
../CODE/motor.h(10): note: previous definition is here
#define PWM_1 PWM1_MODULE0_CHA_D12
        ^
../USER/src/main.c(44): warning: 'PWM_2' macro redefined [-Wmacro-redefined]
#define PWM_2 PWM2_MODULE3_CHB_D3
        ^
../CODE/motor.h(11): note: previous definition is here
#define PWM_2 PWM2_MODULE3_CHA_D2
        ^
../USER/src/main.c(46): warning: 'DIR_3' macro redefined [-Wmacro-redefined]
#define DIR_3 D14
        ^
../CODE/motor.h(8): note: previous definition is here
#define DIR_3 D1
        ^
../USER/src/main.c(48): warning: 'PWM_3' macro redefined [-Wmacro-redefined]
#define PWM_3 PWM1_MODULE0_CHA_D12
        ^
../CODE/motor.h(12): note: previous definition is here
#define PWM_3 PWM2_MODULE3_CHB_D3
        ^
6 warnings generated.
compiling main.c...
compiling isr.c...
compiling motor.c...
linking...
Program Size: Code=69688 RO-data=5140 RW-data=116 ZI-data=6688  
".\Objects\RT106X.axf" - 0 Error(s), 6 Warning(s).

<h2>Software Packages used:</h2>

Package Vendor: NXP
                https://mcuxpresso.nxp.com/cmsis_pack/repo/NXP.MIMXRT1064_DFP.14.0.0.pack
                NXP.MIMXRT1064_DFP.14.0.0
                Device Family Pack for MIMXRT1064

<h2>Collection of Component include folders:</h2>
  C:\Users\Jay\AppData\Local\Arm\Packs\NXP\MIMXRT1064_DFP\14.0.0

<h2>Collection of Component Files used:</h2>
Build Time Elapsed:  00:00:02
</pre>
</body>
</html>
