<html>
<body>
<pre>
<h1>µVision Build Log</h1>
<h2>Tool Versions:</h2>
IDE-Version: ¦ÌVision V5.36.0.0
Copyright (C) 2021 ARM Ltd and ARM Germany GmbH. All rights reserved.
License Information: 1 ThinkPad, 1, LIC=585FJ-UPUQK-CXPU6-DZ8S4-W6ZJM-LQQ9A
 
Tool Versions:
Toolchain:       MDK-ARM Plus  Version: 5.36.0.0
Toolchain Path:  C:\Keil_v5\ARM\ARMCLANG\Bin
C Compiler:      ArmClang.exe V6.16
Assembler:       Armasm.exe V6.16
Linker/Locator:  ArmLink.exe V6.16
Library Manager: ArmAr.exe V6.16
Hex Converter:   FromElf.exe V6.16
CPU DLL:         SARMCM3.DLL V5.36.0.0
Dialog DLL:      DCM.DLL V1.17.3.0
Target DLL:      CMSIS_AGDI.dll V1.33.0.0
Dialog DLL:      TCM.DLL V1.53.0.0
 
<h2>Project:</h2>
C:\Users\ThinkPad\Desktop\ÖÇÄÜ³µ\my-smart-car-2022\RT1064\my-smartcar\MDK\RT106X.uvprojx
Project File Date:  05/04/2022

<h2>Output:</h2>
*** Using Compiler 'V6.16', folder: 'C:\Keil_v5\ARM\ARMCLANG\Bin'
Build target 'nor_sdram_zf_dtcm_v6'
compiling pin_mux.c...
compiling clock_config.c...
compiling board.c...
compiling generic_list.c...
compiling serial_manager.c...
compiling serial_port_uart.c...
compiling lpuart_adapter.c...
compiling system_MIMXRT1064.c...
compiling fsl_os_abstraction_bm.c...
compiling fsl_adc.c...
compiling fsl_adc_etc.c...
compiling fsl_aipstz.c...
compiling fsl_aoi.c...
compiling fsl_bee.c...
compiling fsl_cache.c...
compiling fsl_common.c...
compiling fsl_cmp.c...
compiling fsl_clock.c...
compiling fsl_dcdc.c...
compiling fsl_csi.c...
compiling fsl_dcp.c...
compiling fsl_dmamux.c...
compiling fsl_elcdif.c...
compiling fsl_edma.c...
compiling fsl_enc.c...
compiling fsl_ewm.c...
compiling fsl_enet.c...
compiling fsl_flexio.c...
compiling fsl_flexcan.c...
compiling fsl_flexio_camera.c...
compiling fsl_flexio_i2c_master.c...
compiling fsl_flexio_i2s_edma.c...
compiling fsl_flexio_i2s.c...
compiling fsl_flexio_spi_edma.c...
compiling fsl_flexio_spi.c...
compiling fsl_flexio_uart.c...
compiling fsl_flexio_uart_edma.c...
compiling fsl_flexram.c...
compiling fsl_flexspi.c...
compiling fsl_gpc.c...
compiling fsl_gpio.c...
compiling fsl_gpt.c...
compiling fsl_kpp.c...
compiling fsl_lpi2c.c...
compiling fsl_lpi2c_edma.c...
compiling fsl_lpspi.c...
compiling fsl_lpspi_edma.c...
compiling fsl_lpuart.c...
compiling fsl_lpuart_edma.c...
compiling fsl_pit.c...
compiling fsl_pmu.c...
compiling fsl_pwm.c...
compiling fsl_pxp.c...
compiling fsl_qtmr.c...
compiling fsl_rtwdog.c...
compiling fsl_sai_edma.c...
compiling fsl_sai.c...
compiling fsl_semc.c...
compiling fsl_snvs_hp.c...
compiling fsl_snvs_lp.c...
compiling fsl_spdif.c...
compiling fsl_spdif_edma.c...
compiling fsl_src.c...
compiling fsl_tempmon.c...
compiling fsl_trng.c...
compiling fsl_tsc.c...
compiling fsl_wdog.c...
compiling fsl_xbara.c...
compiling fsl_xbarb.c...
compiling fsl_usdhc.c...
compiling fsl_ocotp.c...
compiling diskio.c...
compiling ffsystem.c...
compiling ffunicode.c...
compiling fsl_sd_disk.c...
compiling ff.c...
compiling fsl_sdmmc_event.c...
compiling fsl_sdmmc_host.c...
compiling fsl_sd.c...
compiling fsl_mmc.c...
compiling fsl_sdio.c...
compiling fsl_sdmmc_common.c...
compiling zf_adc.c...
compiling zf_camera.c...
compiling zf_flash.c...
compiling zf_csi.c...
compiling zf_gpio.c...
compiling zf_iic.c...
compiling zf_pit.c...
compiling zf_pwm.c...
compiling zf_iomuxc.c...
compiling zf_qtimer.c...
compiling zf_rom_api.c...
compiling zf_spi.c...
compiling zf_systick.c...
compiling zf_vector.c...
compiling zf_uart.c...
compiling common.c...
compiling SEEKFREE_PRINTF.c...
compiling zf_usb_cdc.c...
compiling zf_sdcard.c...
compiling SEEKFREE_FONT.c...
compiling SEEKFREE_FUN.c...
compiling SEEKFREE_18TFT.c...
compiling SEEKFREE_ICM20602.c...
compiling SEEKFREE_IIC.c...
compiling SEEKFREE_L3G4200D.c...
compiling SEEKFREE_MMA8451.c...
compiling SEEKFREE_MPU6050.c...
compiling SEEKFREE_NRF24L01.c...
compiling SEEKFREE_VIRSCO.c...
compiling SEEKFREE_OLED.c...
compiling SEEKFREE_WIRELESS.c...
compiling SEEKFREE_W25QXXJV.c...
compiling SEEKFREE_MT9V03X_CSI.c...
compiling SEEKFREE_MT9V03X.c...
compiling SEEKFREE_SCC8660.c...
compiling SEEKFREE_SCC8660_CSI.c...
compiling SEEKFREE_IPS114_SPI.c...
assembling startup_MIMXRT1064.s...
compiling SEEKFREE_IPS200_PARALLEL8.c...
compiling usb_phy.c...
compiling usb_device_ehci.c...
compiling usb_device_dci.c...
compiling usb_device_cdc_acm.c...
compiling usb_device_ch9.c...
compiling usb_device_class.c...
compiling usb_device_descriptor.c...
compiling fsl_assert.c...
compiling isr.c...
compiling main.c...
compiling evkmimxrt1064_flexspi_nor_config.c...
compiling fsl_debug_console.c...
compiling evkmimxrt1064_sdram_ini_dcd.c...
compiling fsl_str.c...
compiling fsl_flexspi_nor_boot.c...
compiling motor.c...
compiling GUI.c...
compiling filter.c...
compiling vofa.c...
compiling key.c...
compiling icm.c...
compiling location.c...
compiling ahrs.c...
compiling fast_math.c...
linking...
Program Size: Code=66480 RO-data=6748 RW-data=424 ZI-data=52432  
".\Objects\RT106X.axf" - 0 Error(s), 0 Warning(s).

<h2>Software Packages used:</h2>

Package Vendor: NXP
                https://mcuxpresso.nxp.com/cmsis_pack/repo/NXP.MIMXRT1064_DFP.13.1.0.pack
                NXP.MIMXRT1064_DFP.13.1.0
                Device Family Pack for MIMXRT1064

<h2>Collection of Component include folders:</h2>
  C:\Users\ThinkPad\AppData\Local\Arm\Packs\NXP\MIMXRT1064_DFP\13.1.0

<h2>Collection of Component Files used:</h2>
Build Time Elapsed:  00:00:43
</pre>
</body>
</html>
