<!doctype html public "-//w3c//dtd html 4.0 transitional//en">
<html><head>
<title>Static Call Graph - [.\Objects\RT106X.axf]</title></head>
<body><HR>
<H1>Static Call Graph for image .\Objects\RT106X.axf</H1><HR>
<BR><P>#&#060CALLGRAPH&#062# ARM Linker, 6160001: Last Updated: Sat Apr  2 22:04:07 2022
<BR><P>
<H3>Maximum Stack Usage =       1136 bytes + Unknown(Cycles, Untraceable Function Pointers)</H3><H3>
Call chain for Maximum Stack Depth:</H3>
main &rArr; GUI_init &rArr; ips114_init &rArr; spi_init &rArr; CLOCK_GetFreq &rArr; CLOCK_GetPerClkFreq &rArr; CLOCK_GetIpgFreq &rArr; CLOCK_GetAhbFreq &rArr; CLOCK_GetPeriphClkFreq &rArr; CLOCK_GetSysPfdFreq &rArr; CLOCK_GetPllFreq &rArr; __aeabi_assert &rArr; DbgConsole_Printf &rArr; StrFormatPrintf &rArr; ConvertFloatRadixNumToString &rArr; __hardfp_pow &rArr; sqrt
<P>
<H3>
Mutually Recursive functions
</H3> <LI><a href="#[190]">LPUART_WriteBlocking</a>&nbsp;&nbsp;&nbsp;&rArr;&nbsp;&nbsp;&nbsp;<a href="#[10a]">__aeabi_assert</a><BR>
 <LI><a href="#[18f]">HAL_UartSendBlocking</a>&nbsp;&nbsp;&nbsp;&rArr;&nbsp;&nbsp;&nbsp;<a href="#[10a]">__aeabi_assert</a><BR>
 <LI><a href="#[1d7]">Serial_UartWrite</a>&nbsp;&nbsp;&nbsp;&rArr;&nbsp;&nbsp;&nbsp;<a href="#[10a]">__aeabi_assert</a><BR>
 <LI><a href="#[1d8]">SerialManager_Write</a>&nbsp;&nbsp;&nbsp;&rArr;&nbsp;&nbsp;&nbsp;<a href="#[10a]">__aeabi_assert</a><BR>
 <LI><a href="#[152]">DbgConsole_SendDataReliable</a>&nbsp;&nbsp;&nbsp;&rArr;&nbsp;&nbsp;&nbsp;<a href="#[10a]">__aeabi_assert</a><BR>
</UL>
<P>
<H3>
Function Pointers
</H3><UL>
 <LI><a href="#[85]">ACMP1_IRQHandler</a> from startup_mimxrt1064.o(.text) referenced from startup_mimxrt1064.o(RESET)
 <LI><a href="#[86]">ACMP2_IRQHandler</a> from startup_mimxrt1064.o(.text) referenced from startup_mimxrt1064.o(RESET)
 <LI><a href="#[87]">ACMP3_IRQHandler</a> from startup_mimxrt1064.o(.text) referenced from startup_mimxrt1064.o(RESET)
 <LI><a href="#[88]">ACMP4_IRQHandler</a> from startup_mimxrt1064.o(.text) referenced from startup_mimxrt1064.o(RESET)
 <LI><a href="#[4d]">ADC1_IRQHandler</a> from startup_mimxrt1064.o(.text) referenced from startup_mimxrt1064.o(RESET)
 <LI><a href="#[4e]">ADC2_IRQHandler</a> from startup_mimxrt1064.o(.text) referenced from startup_mimxrt1064.o(RESET)
 <LI><a href="#[83]">ADC_ETC_ERROR_IRQ_IRQHandler</a> from startup_mimxrt1064.o(.text) referenced from startup_mimxrt1064.o(RESET)
 <LI><a href="#[80]">ADC_ETC_IRQ0_IRQHandler</a> from startup_mimxrt1064.o(.text) referenced from startup_mimxrt1064.o(RESET)
 <LI><a href="#[81]">ADC_ETC_IRQ1_IRQHandler</a> from startup_mimxrt1064.o(.text) referenced from startup_mimxrt1064.o(RESET)
 <LI><a href="#[82]">ADC_ETC_IRQ2_IRQHandler</a> from startup_mimxrt1064.o(.text) referenced from startup_mimxrt1064.o(RESET)
 <LI><a href="#[41]">BEE_IRQHandler</a> from startup_mimxrt1064.o(.text) referenced from startup_mimxrt1064.o(RESET)
 <LI><a href="#[4]">BusFault_Handler</a> from common.o(.text.BusFault_Handler) referenced from startup_mimxrt1064.o(RESET)
 <LI><a href="#[cd]">CAN1_DriverIRQHandler</a> from fsl_flexcan.o(.text.CAN1_DriverIRQHandler) referenced from startup_mimxrt1064.o(.text)
 <LI><a href="#[2e]">CAN1_IRQHandler</a> from startup_mimxrt1064.o(.text) referenced from startup_mimxrt1064.o(RESET)
 <LI><a href="#[ce]">CAN2_DriverIRQHandler</a> from fsl_flexcan.o(.text.CAN2_DriverIRQHandler) referenced from startup_mimxrt1064.o(.text)
 <LI><a href="#[2f]">CAN2_IRQHandler</a> from startup_mimxrt1064.o(.text) referenced from startup_mimxrt1064.o(RESET)
 <LI><a href="#[de]">CAN3_DriverIRQHandler</a> from fsl_flexcan.o(.text.CAN3_DriverIRQHandler) referenced from startup_mimxrt1064.o(.text)
 <LI><a href="#[a4]">CAN3_IRQHandler</a> from startup_mimxrt1064.o(.text) referenced from startup_mimxrt1064.o(RESET)
 <LI><a href="#[69]">CCM_1_IRQHandler</a> from startup_mimxrt1064.o(.text) referenced from startup_mimxrt1064.o(RESET)
 <LI><a href="#[6a]">CCM_2_IRQHandler</a> from startup_mimxrt1064.o(.text) referenced from startup_mimxrt1064.o(RESET)
 <LI><a href="#[1d]">CORE_IRQHandler</a> from startup_mimxrt1064.o(.text) referenced from startup_mimxrt1064.o(RESET)
 <LI><a href="#[35]">CSI_IRQHandler</a> from isr.o(.text.CSI_IRQHandler) referenced from startup_mimxrt1064.o(RESET)
 <LI><a href="#[e0]">CSI_TransferHandleIRQ</a> from fsl_csi.o(.text.CSI_TransferHandleIRQ) referenced 2 times from fsl_csi.o(.text.CSI_TransferCreateHandle)
 <LI><a href="#[3b]">CSU_IRQHandler</a> from startup_mimxrt1064.o(.text) referenced from startup_mimxrt1064.o(RESET)
 <LI><a href="#[1b]">CTI0_ERROR_IRQHandler</a> from startup_mimxrt1064.o(.text) referenced from startup_mimxrt1064.o(RESET)
 <LI><a href="#[1c]">CTI1_ERROR_IRQHandler</a> from startup_mimxrt1064.o(.text) referenced from startup_mimxrt1064.o(RESET)
 <LI><a href="#[4f]">DCDC_IRQHandler</a> from startup_mimxrt1064.o(.text) referenced from startup_mimxrt1064.o(RESET)
 <LI><a href="#[3c]">DCP_IRQHandler</a> from startup_mimxrt1064.o(.text) referenced from startup_mimxrt1064.o(RESET)
 <LI><a href="#[3d]">DCP_VMI_IRQHandler</a> from startup_mimxrt1064.o(.text) referenced from startup_mimxrt1064.o(RESET)
 <LI><a href="#[ac]">DMA0_DMA16_DriverIRQHandler</a> from fsl_edma.o(.text.DMA0_DMA16_DriverIRQHandler) referenced from startup_mimxrt1064.o(.text)
 <LI><a href="#[a]">DMA0_DMA16_IRQHandler</a> from startup_mimxrt1064.o(.text) referenced from startup_mimxrt1064.o(RESET)
 <LI><a href="#[b6]">DMA10_DMA26_DriverIRQHandler</a> from fsl_edma.o(.text.DMA10_DMA26_DriverIRQHandler) referenced from startup_mimxrt1064.o(.text)
 <LI><a href="#[14]">DMA10_DMA26_IRQHandler</a> from startup_mimxrt1064.o(.text) referenced from startup_mimxrt1064.o(RESET)
 <LI><a href="#[b7]">DMA11_DMA27_DriverIRQHandler</a> from fsl_edma.o(.text.DMA11_DMA27_DriverIRQHandler) referenced from startup_mimxrt1064.o(.text)
 <LI><a href="#[15]">DMA11_DMA27_IRQHandler</a> from startup_mimxrt1064.o(.text) referenced from startup_mimxrt1064.o(RESET)
 <LI><a href="#[b8]">DMA12_DMA28_DriverIRQHandler</a> from fsl_edma.o(.text.DMA12_DMA28_DriverIRQHandler) referenced from startup_mimxrt1064.o(.text)
 <LI><a href="#[16]">DMA12_DMA28_IRQHandler</a> from startup_mimxrt1064.o(.text) referenced from startup_mimxrt1064.o(RESET)
 <LI><a href="#[b9]">DMA13_DMA29_DriverIRQHandler</a> from fsl_edma.o(.text.DMA13_DMA29_DriverIRQHandler) referenced from startup_mimxrt1064.o(.text)
 <LI><a href="#[17]">DMA13_DMA29_IRQHandler</a> from startup_mimxrt1064.o(.text) referenced from startup_mimxrt1064.o(RESET)
 <LI><a href="#[ba]">DMA14_DMA30_DriverIRQHandler</a> from fsl_edma.o(.text.DMA14_DMA30_DriverIRQHandler) referenced from startup_mimxrt1064.o(.text)
 <LI><a href="#[18]">DMA14_DMA30_IRQHandler</a> from startup_mimxrt1064.o(.text) referenced from startup_mimxrt1064.o(RESET)
 <LI><a href="#[bb]">DMA15_DMA31_DriverIRQHandler</a> from fsl_edma.o(.text.DMA15_DMA31_DriverIRQHandler) referenced from startup_mimxrt1064.o(.text)
 <LI><a href="#[19]">DMA15_DMA31_IRQHandler</a> from startup_mimxrt1064.o(.text) referenced from startup_mimxrt1064.o(RESET)
 <LI><a href="#[ad]">DMA1_DMA17_DriverIRQHandler</a> from fsl_edma.o(.text.DMA1_DMA17_DriverIRQHandler) referenced from startup_mimxrt1064.o(.text)
 <LI><a href="#[b]">DMA1_DMA17_IRQHandler</a> from startup_mimxrt1064.o(.text) referenced from startup_mimxrt1064.o(RESET)
 <LI><a href="#[ae]">DMA2_DMA18_DriverIRQHandler</a> from fsl_edma.o(.text.DMA2_DMA18_DriverIRQHandler) referenced from startup_mimxrt1064.o(.text)
 <LI><a href="#[c]">DMA2_DMA18_IRQHandler</a> from startup_mimxrt1064.o(.text) referenced from startup_mimxrt1064.o(RESET)
 <LI><a href="#[af]">DMA3_DMA19_DriverIRQHandler</a> from fsl_edma.o(.text.DMA3_DMA19_DriverIRQHandler) referenced from startup_mimxrt1064.o(.text)
 <LI><a href="#[d]">DMA3_DMA19_IRQHandler</a> from startup_mimxrt1064.o(.text) referenced from startup_mimxrt1064.o(RESET)
 <LI><a href="#[b0]">DMA4_DMA20_DriverIRQHandler</a> from fsl_edma.o(.text.DMA4_DMA20_DriverIRQHandler) referenced from startup_mimxrt1064.o(.text)
 <LI><a href="#[e]">DMA4_DMA20_IRQHandler</a> from startup_mimxrt1064.o(.text) referenced from startup_mimxrt1064.o(RESET)
 <LI><a href="#[b1]">DMA5_DMA21_DriverIRQHandler</a> from fsl_edma.o(.text.DMA5_DMA21_DriverIRQHandler) referenced from startup_mimxrt1064.o(.text)
 <LI><a href="#[f]">DMA5_DMA21_IRQHandler</a> from startup_mimxrt1064.o(.text) referenced from startup_mimxrt1064.o(RESET)
 <LI><a href="#[b2]">DMA6_DMA22_DriverIRQHandler</a> from fsl_edma.o(.text.DMA6_DMA22_DriverIRQHandler) referenced from startup_mimxrt1064.o(.text)
 <LI><a href="#[10]">DMA6_DMA22_IRQHandler</a> from startup_mimxrt1064.o(.text) referenced from startup_mimxrt1064.o(RESET)
 <LI><a href="#[b3]">DMA7_DMA23_DriverIRQHandler</a> from fsl_edma.o(.text.DMA7_DMA23_DriverIRQHandler) referenced from startup_mimxrt1064.o(.text)
 <LI><a href="#[11]">DMA7_DMA23_IRQHandler</a> from startup_mimxrt1064.o(.text) referenced from startup_mimxrt1064.o(RESET)
 <LI><a href="#[b4]">DMA8_DMA24_DriverIRQHandler</a> from fsl_edma.o(.text.DMA8_DMA24_DriverIRQHandler) referenced from startup_mimxrt1064.o(.text)
 <LI><a href="#[12]">DMA8_DMA24_IRQHandler</a> from startup_mimxrt1064.o(.text) referenced from startup_mimxrt1064.o(RESET)
 <LI><a href="#[b5]">DMA9_DMA25_DriverIRQHandler</a> from fsl_edma.o(.text.DMA9_DMA25_DriverIRQHandler) referenced from startup_mimxrt1064.o(.text)
 <LI><a href="#[13]">DMA9_DMA25_IRQHandler</a> from startup_mimxrt1064.o(.text) referenced from startup_mimxrt1064.o(RESET)
 <LI><a href="#[bc]">DMA_ERROR_DriverIRQHandler</a> from startup_mimxrt1064.o(.text) referenced from startup_mimxrt1064.o(.text)
 <LI><a href="#[1a]">DMA_ERROR_IRQHandler</a> from startup_mimxrt1064.o(.text) referenced from startup_mimxrt1064.o(RESET)
 <LI><a href="#[e1]">DbgConsole_PrintCallback</a> from fsl_debug_console.o(.text.DbgConsole_PrintCallback) referenced 2 times from fsl_debug_console.o(.text.DbgConsole_Printf)
 <LI><a href="#[7]">DebugMon_Handler</a> from common.o(.text.DebugMon_Handler) referenced from startup_mimxrt1064.o(RESET)
 <LI><a href="#[a8]">DefaultISR</a> from startup_mimxrt1064.o(.text) referenced from fsl_flexcan.o(.data.s_flexcanIsr)
 <LI><a href="#[a8]">DefaultISR</a> from startup_mimxrt1064.o(.text) referenced from fsl_lpuart.o(.data.s_lpuartIsr)
 <LI><a href="#[a8]">DefaultISR</a> from startup_mimxrt1064.o(.text) referenced from fsl_usdhc.o(.data.s_usdhcIsr)
 <LI><a href="#[a8]">DefaultISR</a> from startup_mimxrt1064.o(.text) referenced from startup_mimxrt1064.o(.text)
 <LI><a href="#[a8]">DefaultISR</a> from startup_mimxrt1064.o(.text) referenced 81 times from startup_mimxrt1064.o(RESET)
 <LI><a href="#[8b]">ENC1_IRQHandler</a> from startup_mimxrt1064.o(.text) referenced from startup_mimxrt1064.o(RESET)
 <LI><a href="#[8c]">ENC2_IRQHandler</a> from startup_mimxrt1064.o(.text) referenced from startup_mimxrt1064.o(RESET)
 <LI><a href="#[8d]">ENC3_IRQHandler</a> from startup_mimxrt1064.o(.text) referenced from startup_mimxrt1064.o(RESET)
 <LI><a href="#[8e]">ENC4_IRQHandler</a> from startup_mimxrt1064.o(.text) referenced from startup_mimxrt1064.o(RESET)
 <LI><a href="#[dd]">ENET2_1588_Timer_DriverIRQHandler</a> from startup_mimxrt1064.o(.text) referenced from startup_mimxrt1064.o(.text)
 <LI><a href="#[a3]">ENET2_1588_Timer_IRQHandler</a> from startup_mimxrt1064.o(.text) referenced from startup_mimxrt1064.o(RESET)
 <LI><a href="#[dc]">ENET2_DriverIRQHandler</a> from fsl_enet.o(.text.ENET2_DriverIRQHandler) referenced from startup_mimxrt1064.o(.text)
 <LI><a href="#[a2]">ENET2_IRQHandler</a> from startup_mimxrt1064.o(.text) referenced from startup_mimxrt1064.o(RESET)
 <LI><a href="#[db]">ENET_1588_Timer_DriverIRQHandler</a> from startup_mimxrt1064.o(.text) referenced from startup_mimxrt1064.o(.text)
 <LI><a href="#[7d]">ENET_1588_Timer_IRQHandler</a> from fsl_enet.o(.text.ENET_1588_Timer_IRQHandler) referenced from startup_mimxrt1064.o(RESET)
 <LI><a href="#[da]">ENET_DriverIRQHandler</a> from fsl_enet.o(.text.ENET_DriverIRQHandler) referenced from startup_mimxrt1064.o(.text)
 <LI><a href="#[7c]">ENET_IRQHandler</a> from startup_mimxrt1064.o(.text) referenced from startup_mimxrt1064.o(RESET)
 <LI><a href="#[68]">EWM_IRQHandler</a> from startup_mimxrt1064.o(.text) referenced from startup_mimxrt1064.o(RESET)
 <LI><a href="#[d4]">FLEXIO1_DriverIRQHandler</a> from fsl_flexio.o(.text.FLEXIO1_DriverIRQHandler) referenced from startup_mimxrt1064.o(.text)
 <LI><a href="#[64]">FLEXIO1_IRQHandler</a> from startup_mimxrt1064.o(.text) referenced from startup_mimxrt1064.o(RESET)
 <LI><a href="#[d5]">FLEXIO2_DriverIRQHandler</a> from fsl_flexio.o(.text.FLEXIO2_DriverIRQHandler) referenced from startup_mimxrt1064.o(.text)
 <LI><a href="#[65]">FLEXIO2_IRQHandler</a> from startup_mimxrt1064.o(.text) referenced from startup_mimxrt1064.o(RESET)
 <LI><a href="#[df]">FLEXIO3_DriverIRQHandler</a> from fsl_flexio.o(.text.FLEXIO3_DriverIRQHandler) referenced from startup_mimxrt1064.o(.text)
 <LI><a href="#[a6]">FLEXIO3_IRQHandler</a> from startup_mimxrt1064.o(.text) referenced from startup_mimxrt1064.o(RESET)
 <LI><a href="#[30]">FLEXRAM_IRQHandler</a> from startup_mimxrt1064.o(.text) referenced from startup_mimxrt1064.o(RESET)
 <LI><a href="#[d6]">FLEXSPI2_DriverIRQHandler</a> from startup_mimxrt1064.o(.text) referenced from startup_mimxrt1064.o(.text)
 <LI><a href="#[75]">FLEXSPI2_IRQHandler</a> from startup_mimxrt1064.o(.text) referenced from startup_mimxrt1064.o(RESET)
 <LI><a href="#[d7]">FLEXSPI_DriverIRQHandler</a> from startup_mimxrt1064.o(.text) referenced from startup_mimxrt1064.o(.text)
 <LI><a href="#[76]">FLEXSPI_IRQHandler</a> from startup_mimxrt1064.o(.text) referenced from startup_mimxrt1064.o(RESET)
 <LI><a href="#[6b]">GPC_IRQHandler</a> from startup_mimxrt1064.o(.text) referenced from startup_mimxrt1064.o(RESET)
 <LI><a href="#[5a]">GPIO1_Combined_0_15_IRQHandler</a> from startup_mimxrt1064.o(.text) referenced from startup_mimxrt1064.o(RESET)
 <LI><a href="#[5b]">GPIO1_Combined_16_31_IRQHandler</a> from startup_mimxrt1064.o(.text) referenced from startup_mimxrt1064.o(RESET)
 <LI><a href="#[52]">GPIO1_INT0_IRQHandler</a> from startup_mimxrt1064.o(.text) referenced from startup_mimxrt1064.o(RESET)
 <LI><a href="#[53]">GPIO1_INT1_IRQHandler</a> from startup_mimxrt1064.o(.text) referenced from startup_mimxrt1064.o(RESET)
 <LI><a href="#[54]">GPIO1_INT2_IRQHandler</a> from startup_mimxrt1064.o(.text) referenced from startup_mimxrt1064.o(RESET)
 <LI><a href="#[55]">GPIO1_INT3_IRQHandler</a> from startup_mimxrt1064.o(.text) referenced from startup_mimxrt1064.o(RESET)
 <LI><a href="#[56]">GPIO1_INT4_IRQHandler</a> from startup_mimxrt1064.o(.text) referenced from startup_mimxrt1064.o(RESET)
 <LI><a href="#[57]">GPIO1_INT5_IRQHandler</a> from startup_mimxrt1064.o(.text) referenced from startup_mimxrt1064.o(RESET)
 <LI><a href="#[58]">GPIO1_INT6_IRQHandler</a> from startup_mimxrt1064.o(.text) referenced from startup_mimxrt1064.o(RESET)
 <LI><a href="#[59]">GPIO1_INT7_IRQHandler</a> from startup_mimxrt1064.o(.text) referenced from startup_mimxrt1064.o(RESET)
 <LI><a href="#[5c]">GPIO2_Combined_0_15_IRQHandler</a> from isr.o(.text.GPIO2_Combined_0_15_IRQHandler) referenced from startup_mimxrt1064.o(RESET)
 <LI><a href="#[5d]">GPIO2_Combined_16_31_IRQHandler</a> from isr.o(.text.GPIO2_Combined_16_31_IRQHandler) referenced from startup_mimxrt1064.o(RESET)
 <LI><a href="#[5e]">GPIO3_Combined_0_15_IRQHandler</a> from fsl_sdmmc_host.o(.text.GPIO3_Combined_0_15_IRQHandler) referenced from startup_mimxrt1064.o(RESET)
 <LI><a href="#[5f]">GPIO3_Combined_16_31_IRQHandler</a> from startup_mimxrt1064.o(.text) referenced from startup_mimxrt1064.o(RESET)
 <LI><a href="#[60]">GPIO4_Combined_0_15_IRQHandler</a> from startup_mimxrt1064.o(.text) referenced from startup_mimxrt1064.o(RESET)
 <LI><a href="#[61]">GPIO4_Combined_16_31_IRQHandler</a> from startup_mimxrt1064.o(.text) referenced from startup_mimxrt1064.o(RESET)
 <LI><a href="#[62]">GPIO5_Combined_0_15_IRQHandler</a> from startup_mimxrt1064.o(.text) referenced from startup_mimxrt1064.o(RESET)
 <LI><a href="#[63]">GPIO5_Combined_16_31_IRQHandler</a> from startup_mimxrt1064.o(.text) referenced from startup_mimxrt1064.o(RESET)
 <LI><a href="#[a7]">GPIO6_7_8_9_IRQHandler</a> from startup_mimxrt1064.o(.text) referenced from startup_mimxrt1064.o(RESET)
 <LI><a href="#[33]">GPR_IRQ_IRQHandler</a> from startup_mimxrt1064.o(.text) referenced from startup_mimxrt1064.o(RESET)
 <LI><a href="#[6e]">GPT1_IRQHandler</a> from startup_mimxrt1064.o(.text) referenced from startup_mimxrt1064.o(RESET)
 <LI><a href="#[6f]">GPT2_IRQHandler</a> from startup_mimxrt1064.o(.text) referenced from startup_mimxrt1064.o(RESET)
 <LI><a href="#[2]">HardFault_Handler</a> from common.o(.text.HardFault_Handler) referenced from startup_mimxrt1064.o(RESET)
 <LI><a href="#[31]">KPP_IRQHandler</a> from startup_mimxrt1064.o(.text) referenced from startup_mimxrt1064.o(RESET)
 <LI><a href="#[34]">LCDIF_IRQHandler</a> from startup_mimxrt1064.o(.text) referenced from startup_mimxrt1064.o(RESET)
 <LI><a href="#[c5]">LPI2C1_DriverIRQHandler</a> from fsl_lpi2c.o(.text.LPI2C1_DriverIRQHandler) referenced from startup_mimxrt1064.o(.text)
 <LI><a href="#[26]">LPI2C1_IRQHandler</a> from startup_mimxrt1064.o(.text) referenced from startup_mimxrt1064.o(RESET)
 <LI><a href="#[c6]">LPI2C2_DriverIRQHandler</a> from fsl_lpi2c.o(.text.LPI2C2_DriverIRQHandler) referenced from startup_mimxrt1064.o(.text)
 <LI><a href="#[27]">LPI2C2_IRQHandler</a> from startup_mimxrt1064.o(.text) referenced from startup_mimxrt1064.o(RESET)
 <LI><a href="#[c7]">LPI2C3_DriverIRQHandler</a> from fsl_lpi2c.o(.text.LPI2C3_DriverIRQHandler) referenced from startup_mimxrt1064.o(.text)
 <LI><a href="#[28]">LPI2C3_IRQHandler</a> from startup_mimxrt1064.o(.text) referenced from startup_mimxrt1064.o(RESET)
 <LI><a href="#[c8]">LPI2C4_DriverIRQHandler</a> from fsl_lpi2c.o(.text.LPI2C4_DriverIRQHandler) referenced from startup_mimxrt1064.o(.text)
 <LI><a href="#[29]">LPI2C4_IRQHandler</a> from startup_mimxrt1064.o(.text) referenced from startup_mimxrt1064.o(RESET)
 <LI><a href="#[c9]">LPSPI1_DriverIRQHandler</a> from fsl_lpspi.o(.text.LPSPI1_DriverIRQHandler) referenced from startup_mimxrt1064.o(.text)
 <LI><a href="#[2a]">LPSPI1_IRQHandler</a> from startup_mimxrt1064.o(.text) referenced from startup_mimxrt1064.o(RESET)
 <LI><a href="#[ca]">LPSPI2_DriverIRQHandler</a> from fsl_lpspi.o(.text.LPSPI2_DriverIRQHandler) referenced from startup_mimxrt1064.o(.text)
 <LI><a href="#[2b]">LPSPI2_IRQHandler</a> from startup_mimxrt1064.o(.text) referenced from startup_mimxrt1064.o(RESET)
 <LI><a href="#[cb]">LPSPI3_DriverIRQHandler</a> from fsl_lpspi.o(.text.LPSPI3_DriverIRQHandler) referenced from startup_mimxrt1064.o(.text)
 <LI><a href="#[2c]">LPSPI3_IRQHandler</a> from startup_mimxrt1064.o(.text) referenced from startup_mimxrt1064.o(RESET)
 <LI><a href="#[cc]">LPSPI4_DriverIRQHandler</a> from fsl_lpspi.o(.text.LPSPI4_DriverIRQHandler) referenced from startup_mimxrt1064.o(.text)
 <LI><a href="#[2d]">LPSPI4_IRQHandler</a> from startup_mimxrt1064.o(.text) referenced from startup_mimxrt1064.o(RESET)
 <LI><a href="#[bd]">LPUART1_DriverIRQHandler</a> from fsl_lpuart.o(.text.LPUART1_DriverIRQHandler) referenced from startup_mimxrt1064.o(.text)
 <LI><a href="#[1e]">LPUART1_IRQHandler</a> from startup_mimxrt1064.o(.text) referenced from startup_mimxrt1064.o(RESET)
 <LI><a href="#[be]">LPUART2_DriverIRQHandler</a> from fsl_lpuart.o(.text.LPUART2_DriverIRQHandler) referenced from startup_mimxrt1064.o(.text)
 <LI><a href="#[1f]">LPUART2_IRQHandler</a> from startup_mimxrt1064.o(.text) referenced from startup_mimxrt1064.o(RESET)
 <LI><a href="#[bf]">LPUART3_DriverIRQHandler</a> from fsl_lpuart.o(.text.LPUART3_DriverIRQHandler) referenced from startup_mimxrt1064.o(.text)
 <LI><a href="#[20]">LPUART3_IRQHandler</a> from startup_mimxrt1064.o(.text) referenced from startup_mimxrt1064.o(RESET)
 <LI><a href="#[c0]">LPUART4_DriverIRQHandler</a> from fsl_lpuart.o(.text.LPUART4_DriverIRQHandler) referenced from startup_mimxrt1064.o(.text)
 <LI><a href="#[21]">LPUART4_IRQHandler</a> from startup_mimxrt1064.o(.text) referenced from startup_mimxrt1064.o(RESET)
 <LI><a href="#[c1]">LPUART5_DriverIRQHandler</a> from fsl_lpuart.o(.text.LPUART5_DriverIRQHandler) referenced from startup_mimxrt1064.o(.text)
 <LI><a href="#[22]">LPUART5_IRQHandler</a> from startup_mimxrt1064.o(.text) referenced from startup_mimxrt1064.o(RESET)
 <LI><a href="#[c2]">LPUART6_DriverIRQHandler</a> from fsl_lpuart.o(.text.LPUART6_DriverIRQHandler) referenced from startup_mimxrt1064.o(.text)
 <LI><a href="#[23]">LPUART6_IRQHandler</a> from startup_mimxrt1064.o(.text) referenced from startup_mimxrt1064.o(RESET)
 <LI><a href="#[c3]">LPUART7_DriverIRQHandler</a> from fsl_lpuart.o(.text.LPUART7_DriverIRQHandler) referenced from startup_mimxrt1064.o(.text)
 <LI><a href="#[24]">LPUART7_IRQHandler</a> from startup_mimxrt1064.o(.text) referenced from startup_mimxrt1064.o(RESET)
 <LI><a href="#[c4]">LPUART8_DriverIRQHandler</a> from fsl_lpuart.o(.text.LPUART8_DriverIRQHandler) referenced from startup_mimxrt1064.o(.text)
 <LI><a href="#[25]">LPUART8_IRQHandler</a> from startup_mimxrt1064.o(.text) referenced from startup_mimxrt1064.o(RESET)
 <LI><a href="#[e2]">LPUART_TransferHandleIRQ</a> from fsl_lpuart.o(.text.LPUART_TransferHandleIRQ) referenced 2 times from fsl_lpuart.o(.text.LPUART_TransferCreateHandle)
 <LI><a href="#[3]">MemManage_Handler</a> from common.o(.text.MemManage_Handler) referenced from startup_mimxrt1064.o(RESET)
 <LI><a href="#[1]">NMI_Handler</a> from common.o(.text.NMI_Handler) referenced from startup_mimxrt1064.o(RESET)
 <LI><a href="#[84]">PIT_IRQHandler</a> from isr.o(.text.PIT_IRQHandler) referenced from startup_mimxrt1064.o(RESET)
 <LI><a href="#[47]">PMU_EVENT_IRQHandler</a> from startup_mimxrt1064.o(.text) referenced from startup_mimxrt1064.o(RESET)
 <LI><a href="#[70]">PWM1_0_IRQHandler</a> from startup_mimxrt1064.o(.text) referenced from startup_mimxrt1064.o(RESET)
 <LI><a href="#[71]">PWM1_1_IRQHandler</a> from startup_mimxrt1064.o(.text) referenced from startup_mimxrt1064.o(RESET)
 <LI><a href="#[72]">PWM1_2_IRQHandler</a> from startup_mimxrt1064.o(.text) referenced from startup_mimxrt1064.o(RESET)
 <LI><a href="#[73]">PWM1_3_IRQHandler</a> from startup_mimxrt1064.o(.text) referenced from startup_mimxrt1064.o(RESET)
 <LI><a href="#[74]">PWM1_FAULT_IRQHandler</a> from startup_mimxrt1064.o(.text) referenced from startup_mimxrt1064.o(RESET)
 <LI><a href="#[93]">PWM2_0_IRQHandler</a> from startup_mimxrt1064.o(.text) referenced from startup_mimxrt1064.o(RESET)
 <LI><a href="#[94]">PWM2_1_IRQHandler</a> from startup_mimxrt1064.o(.text) referenced from startup_mimxrt1064.o(RESET)
 <LI><a href="#[95]">PWM2_2_IRQHandler</a> from startup_mimxrt1064.o(.text) referenced from startup_mimxrt1064.o(RESET)
 <LI><a href="#[96]">PWM2_3_IRQHandler</a> from startup_mimxrt1064.o(.text) referenced from startup_mimxrt1064.o(RESET)
 <LI><a href="#[97]">PWM2_FAULT_IRQHandler</a> from startup_mimxrt1064.o(.text) referenced from startup_mimxrt1064.o(RESET)
 <LI><a href="#[98]">PWM3_0_IRQHandler</a> from startup_mimxrt1064.o(.text) referenced from startup_mimxrt1064.o(RESET)
 <LI><a href="#[99]">PWM3_1_IRQHandler</a> from startup_mimxrt1064.o(.text) referenced from startup_mimxrt1064.o(RESET)
 <LI><a href="#[9a]">PWM3_2_IRQHandler</a> from startup_mimxrt1064.o(.text) referenced from startup_mimxrt1064.o(RESET)
 <LI><a href="#[9b]">PWM3_3_IRQHandler</a> from startup_mimxrt1064.o(.text) referenced from startup_mimxrt1064.o(RESET)
 <LI><a href="#[9c]">PWM3_FAULT_IRQHandler</a> from startup_mimxrt1064.o(.text) referenced from startup_mimxrt1064.o(RESET)
 <LI><a href="#[9d]">PWM4_0_IRQHandler</a> from startup_mimxrt1064.o(.text) referenced from startup_mimxrt1064.o(RESET)
 <LI><a href="#[9e]">PWM4_1_IRQHandler</a> from startup_mimxrt1064.o(.text) referenced from startup_mimxrt1064.o(RESET)
 <LI><a href="#[9f]">PWM4_2_IRQHandler</a> from startup_mimxrt1064.o(.text) referenced from startup_mimxrt1064.o(RESET)
 <LI><a href="#[a0]">PWM4_3_IRQHandler</a> from startup_mimxrt1064.o(.text) referenced from startup_mimxrt1064.o(RESET)
 <LI><a href="#[a1]">PWM4_FAULT_IRQHandler</a> from startup_mimxrt1064.o(.text) referenced from startup_mimxrt1064.o(RESET)
 <LI><a href="#[36]">PXP_IRQHandler</a> from startup_mimxrt1064.o(.text) referenced from startup_mimxrt1064.o(RESET)
 <LI><a href="#[8]">PendSV_Handler</a> from common.o(.text.PendSV_Handler) referenced from startup_mimxrt1064.o(RESET)
 <LI><a href="#[67]">RTWDOG_IRQHandler</a> from startup_mimxrt1064.o(.text) referenced from startup_mimxrt1064.o(RESET)
 <LI><a href="#[6d]">Reserved115_IRQHandler</a> from startup_mimxrt1064.o(.text) referenced from startup_mimxrt1064.o(RESET)
 <LI><a href="#[89]">Reserved143_IRQHandler</a> from startup_mimxrt1064.o(.text) referenced from startup_mimxrt1064.o(RESET)
 <LI><a href="#[8a]">Reserved144_IRQHandler</a> from startup_mimxrt1064.o(.text) referenced from startup_mimxrt1064.o(RESET)
 <LI><a href="#[a5]">Reserved171_IRQHandler</a> from startup_mimxrt1064.o(.text) referenced from startup_mimxrt1064.o(RESET)
 <LI><a href="#[3e]">Reserved68_IRQHandler</a> from startup_mimxrt1064.o(.text) referenced from startup_mimxrt1064.o(RESET)
 <LI><a href="#[48]">Reserved78_IRQHandler</a> from startup_mimxrt1064.o(.text) referenced from startup_mimxrt1064.o(RESET)
 <LI><a href="#[50]">Reserved86_IRQHandler</a> from startup_mimxrt1064.o(.text) referenced from startup_mimxrt1064.o(RESET)
 <LI><a href="#[51]">Reserved87_IRQHandler</a> from startup_mimxrt1064.o(.text) referenced from startup_mimxrt1064.o(RESET)
 <LI><a href="#[0]">Reset_Handler</a> from startup_mimxrt1064.o(.text) referenced from startup_mimxrt1064.o(RESET)
 <LI><a href="#[cf]">SAI1_DriverIRQHandler</a> from fsl_sai.o(.text.SAI1_DriverIRQHandler) referenced from startup_mimxrt1064.o(.text)
 <LI><a href="#[42]">SAI1_IRQHandler</a> from startup_mimxrt1064.o(.text) referenced from startup_mimxrt1064.o(RESET)
 <LI><a href="#[d0]">SAI2_DriverIRQHandler</a> from fsl_sai.o(.text.SAI2_DriverIRQHandler) referenced from startup_mimxrt1064.o(.text)
 <LI><a href="#[43]">SAI2_IRQHandler</a> from startup_mimxrt1064.o(.text) referenced from startup_mimxrt1064.o(RESET)
 <LI><a href="#[d1]">SAI3_RX_DriverIRQHandler</a> from fsl_sai.o(.text.SAI3_RX_DriverIRQHandler) referenced from startup_mimxrt1064.o(.text)
 <LI><a href="#[44]">SAI3_RX_IRQHandler</a> from startup_mimxrt1064.o(.text) referenced from startup_mimxrt1064.o(RESET)
 <LI><a href="#[d2]">SAI3_TX_DriverIRQHandler</a> from fsl_sai.o(.text.SAI3_TX_DriverIRQHandler) referenced from startup_mimxrt1064.o(.text)
 <LI><a href="#[45]">SAI3_TX_IRQHandler</a> from startup_mimxrt1064.o(.text) referenced from startup_mimxrt1064.o(RESET)
 <LI><a href="#[77]">SEMC_IRQHandler</a> from startup_mimxrt1064.o(.text) referenced from startup_mimxrt1064.o(RESET)
 <LI><a href="#[40]">SJC_IRQHandler</a> from startup_mimxrt1064.o(.text) referenced from startup_mimxrt1064.o(RESET)
 <LI><a href="#[38]">SNVS_HP_WRAPPER_IRQHandler</a> from startup_mimxrt1064.o(.text) referenced from startup_mimxrt1064.o(RESET)
 <LI><a href="#[39]">SNVS_HP_WRAPPER_TZ_IRQHandler</a> from startup_mimxrt1064.o(.text) referenced from startup_mimxrt1064.o(RESET)
 <LI><a href="#[3a]">SNVS_LP_WRAPPER_IRQHandler</a> from startup_mimxrt1064.o(.text) referenced from startup_mimxrt1064.o(RESET)
 <LI><a href="#[d3]">SPDIF_DriverIRQHandler</a> from fsl_spdif.o(.text.SPDIF_DriverIRQHandler) referenced from startup_mimxrt1064.o(.text)
 <LI><a href="#[46]">SPDIF_IRQHandler</a> from startup_mimxrt1064.o(.text) referenced from startup_mimxrt1064.o(RESET)
 <LI><a href="#[6c]">SRC_IRQHandler</a> from startup_mimxrt1064.o(.text) referenced from startup_mimxrt1064.o(RESET)
 <LI><a href="#[6]">SVC_Handler</a> from common.o(.text.SVC_Handler) referenced from startup_mimxrt1064.o(RESET)
 <LI><a href="#[9]">SysTick_Handler</a> from fsl_sdmmc_event.o(.text.SysTick_Handler) referenced from startup_mimxrt1064.o(RESET)
 <LI><a href="#[aa]">SystemInit</a> from system_mimxrt1064.o(.text.SystemInit) referenced from startup_mimxrt1064.o(.text)
 <LI><a href="#[49]">TEMP_LOW_HIGH_IRQHandler</a> from startup_mimxrt1064.o(.text) referenced from startup_mimxrt1064.o(RESET)
 <LI><a href="#[4a]">TEMP_PANIC_IRQHandler</a> from startup_mimxrt1064.o(.text) referenced from startup_mimxrt1064.o(RESET)
 <LI><a href="#[8f]">TMR1_IRQHandler</a> from startup_mimxrt1064.o(.text) referenced from startup_mimxrt1064.o(RESET)
 <LI><a href="#[90]">TMR2_IRQHandler</a> from startup_mimxrt1064.o(.text) referenced from startup_mimxrt1064.o(RESET)
 <LI><a href="#[91]">TMR3_IRQHandler</a> from startup_mimxrt1064.o(.text) referenced from startup_mimxrt1064.o(RESET)
 <LI><a href="#[92]">TMR4_IRQHandler</a> from startup_mimxrt1064.o(.text) referenced from startup_mimxrt1064.o(RESET)
 <LI><a href="#[3f]">TRNG_IRQHandler</a> from startup_mimxrt1064.o(.text) referenced from startup_mimxrt1064.o(RESET)
 <LI><a href="#[32]">TSC_DIG_IRQHandler</a> from startup_mimxrt1064.o(.text) referenced from startup_mimxrt1064.o(RESET)
 <LI><a href="#[7b]">USB_OTG1_IRQHandler</a> from zf_usb_cdc.o(.text.USB_OTG1_IRQHandler) referenced from startup_mimxrt1064.o(RESET)
 <LI><a href="#[7a]">USB_OTG2_IRQHandler</a> from zf_usb_cdc.o(.text.USB_OTG2_IRQHandler) referenced from startup_mimxrt1064.o(RESET)
 <LI><a href="#[4b]">USB_PHY1_IRQHandler</a> from startup_mimxrt1064.o(.text) referenced from startup_mimxrt1064.o(RESET)
 <LI><a href="#[4c]">USB_PHY2_IRQHandler</a> from startup_mimxrt1064.o(.text) referenced from startup_mimxrt1064.o(RESET)
 <LI><a href="#[d8]">USDHC1_DriverIRQHandler</a> from fsl_usdhc.o(.text.USDHC1_DriverIRQHandler) referenced from startup_mimxrt1064.o(.text)
 <LI><a href="#[78]">USDHC1_IRQHandler</a> from startup_mimxrt1064.o(.text) referenced from startup_mimxrt1064.o(RESET)
 <LI><a href="#[d9]">USDHC2_DriverIRQHandler</a> from fsl_usdhc.o(.text.USDHC2_DriverIRQHandler) referenced from startup_mimxrt1064.o(.text)
 <LI><a href="#[79]">USDHC2_IRQHandler</a> from startup_mimxrt1064.o(.text) referenced from startup_mimxrt1064.o(RESET)
 <LI><a href="#[5]">UsageFault_Handler</a> from common.o(.text.UsageFault_Handler) referenced from startup_mimxrt1064.o(RESET)
 <LI><a href="#[66]">WDOG1_IRQHandler</a> from startup_mimxrt1064.o(.text) referenced from startup_mimxrt1064.o(RESET)
 <LI><a href="#[37]">WDOG2_IRQHandler</a> from startup_mimxrt1064.o(.text) referenced from startup_mimxrt1064.o(RESET)
 <LI><a href="#[7e]">XBAR1_IRQ_0_1_IRQHandler</a> from startup_mimxrt1064.o(.text) referenced from startup_mimxrt1064.o(RESET)
 <LI><a href="#[7f]">XBAR1_IRQ_2_3_IRQHandler</a> from startup_mimxrt1064.o(.text) referenced from startup_mimxrt1064.o(RESET)
 <LI><a href="#[ab]">__main</a> from entry.o(.ARM.Collect$$$$00000000) referenced from startup_mimxrt1064.o(.text)
 <LI><a href="#[e4]">csi_isr</a> from seekfree_mt9v03x_csi.o(.text.csi_isr) referenced 2 times from seekfree_mt9v03x_csi.o(.text.mt9v03x_csi_init)
 <LI><a href="#[e3]">csi_mt9v03x_uart_callback</a> from seekfree_mt9v03x_csi.o(.text.csi_mt9v03x_uart_callback) referenced 2 times from seekfree_mt9v03x_csi.o(.text.mt9v03x_csi_init)
 <LI><a href="#[a9]">main</a> from main.o(.text.main) referenced from entry9a.o(.ARM.Collect$$$$0000000B)
 <LI><a href="#[e5]">wireless_uart_callback</a> from seekfree_wireless.o(.text.wireless_uart_callback) referenced 2 times from seekfree_wireless.o(.text.seekfree_wireless_init)
</UL>
<P>
<H3>
Global Symbols
</H3>
<P><STRONG><a name="[ab]"></a>__main</STRONG> (Thumb, 0 bytes, Stack size unknown bytes, entry.o(.ARM.Collect$$$$00000000))
<BR>[Address Reference Count : 1]<UL><LI> startup_mimxrt1064.o(.text)
</UL>
<P><STRONG><a name="[24d]"></a>_main_stk</STRONG> (Thumb, 0 bytes, Stack size unknown bytes, entry4.o(.ARM.Collect$$$$00000003))

<P><STRONG><a name="[249]"></a>_main_scatterload</STRONG> (Thumb, 0 bytes, Stack size unknown bytes, entry5.o(.ARM.Collect$$$$00000004))
<BR><BR>[Calls]<UL><LI><a href="#[24a]">&gt;&gt;</a>&nbsp;&nbsp;&nbsp;__scatterload
</UL>

<P><STRONG><a name="[24b]"></a>__main_after_scatterload</STRONG> (Thumb, 0 bytes, Stack size unknown bytes, entry5.o(.ARM.Collect$$$$00000004))
<BR><BR>[Called By]<UL><LI><a href="#[24a]">&gt;&gt;</a>&nbsp;&nbsp;&nbsp;__scatterload
</UL>

<P><STRONG><a name="[24e]"></a>_main_clock</STRONG> (Thumb, 0 bytes, Stack size unknown bytes, entry7b.o(.ARM.Collect$$$$00000008))

<P><STRONG><a name="[24f]"></a>_main_cpp_init</STRONG> (Thumb, 0 bytes, Stack size unknown bytes, entry8b.o(.ARM.Collect$$$$0000000A))

<P><STRONG><a name="[250]"></a>_main_init</STRONG> (Thumb, 0 bytes, Stack size unknown bytes, entry9a.o(.ARM.Collect$$$$0000000B))

<P><STRONG><a name="[251]"></a>__rt_final_cpp</STRONG> (Thumb, 0 bytes, Stack size unknown bytes, entry10a.o(.ARM.Collect$$$$0000000D))

<P><STRONG><a name="[252]"></a>__rt_final_exit</STRONG> (Thumb, 0 bytes, Stack size unknown bytes, entry11a.o(.ARM.Collect$$$$0000000F))

<P><STRONG><a name="[0]"></a>Reset_Handler</STRONG> (Thumb, 76 bytes, Stack size 0 bytes, startup_mimxrt1064.o(.text))
<BR>[Address Reference Count : 1]<UL><LI> startup_mimxrt1064.o(RESET)
</UL>
<P><STRONG><a name="[a]"></a>DMA0_DMA16_IRQHandler</STRONG> (Thumb, 4 bytes, Stack size 0 bytes, startup_mimxrt1064.o(.text))
<BR>[Address Reference Count : 1]<UL><LI> startup_mimxrt1064.o(RESET)
</UL>
<P><STRONG><a name="[b]"></a>DMA1_DMA17_IRQHandler</STRONG> (Thumb, 4 bytes, Stack size 0 bytes, startup_mimxrt1064.o(.text))
<BR>[Address Reference Count : 1]<UL><LI> startup_mimxrt1064.o(RESET)
</UL>
<P><STRONG><a name="[c]"></a>DMA2_DMA18_IRQHandler</STRONG> (Thumb, 4 bytes, Stack size 0 bytes, startup_mimxrt1064.o(.text))
<BR>[Address Reference Count : 1]<UL><LI> startup_mimxrt1064.o(RESET)
</UL>
<P><STRONG><a name="[d]"></a>DMA3_DMA19_IRQHandler</STRONG> (Thumb, 4 bytes, Stack size 0 bytes, startup_mimxrt1064.o(.text))
<BR>[Address Reference Count : 1]<UL><LI> startup_mimxrt1064.o(RESET)
</UL>
<P><STRONG><a name="[e]"></a>DMA4_DMA20_IRQHandler</STRONG> (Thumb, 4 bytes, Stack size 0 bytes, startup_mimxrt1064.o(.text))
<BR>[Address Reference Count : 1]<UL><LI> startup_mimxrt1064.o(RESET)
</UL>
<P><STRONG><a name="[f]"></a>DMA5_DMA21_IRQHandler</STRONG> (Thumb, 4 bytes, Stack size 0 bytes, startup_mimxrt1064.o(.text))
<BR>[Address Reference Count : 1]<UL><LI> startup_mimxrt1064.o(RESET)
</UL>
<P><STRONG><a name="[10]"></a>DMA6_DMA22_IRQHandler</STRONG> (Thumb, 4 bytes, Stack size 0 bytes, startup_mimxrt1064.o(.text))
<BR>[Address Reference Count : 1]<UL><LI> startup_mimxrt1064.o(RESET)
</UL>
<P><STRONG><a name="[11]"></a>DMA7_DMA23_IRQHandler</STRONG> (Thumb, 4 bytes, Stack size 0 bytes, startup_mimxrt1064.o(.text))
<BR>[Address Reference Count : 1]<UL><LI> startup_mimxrt1064.o(RESET)
</UL>
<P><STRONG><a name="[12]"></a>DMA8_DMA24_IRQHandler</STRONG> (Thumb, 4 bytes, Stack size 0 bytes, startup_mimxrt1064.o(.text))
<BR>[Address Reference Count : 1]<UL><LI> startup_mimxrt1064.o(RESET)
</UL>
<P><STRONG><a name="[13]"></a>DMA9_DMA25_IRQHandler</STRONG> (Thumb, 4 bytes, Stack size 0 bytes, startup_mimxrt1064.o(.text))
<BR>[Address Reference Count : 1]<UL><LI> startup_mimxrt1064.o(RESET)
</UL>
<P><STRONG><a name="[14]"></a>DMA10_DMA26_IRQHandler</STRONG> (Thumb, 4 bytes, Stack size 0 bytes, startup_mimxrt1064.o(.text))
<BR>[Address Reference Count : 1]<UL><LI> startup_mimxrt1064.o(RESET)
</UL>
<P><STRONG><a name="[15]"></a>DMA11_DMA27_IRQHandler</STRONG> (Thumb, 4 bytes, Stack size 0 bytes, startup_mimxrt1064.o(.text))
<BR>[Address Reference Count : 1]<UL><LI> startup_mimxrt1064.o(RESET)
</UL>
<P><STRONG><a name="[16]"></a>DMA12_DMA28_IRQHandler</STRONG> (Thumb, 4 bytes, Stack size 0 bytes, startup_mimxrt1064.o(.text))
<BR>[Address Reference Count : 1]<UL><LI> startup_mimxrt1064.o(RESET)
</UL>
<P><STRONG><a name="[17]"></a>DMA13_DMA29_IRQHandler</STRONG> (Thumb, 4 bytes, Stack size 0 bytes, startup_mimxrt1064.o(.text))
<BR>[Address Reference Count : 1]<UL><LI> startup_mimxrt1064.o(RESET)
</UL>
<P><STRONG><a name="[18]"></a>DMA14_DMA30_IRQHandler</STRONG> (Thumb, 4 bytes, Stack size 0 bytes, startup_mimxrt1064.o(.text))
<BR>[Address Reference Count : 1]<UL><LI> startup_mimxrt1064.o(RESET)
</UL>
<P><STRONG><a name="[19]"></a>DMA15_DMA31_IRQHandler</STRONG> (Thumb, 4 bytes, Stack size 0 bytes, startup_mimxrt1064.o(.text))
<BR>[Address Reference Count : 1]<UL><LI> startup_mimxrt1064.o(RESET)
</UL>
<P><STRONG><a name="[1a]"></a>DMA_ERROR_IRQHandler</STRONG> (Thumb, 4 bytes, Stack size 0 bytes, startup_mimxrt1064.o(.text))
<BR>[Address Reference Count : 1]<UL><LI> startup_mimxrt1064.o(RESET)
</UL>
<P><STRONG><a name="[1e]"></a>LPUART1_IRQHandler</STRONG> (Thumb, 4 bytes, Stack size 0 bytes, startup_mimxrt1064.o(.text))
<BR>[Address Reference Count : 1]<UL><LI> startup_mimxrt1064.o(RESET)
</UL>
<P><STRONG><a name="[1f]"></a>LPUART2_IRQHandler</STRONG> (Thumb, 4 bytes, Stack size 0 bytes, startup_mimxrt1064.o(.text))
<BR>[Address Reference Count : 1]<UL><LI> startup_mimxrt1064.o(RESET)
</UL>
<P><STRONG><a name="[20]"></a>LPUART3_IRQHandler</STRONG> (Thumb, 4 bytes, Stack size 0 bytes, startup_mimxrt1064.o(.text))
<BR>[Address Reference Count : 1]<UL><LI> startup_mimxrt1064.o(RESET)
</UL>
<P><STRONG><a name="[21]"></a>LPUART4_IRQHandler</STRONG> (Thumb, 4 bytes, Stack size 0 bytes, startup_mimxrt1064.o(.text))
<BR>[Address Reference Count : 1]<UL><LI> startup_mimxrt1064.o(RESET)
</UL>
<P><STRONG><a name="[22]"></a>LPUART5_IRQHandler</STRONG> (Thumb, 4 bytes, Stack size 0 bytes, startup_mimxrt1064.o(.text))
<BR>[Address Reference Count : 1]<UL><LI> startup_mimxrt1064.o(RESET)
</UL>
<P><STRONG><a name="[23]"></a>LPUART6_IRQHandler</STRONG> (Thumb, 4 bytes, Stack size 0 bytes, startup_mimxrt1064.o(.text))
<BR>[Address Reference Count : 1]<UL><LI> startup_mimxrt1064.o(RESET)
</UL>
<P><STRONG><a name="[24]"></a>LPUART7_IRQHandler</STRONG> (Thumb, 4 bytes, Stack size 0 bytes, startup_mimxrt1064.o(.text))
<BR>[Address Reference Count : 1]<UL><LI> startup_mimxrt1064.o(RESET)
</UL>
<P><STRONG><a name="[25]"></a>LPUART8_IRQHandler</STRONG> (Thumb, 4 bytes, Stack size 0 bytes, startup_mimxrt1064.o(.text))
<BR>[Address Reference Count : 1]<UL><LI> startup_mimxrt1064.o(RESET)
</UL>
<P><STRONG><a name="[26]"></a>LPI2C1_IRQHandler</STRONG> (Thumb, 4 bytes, Stack size 0 bytes, startup_mimxrt1064.o(.text))
<BR>[Address Reference Count : 1]<UL><LI> startup_mimxrt1064.o(RESET)
</UL>
<P><STRONG><a name="[27]"></a>LPI2C2_IRQHandler</STRONG> (Thumb, 4 bytes, Stack size 0 bytes, startup_mimxrt1064.o(.text))
<BR>[Address Reference Count : 1]<UL><LI> startup_mimxrt1064.o(RESET)
</UL>
<P><STRONG><a name="[28]"></a>LPI2C3_IRQHandler</STRONG> (Thumb, 4 bytes, Stack size 0 bytes, startup_mimxrt1064.o(.text))
<BR>[Address Reference Count : 1]<UL><LI> startup_mimxrt1064.o(RESET)
</UL>
<P><STRONG><a name="[29]"></a>LPI2C4_IRQHandler</STRONG> (Thumb, 4 bytes, Stack size 0 bytes, startup_mimxrt1064.o(.text))
<BR>[Address Reference Count : 1]<UL><LI> startup_mimxrt1064.o(RESET)
</UL>
<P><STRONG><a name="[2a]"></a>LPSPI1_IRQHandler</STRONG> (Thumb, 4 bytes, Stack size 0 bytes, startup_mimxrt1064.o(.text))
<BR>[Address Reference Count : 1]<UL><LI> startup_mimxrt1064.o(RESET)
</UL>
<P><STRONG><a name="[2b]"></a>LPSPI2_IRQHandler</STRONG> (Thumb, 4 bytes, Stack size 0 bytes, startup_mimxrt1064.o(.text))
<BR>[Address Reference Count : 1]<UL><LI> startup_mimxrt1064.o(RESET)
</UL>
<P><STRONG><a name="[2c]"></a>LPSPI3_IRQHandler</STRONG> (Thumb, 4 bytes, Stack size 0 bytes, startup_mimxrt1064.o(.text))
<BR>[Address Reference Count : 1]<UL><LI> startup_mimxrt1064.o(RESET)
</UL>
<P><STRONG><a name="[2d]"></a>LPSPI4_IRQHandler</STRONG> (Thumb, 4 bytes, Stack size 0 bytes, startup_mimxrt1064.o(.text))
<BR>[Address Reference Count : 1]<UL><LI> startup_mimxrt1064.o(RESET)
</UL>
<P><STRONG><a name="[2e]"></a>CAN1_IRQHandler</STRONG> (Thumb, 4 bytes, Stack size 0 bytes, startup_mimxrt1064.o(.text))
<BR>[Address Reference Count : 1]<UL><LI> startup_mimxrt1064.o(RESET)
</UL>
<P><STRONG><a name="[2f]"></a>CAN2_IRQHandler</STRONG> (Thumb, 4 bytes, Stack size 0 bytes, startup_mimxrt1064.o(.text))
<BR>[Address Reference Count : 1]<UL><LI> startup_mimxrt1064.o(RESET)
</UL>
<P><STRONG><a name="[42]"></a>SAI1_IRQHandler</STRONG> (Thumb, 4 bytes, Stack size 0 bytes, startup_mimxrt1064.o(.text))
<BR>[Address Reference Count : 1]<UL><LI> startup_mimxrt1064.o(RESET)
</UL>
<P><STRONG><a name="[43]"></a>SAI2_IRQHandler</STRONG> (Thumb, 4 bytes, Stack size 0 bytes, startup_mimxrt1064.o(.text))
<BR>[Address Reference Count : 1]<UL><LI> startup_mimxrt1064.o(RESET)
</UL>
<P><STRONG><a name="[44]"></a>SAI3_RX_IRQHandler</STRONG> (Thumb, 4 bytes, Stack size 0 bytes, startup_mimxrt1064.o(.text))
<BR>[Address Reference Count : 1]<UL><LI> startup_mimxrt1064.o(RESET)
</UL>
<P><STRONG><a name="[45]"></a>SAI3_TX_IRQHandler</STRONG> (Thumb, 4 bytes, Stack size 0 bytes, startup_mimxrt1064.o(.text))
<BR>[Address Reference Count : 1]<UL><LI> startup_mimxrt1064.o(RESET)
</UL>
<P><STRONG><a name="[46]"></a>SPDIF_IRQHandler</STRONG> (Thumb, 4 bytes, Stack size 0 bytes, startup_mimxrt1064.o(.text))
<BR>[Address Reference Count : 1]<UL><LI> startup_mimxrt1064.o(RESET)
</UL>
<P><STRONG><a name="[64]"></a>FLEXIO1_IRQHandler</STRONG> (Thumb, 4 bytes, Stack size 0 bytes, startup_mimxrt1064.o(.text))
<BR>[Address Reference Count : 1]<UL><LI> startup_mimxrt1064.o(RESET)
</UL>
<P><STRONG><a name="[65]"></a>FLEXIO2_IRQHandler</STRONG> (Thumb, 4 bytes, Stack size 0 bytes, startup_mimxrt1064.o(.text))
<BR>[Address Reference Count : 1]<UL><LI> startup_mimxrt1064.o(RESET)
</UL>
<P><STRONG><a name="[75]"></a>FLEXSPI2_IRQHandler</STRONG> (Thumb, 4 bytes, Stack size 0 bytes, startup_mimxrt1064.o(.text))
<BR>[Address Reference Count : 1]<UL><LI> startup_mimxrt1064.o(RESET)
</UL>
<P><STRONG><a name="[76]"></a>FLEXSPI_IRQHandler</STRONG> (Thumb, 4 bytes, Stack size 0 bytes, startup_mimxrt1064.o(.text))
<BR>[Address Reference Count : 1]<UL><LI> startup_mimxrt1064.o(RESET)
</UL>
<P><STRONG><a name="[78]"></a>USDHC1_IRQHandler</STRONG> (Thumb, 4 bytes, Stack size 0 bytes, startup_mimxrt1064.o(.text))
<BR>[Address Reference Count : 1]<UL><LI> startup_mimxrt1064.o(RESET)
</UL>
<P><STRONG><a name="[79]"></a>USDHC2_IRQHandler</STRONG> (Thumb, 4 bytes, Stack size 0 bytes, startup_mimxrt1064.o(.text))
<BR>[Address Reference Count : 1]<UL><LI> startup_mimxrt1064.o(RESET)
</UL>
<P><STRONG><a name="[7c]"></a>ENET_IRQHandler</STRONG> (Thumb, 4 bytes, Stack size 0 bytes, startup_mimxrt1064.o(.text))
<BR>[Address Reference Count : 1]<UL><LI> startup_mimxrt1064.o(RESET)
</UL>
<P><STRONG><a name="[a2]"></a>ENET2_IRQHandler</STRONG> (Thumb, 4 bytes, Stack size 0 bytes, startup_mimxrt1064.o(.text))
<BR>[Address Reference Count : 1]<UL><LI> startup_mimxrt1064.o(RESET)
</UL>
<P><STRONG><a name="[a3]"></a>ENET2_1588_Timer_IRQHandler</STRONG> (Thumb, 4 bytes, Stack size 0 bytes, startup_mimxrt1064.o(.text))
<BR>[Address Reference Count : 1]<UL><LI> startup_mimxrt1064.o(RESET)
</UL>
<P><STRONG><a name="[a4]"></a>CAN3_IRQHandler</STRONG> (Thumb, 4 bytes, Stack size 0 bytes, startup_mimxrt1064.o(.text))
<BR>[Address Reference Count : 1]<UL><LI> startup_mimxrt1064.o(RESET)
</UL>
<P><STRONG><a name="[a6]"></a>FLEXIO3_IRQHandler</STRONG> (Thumb, 4 bytes, Stack size 0 bytes, startup_mimxrt1064.o(.text))
<BR>[Address Reference Count : 1]<UL><LI> startup_mimxrt1064.o(RESET)
</UL>
<P><STRONG><a name="[85]"></a>ACMP1_IRQHandler</STRONG> (Thumb, 0 bytes, Stack size 0 bytes, startup_mimxrt1064.o(.text))
<BR>[Address Reference Count : 1]<UL><LI> startup_mimxrt1064.o(RESET)
</UL>
<P><STRONG><a name="[86]"></a>ACMP2_IRQHandler</STRONG> (Thumb, 0 bytes, Stack size 0 bytes, startup_mimxrt1064.o(.text))
<BR>[Address Reference Count : 1]<UL><LI> startup_mimxrt1064.o(RESET)
</UL>
<P><STRONG><a name="[87]"></a>ACMP3_IRQHandler</STRONG> (Thumb, 0 bytes, Stack size 0 bytes, startup_mimxrt1064.o(.text))
<BR>[Address Reference Count : 1]<UL><LI> startup_mimxrt1064.o(RESET)
</UL>
<P><STRONG><a name="[88]"></a>ACMP4_IRQHandler</STRONG> (Thumb, 0 bytes, Stack size 0 bytes, startup_mimxrt1064.o(.text))
<BR>[Address Reference Count : 1]<UL><LI> startup_mimxrt1064.o(RESET)
</UL>
<P><STRONG><a name="[4d]"></a>ADC1_IRQHandler</STRONG> (Thumb, 0 bytes, Stack size 0 bytes, startup_mimxrt1064.o(.text))
<BR>[Address Reference Count : 1]<UL><LI> startup_mimxrt1064.o(RESET)
</UL>
<P><STRONG><a name="[4e]"></a>ADC2_IRQHandler</STRONG> (Thumb, 0 bytes, Stack size 0 bytes, startup_mimxrt1064.o(.text))
<BR>[Address Reference Count : 1]<UL><LI> startup_mimxrt1064.o(RESET)
</UL>
<P><STRONG><a name="[83]"></a>ADC_ETC_ERROR_IRQ_IRQHandler</STRONG> (Thumb, 0 bytes, Stack size 0 bytes, startup_mimxrt1064.o(.text))
<BR>[Address Reference Count : 1]<UL><LI> startup_mimxrt1064.o(RESET)
</UL>
<P><STRONG><a name="[80]"></a>ADC_ETC_IRQ0_IRQHandler</STRONG> (Thumb, 0 bytes, Stack size 0 bytes, startup_mimxrt1064.o(.text))
<BR>[Address Reference Count : 1]<UL><LI> startup_mimxrt1064.o(RESET)
</UL>
<P><STRONG><a name="[81]"></a>ADC_ETC_IRQ1_IRQHandler</STRONG> (Thumb, 0 bytes, Stack size 0 bytes, startup_mimxrt1064.o(.text))
<BR>[Address Reference Count : 1]<UL><LI> startup_mimxrt1064.o(RESET)
</UL>
<P><STRONG><a name="[82]"></a>ADC_ETC_IRQ2_IRQHandler</STRONG> (Thumb, 0 bytes, Stack size 0 bytes, startup_mimxrt1064.o(.text))
<BR>[Address Reference Count : 1]<UL><LI> startup_mimxrt1064.o(RESET)
</UL>
<P><STRONG><a name="[41]"></a>BEE_IRQHandler</STRONG> (Thumb, 0 bytes, Stack size 0 bytes, startup_mimxrt1064.o(.text))
<BR>[Address Reference Count : 1]<UL><LI> startup_mimxrt1064.o(RESET)
</UL>
<P><STRONG><a name="[69]"></a>CCM_1_IRQHandler</STRONG> (Thumb, 0 bytes, Stack size 0 bytes, startup_mimxrt1064.o(.text))
<BR>[Address Reference Count : 1]<UL><LI> startup_mimxrt1064.o(RESET)
</UL>
<P><STRONG><a name="[6a]"></a>CCM_2_IRQHandler</STRONG> (Thumb, 0 bytes, Stack size 0 bytes, startup_mimxrt1064.o(.text))
<BR>[Address Reference Count : 1]<UL><LI> startup_mimxrt1064.o(RESET)
</UL>
<P><STRONG><a name="[1d]"></a>CORE_IRQHandler</STRONG> (Thumb, 0 bytes, Stack size 0 bytes, startup_mimxrt1064.o(.text))
<BR>[Address Reference Count : 1]<UL><LI> startup_mimxrt1064.o(RESET)
</UL>
<P><STRONG><a name="[3b]"></a>CSU_IRQHandler</STRONG> (Thumb, 0 bytes, Stack size 0 bytes, startup_mimxrt1064.o(.text))
<BR>[Address Reference Count : 1]<UL><LI> startup_mimxrt1064.o(RESET)
</UL>
<P><STRONG><a name="[1b]"></a>CTI0_ERROR_IRQHandler</STRONG> (Thumb, 0 bytes, Stack size 0 bytes, startup_mimxrt1064.o(.text))
<BR>[Address Reference Count : 1]<UL><LI> startup_mimxrt1064.o(RESET)
</UL>
<P><STRONG><a name="[1c]"></a>CTI1_ERROR_IRQHandler</STRONG> (Thumb, 0 bytes, Stack size 0 bytes, startup_mimxrt1064.o(.text))
<BR>[Address Reference Count : 1]<UL><LI> startup_mimxrt1064.o(RESET)
</UL>
<P><STRONG><a name="[4f]"></a>DCDC_IRQHandler</STRONG> (Thumb, 0 bytes, Stack size 0 bytes, startup_mimxrt1064.o(.text))
<BR>[Address Reference Count : 1]<UL><LI> startup_mimxrt1064.o(RESET)
</UL>
<P><STRONG><a name="[3c]"></a>DCP_IRQHandler</STRONG> (Thumb, 0 bytes, Stack size 0 bytes, startup_mimxrt1064.o(.text))
<BR>[Address Reference Count : 1]<UL><LI> startup_mimxrt1064.o(RESET)
</UL>
<P><STRONG><a name="[3d]"></a>DCP_VMI_IRQHandler</STRONG> (Thumb, 0 bytes, Stack size 0 bytes, startup_mimxrt1064.o(.text))
<BR>[Address Reference Count : 1]<UL><LI> startup_mimxrt1064.o(RESET)
</UL>
<P><STRONG><a name="[bc]"></a>DMA_ERROR_DriverIRQHandler</STRONG> (Thumb, 0 bytes, Stack size 0 bytes, startup_mimxrt1064.o(.text))
<BR>[Address Reference Count : 1]<UL><LI> startup_mimxrt1064.o(.text)
</UL>
<P><STRONG><a name="[a8]"></a>DefaultISR</STRONG> (Thumb, 0 bytes, Stack size 0 bytes, startup_mimxrt1064.o(.text))
<BR>[Address Reference Count : 5]<UL><LI> fsl_flexcan.o(.data.s_flexcanIsr)
<LI> fsl_lpuart.o(.data.s_lpuartIsr)
<LI> startup_mimxrt1064.o(RESET)
<LI> startup_mimxrt1064.o(.text)
<LI> fsl_usdhc.o(.data.s_usdhcIsr)
</UL>
<P><STRONG><a name="[8b]"></a>ENC1_IRQHandler</STRONG> (Thumb, 0 bytes, Stack size 0 bytes, startup_mimxrt1064.o(.text))
<BR>[Address Reference Count : 1]<UL><LI> startup_mimxrt1064.o(RESET)
</UL>
<P><STRONG><a name="[8c]"></a>ENC2_IRQHandler</STRONG> (Thumb, 0 bytes, Stack size 0 bytes, startup_mimxrt1064.o(.text))
<BR>[Address Reference Count : 1]<UL><LI> startup_mimxrt1064.o(RESET)
</UL>
<P><STRONG><a name="[8d]"></a>ENC3_IRQHandler</STRONG> (Thumb, 0 bytes, Stack size 0 bytes, startup_mimxrt1064.o(.text))
<BR>[Address Reference Count : 1]<UL><LI> startup_mimxrt1064.o(RESET)
</UL>
<P><STRONG><a name="[8e]"></a>ENC4_IRQHandler</STRONG> (Thumb, 0 bytes, Stack size 0 bytes, startup_mimxrt1064.o(.text))
<BR>[Address Reference Count : 1]<UL><LI> startup_mimxrt1064.o(RESET)
</UL>
<P><STRONG><a name="[dd]"></a>ENET2_1588_Timer_DriverIRQHandler</STRONG> (Thumb, 0 bytes, Stack size 0 bytes, startup_mimxrt1064.o(.text))
<BR>[Address Reference Count : 1]<UL><LI> startup_mimxrt1064.o(.text)
</UL>
<P><STRONG><a name="[db]"></a>ENET_1588_Timer_DriverIRQHandler</STRONG> (Thumb, 0 bytes, Stack size 0 bytes, startup_mimxrt1064.o(.text))
<BR>[Address Reference Count : 1]<UL><LI> startup_mimxrt1064.o(.text)
</UL>
<P><STRONG><a name="[68]"></a>EWM_IRQHandler</STRONG> (Thumb, 0 bytes, Stack size 0 bytes, startup_mimxrt1064.o(.text))
<BR>[Address Reference Count : 1]<UL><LI> startup_mimxrt1064.o(RESET)
</UL>
<P><STRONG><a name="[30]"></a>FLEXRAM_IRQHandler</STRONG> (Thumb, 0 bytes, Stack size 0 bytes, startup_mimxrt1064.o(.text))
<BR>[Address Reference Count : 1]<UL><LI> startup_mimxrt1064.o(RESET)
</UL>
<P><STRONG><a name="[d6]"></a>FLEXSPI2_DriverIRQHandler</STRONG> (Thumb, 0 bytes, Stack size 0 bytes, startup_mimxrt1064.o(.text))
<BR>[Address Reference Count : 1]<UL><LI> startup_mimxrt1064.o(.text)
</UL>
<P><STRONG><a name="[d7]"></a>FLEXSPI_DriverIRQHandler</STRONG> (Thumb, 0 bytes, Stack size 0 bytes, startup_mimxrt1064.o(.text))
<BR>[Address Reference Count : 1]<UL><LI> startup_mimxrt1064.o(.text)
</UL>
<P><STRONG><a name="[6b]"></a>GPC_IRQHandler</STRONG> (Thumb, 0 bytes, Stack size 0 bytes, startup_mimxrt1064.o(.text))
<BR>[Address Reference Count : 1]<UL><LI> startup_mimxrt1064.o(RESET)
</UL>
<P><STRONG><a name="[5a]"></a>GPIO1_Combined_0_15_IRQHandler</STRONG> (Thumb, 0 bytes, Stack size 0 bytes, startup_mimxrt1064.o(.text))
<BR>[Address Reference Count : 1]<UL><LI> startup_mimxrt1064.o(RESET)
</UL>
<P><STRONG><a name="[5b]"></a>GPIO1_Combined_16_31_IRQHandler</STRONG> (Thumb, 0 bytes, Stack size 0 bytes, startup_mimxrt1064.o(.text))
<BR>[Address Reference Count : 1]<UL><LI> startup_mimxrt1064.o(RESET)
</UL>
<P><STRONG><a name="[52]"></a>GPIO1_INT0_IRQHandler</STRONG> (Thumb, 0 bytes, Stack size 0 bytes, startup_mimxrt1064.o(.text))
<BR>[Address Reference Count : 1]<UL><LI> startup_mimxrt1064.o(RESET)
</UL>
<P><STRONG><a name="[53]"></a>GPIO1_INT1_IRQHandler</STRONG> (Thumb, 0 bytes, Stack size 0 bytes, startup_mimxrt1064.o(.text))
<BR>[Address Reference Count : 1]<UL><LI> startup_mimxrt1064.o(RESET)
</UL>
<P><STRONG><a name="[54]"></a>GPIO1_INT2_IRQHandler</STRONG> (Thumb, 0 bytes, Stack size 0 bytes, startup_mimxrt1064.o(.text))
<BR>[Address Reference Count : 1]<UL><LI> startup_mimxrt1064.o(RESET)
</UL>
<P><STRONG><a name="[55]"></a>GPIO1_INT3_IRQHandler</STRONG> (Thumb, 0 bytes, Stack size 0 bytes, startup_mimxrt1064.o(.text))
<BR>[Address Reference Count : 1]<UL><LI> startup_mimxrt1064.o(RESET)
</UL>
<P><STRONG><a name="[56]"></a>GPIO1_INT4_IRQHandler</STRONG> (Thumb, 0 bytes, Stack size 0 bytes, startup_mimxrt1064.o(.text))
<BR>[Address Reference Count : 1]<UL><LI> startup_mimxrt1064.o(RESET)
</UL>
<P><STRONG><a name="[57]"></a>GPIO1_INT5_IRQHandler</STRONG> (Thumb, 0 bytes, Stack size 0 bytes, startup_mimxrt1064.o(.text))
<BR>[Address Reference Count : 1]<UL><LI> startup_mimxrt1064.o(RESET)
</UL>
<P><STRONG><a name="[58]"></a>GPIO1_INT6_IRQHandler</STRONG> (Thumb, 0 bytes, Stack size 0 bytes, startup_mimxrt1064.o(.text))
<BR>[Address Reference Count : 1]<UL><LI> startup_mimxrt1064.o(RESET)
</UL>
<P><STRONG><a name="[59]"></a>GPIO1_INT7_IRQHandler</STRONG> (Thumb, 0 bytes, Stack size 0 bytes, startup_mimxrt1064.o(.text))
<BR>[Address Reference Count : 1]<UL><LI> startup_mimxrt1064.o(RESET)
</UL>
<P><STRONG><a name="[5f]"></a>GPIO3_Combined_16_31_IRQHandler</STRONG> (Thumb, 0 bytes, Stack size 0 bytes, startup_mimxrt1064.o(.text))
<BR>[Address Reference Count : 1]<UL><LI> startup_mimxrt1064.o(RESET)
</UL>
<P><STRONG><a name="[60]"></a>GPIO4_Combined_0_15_IRQHandler</STRONG> (Thumb, 0 bytes, Stack size 0 bytes, startup_mimxrt1064.o(.text))
<BR>[Address Reference Count : 1]<UL><LI> startup_mimxrt1064.o(RESET)
</UL>
<P><STRONG><a name="[61]"></a>GPIO4_Combined_16_31_IRQHandler</STRONG> (Thumb, 0 bytes, Stack size 0 bytes, startup_mimxrt1064.o(.text))
<BR>[Address Reference Count : 1]<UL><LI> startup_mimxrt1064.o(RESET)
</UL>
<P><STRONG><a name="[62]"></a>GPIO5_Combined_0_15_IRQHandler</STRONG> (Thumb, 0 bytes, Stack size 0 bytes, startup_mimxrt1064.o(.text))
<BR>[Address Reference Count : 1]<UL><LI> startup_mimxrt1064.o(RESET)
</UL>
<P><STRONG><a name="[63]"></a>GPIO5_Combined_16_31_IRQHandler</STRONG> (Thumb, 0 bytes, Stack size 0 bytes, startup_mimxrt1064.o(.text))
<BR>[Address Reference Count : 1]<UL><LI> startup_mimxrt1064.o(RESET)
</UL>
<P><STRONG><a name="[a7]"></a>GPIO6_7_8_9_IRQHandler</STRONG> (Thumb, 0 bytes, Stack size 0 bytes, startup_mimxrt1064.o(.text))
<BR>[Address Reference Count : 1]<UL><LI> startup_mimxrt1064.o(RESET)
</UL>
<P><STRONG><a name="[33]"></a>GPR_IRQ_IRQHandler</STRONG> (Thumb, 0 bytes, Stack size 0 bytes, startup_mimxrt1064.o(.text))
<BR>[Address Reference Count : 1]<UL><LI> startup_mimxrt1064.o(RESET)
</UL>
<P><STRONG><a name="[6e]"></a>GPT1_IRQHandler</STRONG> (Thumb, 0 bytes, Stack size 0 bytes, startup_mimxrt1064.o(.text))
<BR>[Address Reference Count : 1]<UL><LI> startup_mimxrt1064.o(RESET)
</UL>
<P><STRONG><a name="[6f]"></a>GPT2_IRQHandler</STRONG> (Thumb, 0 bytes, Stack size 0 bytes, startup_mimxrt1064.o(.text))
<BR>[Address Reference Count : 1]<UL><LI> startup_mimxrt1064.o(RESET)
</UL>
<P><STRONG><a name="[31]"></a>KPP_IRQHandler</STRONG> (Thumb, 0 bytes, Stack size 0 bytes, startup_mimxrt1064.o(.text))
<BR>[Address Reference Count : 1]<UL><LI> startup_mimxrt1064.o(RESET)
</UL>
<P><STRONG><a name="[34]"></a>LCDIF_IRQHandler</STRONG> (Thumb, 0 bytes, Stack size 0 bytes, startup_mimxrt1064.o(.text))
<BR>[Address Reference Count : 1]<UL><LI> startup_mimxrt1064.o(RESET)
</UL>
<P><STRONG><a name="[47]"></a>PMU_EVENT_IRQHandler</STRONG> (Thumb, 0 bytes, Stack size 0 bytes, startup_mimxrt1064.o(.text))
<BR>[Address Reference Count : 1]<UL><LI> startup_mimxrt1064.o(RESET)
</UL>
<P><STRONG><a name="[70]"></a>PWM1_0_IRQHandler</STRONG> (Thumb, 0 bytes, Stack size 0 bytes, startup_mimxrt1064.o(.text))
<BR>[Address Reference Count : 1]<UL><LI> startup_mimxrt1064.o(RESET)
</UL>
<P><STRONG><a name="[71]"></a>PWM1_1_IRQHandler</STRONG> (Thumb, 0 bytes, Stack size 0 bytes, startup_mimxrt1064.o(.text))
<BR>[Address Reference Count : 1]<UL><LI> startup_mimxrt1064.o(RESET)
</UL>
<P><STRONG><a name="[72]"></a>PWM1_2_IRQHandler</STRONG> (Thumb, 0 bytes, Stack size 0 bytes, startup_mimxrt1064.o(.text))
<BR>[Address Reference Count : 1]<UL><LI> startup_mimxrt1064.o(RESET)
</UL>
<P><STRONG><a name="[73]"></a>PWM1_3_IRQHandler</STRONG> (Thumb, 0 bytes, Stack size 0 bytes, startup_mimxrt1064.o(.text))
<BR>[Address Reference Count : 1]<UL><LI> startup_mimxrt1064.o(RESET)
</UL>
<P><STRONG><a name="[74]"></a>PWM1_FAULT_IRQHandler</STRONG> (Thumb, 0 bytes, Stack size 0 bytes, startup_mimxrt1064.o(.text))
<BR>[Address Reference Count : 1]<UL><LI> startup_mimxrt1064.o(RESET)
</UL>
<P><STRONG><a name="[93]"></a>PWM2_0_IRQHandler</STRONG> (Thumb, 0 bytes, Stack size 0 bytes, startup_mimxrt1064.o(.text))
<BR>[Address Reference Count : 1]<UL><LI> startup_mimxrt1064.o(RESET)
</UL>
<P><STRONG><a name="[94]"></a>PWM2_1_IRQHandler</STRONG> (Thumb, 0 bytes, Stack size 0 bytes, startup_mimxrt1064.o(.text))
<BR>[Address Reference Count : 1]<UL><LI> startup_mimxrt1064.o(RESET)
</UL>
<P><STRONG><a name="[95]"></a>PWM2_2_IRQHandler</STRONG> (Thumb, 0 bytes, Stack size 0 bytes, startup_mimxrt1064.o(.text))
<BR>[Address Reference Count : 1]<UL><LI> startup_mimxrt1064.o(RESET)
</UL>
<P><STRONG><a name="[96]"></a>PWM2_3_IRQHandler</STRONG> (Thumb, 0 bytes, Stack size 0 bytes, startup_mimxrt1064.o(.text))
<BR>[Address Reference Count : 1]<UL><LI> startup_mimxrt1064.o(RESET)
</UL>
<P><STRONG><a name="[97]"></a>PWM2_FAULT_IRQHandler</STRONG> (Thumb, 0 bytes, Stack size 0 bytes, startup_mimxrt1064.o(.text))
<BR>[Address Reference Count : 1]<UL><LI> startup_mimxrt1064.o(RESET)
</UL>
<P><STRONG><a name="[98]"></a>PWM3_0_IRQHandler</STRONG> (Thumb, 0 bytes, Stack size 0 bytes, startup_mimxrt1064.o(.text))
<BR>[Address Reference Count : 1]<UL><LI> startup_mimxrt1064.o(RESET)
</UL>
<P><STRONG><a name="[99]"></a>PWM3_1_IRQHandler</STRONG> (Thumb, 0 bytes, Stack size 0 bytes, startup_mimxrt1064.o(.text))
<BR>[Address Reference Count : 1]<UL><LI> startup_mimxrt1064.o(RESET)
</UL>
<P><STRONG><a name="[9a]"></a>PWM3_2_IRQHandler</STRONG> (Thumb, 0 bytes, Stack size 0 bytes, startup_mimxrt1064.o(.text))
<BR>[Address Reference Count : 1]<UL><LI> startup_mimxrt1064.o(RESET)
</UL>
<P><STRONG><a name="[9b]"></a>PWM3_3_IRQHandler</STRONG> (Thumb, 0 bytes, Stack size 0 bytes, startup_mimxrt1064.o(.text))
<BR>[Address Reference Count : 1]<UL><LI> startup_mimxrt1064.o(RESET)
</UL>
<P><STRONG><a name="[9c]"></a>PWM3_FAULT_IRQHandler</STRONG> (Thumb, 0 bytes, Stack size 0 bytes, startup_mimxrt1064.o(.text))
<BR>[Address Reference Count : 1]<UL><LI> startup_mimxrt1064.o(RESET)
</UL>
<P><STRONG><a name="[9d]"></a>PWM4_0_IRQHandler</STRONG> (Thumb, 0 bytes, Stack size 0 bytes, startup_mimxrt1064.o(.text))
<BR>[Address Reference Count : 1]<UL><LI> startup_mimxrt1064.o(RESET)
</UL>
<P><STRONG><a name="[9e]"></a>PWM4_1_IRQHandler</STRONG> (Thumb, 0 bytes, Stack size 0 bytes, startup_mimxrt1064.o(.text))
<BR>[Address Reference Count : 1]<UL><LI> startup_mimxrt1064.o(RESET)
</UL>
<P><STRONG><a name="[9f]"></a>PWM4_2_IRQHandler</STRONG> (Thumb, 0 bytes, Stack size 0 bytes, startup_mimxrt1064.o(.text))
<BR>[Address Reference Count : 1]<UL><LI> startup_mimxrt1064.o(RESET)
</UL>
<P><STRONG><a name="[a0]"></a>PWM4_3_IRQHandler</STRONG> (Thumb, 0 bytes, Stack size 0 bytes, startup_mimxrt1064.o(.text))
<BR>[Address Reference Count : 1]<UL><LI> startup_mimxrt1064.o(RESET)
</UL>
<P><STRONG><a name="[a1]"></a>PWM4_FAULT_IRQHandler</STRONG> (Thumb, 0 bytes, Stack size 0 bytes, startup_mimxrt1064.o(.text))
<BR>[Address Reference Count : 1]<UL><LI> startup_mimxrt1064.o(RESET)
</UL>
<P><STRONG><a name="[36]"></a>PXP_IRQHandler</STRONG> (Thumb, 0 bytes, Stack size 0 bytes, startup_mimxrt1064.o(.text))
<BR>[Address Reference Count : 1]<UL><LI> startup_mimxrt1064.o(RESET)
</UL>
<P><STRONG><a name="[67]"></a>RTWDOG_IRQHandler</STRONG> (Thumb, 0 bytes, Stack size 0 bytes, startup_mimxrt1064.o(.text))
<BR>[Address Reference Count : 1]<UL><LI> startup_mimxrt1064.o(RESET)
</UL>
<P><STRONG><a name="[6d]"></a>Reserved115_IRQHandler</STRONG> (Thumb, 0 bytes, Stack size 0 bytes, startup_mimxrt1064.o(.text))
<BR>[Address Reference Count : 1]<UL><LI> startup_mimxrt1064.o(RESET)
</UL>
<P><STRONG><a name="[89]"></a>Reserved143_IRQHandler</STRONG> (Thumb, 0 bytes, Stack size 0 bytes, startup_mimxrt1064.o(.text))
<BR>[Address Reference Count : 1]<UL><LI> startup_mimxrt1064.o(RESET)
</UL>
<P><STRONG><a name="[8a]"></a>Reserved144_IRQHandler</STRONG> (Thumb, 0 bytes, Stack size 0 bytes, startup_mimxrt1064.o(.text))
<BR>[Address Reference Count : 1]<UL><LI> startup_mimxrt1064.o(RESET)
</UL>
<P><STRONG><a name="[a5]"></a>Reserved171_IRQHandler</STRONG> (Thumb, 0 bytes, Stack size 0 bytes, startup_mimxrt1064.o(.text))
<BR>[Address Reference Count : 1]<UL><LI> startup_mimxrt1064.o(RESET)
</UL>
<P><STRONG><a name="[3e]"></a>Reserved68_IRQHandler</STRONG> (Thumb, 0 bytes, Stack size 0 bytes, startup_mimxrt1064.o(.text))
<BR>[Address Reference Count : 1]<UL><LI> startup_mimxrt1064.o(RESET)
</UL>
<P><STRONG><a name="[48]"></a>Reserved78_IRQHandler</STRONG> (Thumb, 0 bytes, Stack size 0 bytes, startup_mimxrt1064.o(.text))
<BR>[Address Reference Count : 1]<UL><LI> startup_mimxrt1064.o(RESET)
</UL>
<P><STRONG><a name="[50]"></a>Reserved86_IRQHandler</STRONG> (Thumb, 0 bytes, Stack size 0 bytes, startup_mimxrt1064.o(.text))
<BR>[Address Reference Count : 1]<UL><LI> startup_mimxrt1064.o(RESET)
</UL>
<P><STRONG><a name="[51]"></a>Reserved87_IRQHandler</STRONG> (Thumb, 0 bytes, Stack size 0 bytes, startup_mimxrt1064.o(.text))
<BR>[Address Reference Count : 1]<UL><LI> startup_mimxrt1064.o(RESET)
</UL>
<P><STRONG><a name="[77]"></a>SEMC_IRQHandler</STRONG> (Thumb, 0 bytes, Stack size 0 bytes, startup_mimxrt1064.o(.text))
<BR>[Address Reference Count : 1]<UL><LI> startup_mimxrt1064.o(RESET)
</UL>
<P><STRONG><a name="[40]"></a>SJC_IRQHandler</STRONG> (Thumb, 0 bytes, Stack size 0 bytes, startup_mimxrt1064.o(.text))
<BR>[Address Reference Count : 1]<UL><LI> startup_mimxrt1064.o(RESET)
</UL>
<P><STRONG><a name="[38]"></a>SNVS_HP_WRAPPER_IRQHandler</STRONG> (Thumb, 0 bytes, Stack size 0 bytes, startup_mimxrt1064.o(.text))
<BR>[Address Reference Count : 1]<UL><LI> startup_mimxrt1064.o(RESET)
</UL>
<P><STRONG><a name="[39]"></a>SNVS_HP_WRAPPER_TZ_IRQHandler</STRONG> (Thumb, 0 bytes, Stack size 0 bytes, startup_mimxrt1064.o(.text))
<BR>[Address Reference Count : 1]<UL><LI> startup_mimxrt1064.o(RESET)
</UL>
<P><STRONG><a name="[3a]"></a>SNVS_LP_WRAPPER_IRQHandler</STRONG> (Thumb, 0 bytes, Stack size 0 bytes, startup_mimxrt1064.o(.text))
<BR>[Address Reference Count : 1]<UL><LI> startup_mimxrt1064.o(RESET)
</UL>
<P><STRONG><a name="[6c]"></a>SRC_IRQHandler</STRONG> (Thumb, 0 bytes, Stack size 0 bytes, startup_mimxrt1064.o(.text))
<BR>[Address Reference Count : 1]<UL><LI> startup_mimxrt1064.o(RESET)
</UL>
<P><STRONG><a name="[49]"></a>TEMP_LOW_HIGH_IRQHandler</STRONG> (Thumb, 0 bytes, Stack size 0 bytes, startup_mimxrt1064.o(.text))
<BR>[Address Reference Count : 1]<UL><LI> startup_mimxrt1064.o(RESET)
</UL>
<P><STRONG><a name="[4a]"></a>TEMP_PANIC_IRQHandler</STRONG> (Thumb, 0 bytes, Stack size 0 bytes, startup_mimxrt1064.o(.text))
<BR>[Address Reference Count : 1]<UL><LI> startup_mimxrt1064.o(RESET)
</UL>
<P><STRONG><a name="[8f]"></a>TMR1_IRQHandler</STRONG> (Thumb, 0 bytes, Stack size 0 bytes, startup_mimxrt1064.o(.text))
<BR>[Address Reference Count : 1]<UL><LI> startup_mimxrt1064.o(RESET)
</UL>
<P><STRONG><a name="[90]"></a>TMR2_IRQHandler</STRONG> (Thumb, 0 bytes, Stack size 0 bytes, startup_mimxrt1064.o(.text))
<BR>[Address Reference Count : 1]<UL><LI> startup_mimxrt1064.o(RESET)
</UL>
<P><STRONG><a name="[91]"></a>TMR3_IRQHandler</STRONG> (Thumb, 0 bytes, Stack size 0 bytes, startup_mimxrt1064.o(.text))
<BR>[Address Reference Count : 1]<UL><LI> startup_mimxrt1064.o(RESET)
</UL>
<P><STRONG><a name="[92]"></a>TMR4_IRQHandler</STRONG> (Thumb, 0 bytes, Stack size 0 bytes, startup_mimxrt1064.o(.text))
<BR>[Address Reference Count : 1]<UL><LI> startup_mimxrt1064.o(RESET)
</UL>
<P><STRONG><a name="[3f]"></a>TRNG_IRQHandler</STRONG> (Thumb, 0 bytes, Stack size 0 bytes, startup_mimxrt1064.o(.text))
<BR>[Address Reference Count : 1]<UL><LI> startup_mimxrt1064.o(RESET)
</UL>
<P><STRONG><a name="[32]"></a>TSC_DIG_IRQHandler</STRONG> (Thumb, 0 bytes, Stack size 0 bytes, startup_mimxrt1064.o(.text))
<BR>[Address Reference Count : 1]<UL><LI> startup_mimxrt1064.o(RESET)
</UL>
<P><STRONG><a name="[4b]"></a>USB_PHY1_IRQHandler</STRONG> (Thumb, 0 bytes, Stack size 0 bytes, startup_mimxrt1064.o(.text))
<BR>[Address Reference Count : 1]<UL><LI> startup_mimxrt1064.o(RESET)
</UL>
<P><STRONG><a name="[4c]"></a>USB_PHY2_IRQHandler</STRONG> (Thumb, 0 bytes, Stack size 0 bytes, startup_mimxrt1064.o(.text))
<BR>[Address Reference Count : 1]<UL><LI> startup_mimxrt1064.o(RESET)
</UL>
<P><STRONG><a name="[66]"></a>WDOG1_IRQHandler</STRONG> (Thumb, 0 bytes, Stack size 0 bytes, startup_mimxrt1064.o(.text))
<BR>[Address Reference Count : 1]<UL><LI> startup_mimxrt1064.o(RESET)
</UL>
<P><STRONG><a name="[37]"></a>WDOG2_IRQHandler</STRONG> (Thumb, 0 bytes, Stack size 0 bytes, startup_mimxrt1064.o(.text))
<BR>[Address Reference Count : 1]<UL><LI> startup_mimxrt1064.o(RESET)
</UL>
<P><STRONG><a name="[7e]"></a>XBAR1_IRQ_0_1_IRQHandler</STRONG> (Thumb, 0 bytes, Stack size 0 bytes, startup_mimxrt1064.o(.text))
<BR>[Address Reference Count : 1]<UL><LI> startup_mimxrt1064.o(RESET)
</UL>
<P><STRONG><a name="[7f]"></a>XBAR1_IRQ_2_3_IRQHandler</STRONG> (Thumb, 0 bytes, Stack size 0 bytes, startup_mimxrt1064.o(.text))
<BR>[Address Reference Count : 1]<UL><LI> startup_mimxrt1064.o(RESET)
</UL>
<P><STRONG><a name="[24a]"></a>__scatterload</STRONG> (Thumb, 28 bytes, Stack size 0 bytes, init.o(.text))
<BR><BR>[Calls]<UL><LI><a href="#[24b]">&gt;&gt;</a>&nbsp;&nbsp;&nbsp;__main_after_scatterload
</UL>
<BR>[Called By]<UL><LI><a href="#[249]">&gt;&gt;</a>&nbsp;&nbsp;&nbsp;_main_scatterload
</UL>

<P><STRONG><a name="[253]"></a>__scatterload_rt2</STRONG> (Thumb, 0 bytes, Stack size 0 bytes, init.o(.text), UNUSED)

<P><STRONG><a name="[aa]"></a>SystemInit</STRONG> (Thumb, 586 bytes, Stack size 40 bytes, system_mimxrt1064.o(.text.SystemInit))
<BR><BR>[Stack]<UL><LI>Max Depth = 40<LI>Call Chain = SystemInit
</UL>
<BR>[Calls]<UL><LI><a href="#[24c]">&gt;&gt;</a>&nbsp;&nbsp;&nbsp;SystemInitHook
</UL>
<BR>[Address Reference Count : 1]<UL><LI> startup_mimxrt1064.o(.text)
</UL>
<P><STRONG><a name="[24c]"></a>SystemInitHook</STRONG> (Thumb, 2 bytes, Stack size 0 bytes, system_mimxrt1064.o(.text.SystemInitHook))
<BR><BR>[Called By]<UL><LI><a href="#[aa]">&gt;&gt;</a>&nbsp;&nbsp;&nbsp;SystemInit
</UL>

<P><STRONG><a name="[254]"></a>__scatterload_copy</STRONG> (Thumb, 14 bytes, Stack size unknown bytes, handlers.o(i.__scatterload_copy), UNUSED)

<P><STRONG><a name="[255]"></a>__scatterload_null</STRONG> (Thumb, 2 bytes, Stack size unknown bytes, handlers.o(i.__scatterload_null), UNUSED)

<P><STRONG><a name="[256]"></a>__scatterload_zeroinit</STRONG> (Thumb, 14 bytes, Stack size unknown bytes, handlers.o(i.__scatterload_zeroinit), UNUSED)

<P><STRONG><a name="[e6]"></a>__aeabi_uldivmod</STRONG> (Thumb, 98 bytes, Stack size 40 bytes, uldiv.o(.text))
<BR><BR>[Stack]<UL><LI>Max Depth = 40<LI>Call Chain = __aeabi_uldivmod
</UL>
<BR>[Calls]<UL><LI><a href="#[e7]">&gt;&gt;</a>&nbsp;&nbsp;&nbsp;__aeabi_llsr
<LI><a href="#[e8]">&gt;&gt;</a>&nbsp;&nbsp;&nbsp;__aeabi_llsl
</UL>
<BR>[Called By]<UL><LI><a href="#[19e]">&gt;&gt;</a>&nbsp;&nbsp;&nbsp;LPSPI_MasterSetDelayTimes
<LI><a href="#[1cb]">&gt;&gt;</a>&nbsp;&nbsp;&nbsp;PWM_UpdatePwmDutycycle
<LI><a href="#[1c9]">&gt;&gt;</a>&nbsp;&nbsp;&nbsp;PWM_SetupPwm
<LI><a href="#[1ff]">&gt;&gt;</a>&nbsp;&nbsp;&nbsp;systick_delay_ms
<LI><a href="#[14c]">&gt;&gt;</a>&nbsp;&nbsp;&nbsp;ConvertRadixNumToString
<LI><a href="#[a9]">&gt;&gt;</a>&nbsp;&nbsp;&nbsp;main
<LI><a href="#[e9]">&gt;&gt;</a>&nbsp;&nbsp;&nbsp;__aeabi_ldivmod
</UL>

<P><STRONG><a name="[e9]"></a>__aeabi_ldivmod</STRONG> (Thumb, 98 bytes, Stack size 24 bytes, ldiv.o(.text))
<BR><BR>[Stack]<UL><LI>Max Depth = 64<LI>Call Chain = __aeabi_ldivmod &rArr; __aeabi_uldivmod
</UL>
<BR>[Calls]<UL><LI><a href="#[e6]">&gt;&gt;</a>&nbsp;&nbsp;&nbsp;__aeabi_uldivmod
</UL>
<BR>[Called By]<UL><LI><a href="#[14c]">&gt;&gt;</a>&nbsp;&nbsp;&nbsp;ConvertRadixNumToString
</UL>

<P><STRONG><a name="[eb]"></a>__aeabi_memset</STRONG> (Thumb, 14 bytes, Stack size 0 bytes, memseta.o(.text))
<BR><BR>[Called By]<UL><LI><a href="#[ec]">&gt;&gt;</a>&nbsp;&nbsp;&nbsp;memset
<LI><a href="#[ea]">&gt;&gt;</a>&nbsp;&nbsp;&nbsp;__aeabi_memclr
</UL>

<P><STRONG><a name="[257]"></a>__aeabi_memset4</STRONG> (Thumb, 0 bytes, Stack size 0 bytes, memseta.o(.text), UNUSED)

<P><STRONG><a name="[258]"></a>__aeabi_memset8</STRONG> (Thumb, 0 bytes, Stack size 0 bytes, memseta.o(.text), UNUSED)

<P><STRONG><a name="[ea]"></a>__aeabi_memclr</STRONG> (Thumb, 4 bytes, Stack size 0 bytes, memseta.o(.text))
<BR><BR>[Calls]<UL><LI><a href="#[eb]">&gt;&gt;</a>&nbsp;&nbsp;&nbsp;__aeabi_memset
</UL>
<BR>[Called By]<UL><LI><a href="#[153]">&gt;&gt;</a>&nbsp;&nbsp;&nbsp;DbgConsole_Printf
</UL>

<P><STRONG><a name="[259]"></a>__aeabi_memclr4</STRONG> (Thumb, 0 bytes, Stack size 0 bytes, memseta.o(.text), UNUSED)

<P><STRONG><a name="[25a]"></a>__aeabi_memclr8</STRONG> (Thumb, 0 bytes, Stack size 0 bytes, memseta.o(.text), UNUSED)

<P><STRONG><a name="[ec]"></a>memset</STRONG> (Thumb, 18 bytes, Stack size 8 bytes, memseta.o(.text))
<BR><BR>[Stack]<UL><LI>Max Depth = 8<LI>Call Chain = memset
</UL>
<BR>[Calls]<UL><LI><a href="#[eb]">&gt;&gt;</a>&nbsp;&nbsp;&nbsp;__aeabi_memset
</UL>
<BR>[Called By]<UL><LI><a href="#[13e]">&gt;&gt;</a>&nbsp;&nbsp;&nbsp;CSI_TransferCreateHandle
<LI><a href="#[134]">&gt;&gt;</a>&nbsp;&nbsp;&nbsp;CSI_GetDefaultConfig
<LI><a href="#[18c]">&gt;&gt;</a>&nbsp;&nbsp;&nbsp;LPUART_GetDefaultConfig
<LI><a href="#[150]">&gt;&gt;</a>&nbsp;&nbsp;&nbsp;SerialManager_OpenWriteHandle
<LI><a href="#[151]">&gt;&gt;</a>&nbsp;&nbsp;&nbsp;SerialManager_OpenReadHandle
<LI><a href="#[14f]">&gt;&gt;</a>&nbsp;&nbsp;&nbsp;SerialManager_Init
<LI><a href="#[109]">&gt;&gt;</a>&nbsp;&nbsp;&nbsp;DbgConsole_Init
<LI><a href="#[1af]">&gt;&gt;</a>&nbsp;&nbsp;&nbsp;LPUART_TransferCreateHandle
<LI><a href="#[197]">&gt;&gt;</a>&nbsp;&nbsp;&nbsp;LPSPI_MasterGetDefaultConfig
<LI><a href="#[17d]">&gt;&gt;</a>&nbsp;&nbsp;&nbsp;GPT_GetDefaultConfig
<LI><a href="#[1ce]">&gt;&gt;</a>&nbsp;&nbsp;&nbsp;QTMR_GetDefaultConfig
<LI><a href="#[1c7]">&gt;&gt;</a>&nbsp;&nbsp;&nbsp;PWM_GetDefaultConfig
</UL>

<P><STRONG><a name="[1d9]"></a>strlen</STRONG> (Thumb, 14 bytes, Stack size 0 bytes, strlen.o(.text))
<BR><BR>[Called By]<UL><LI><a href="#[154]">&gt;&gt;</a>&nbsp;&nbsp;&nbsp;StrFormatPrintf
</UL>

<P><STRONG><a name="[ed]"></a>__aeabi_l2d</STRONG> (Thumb, 40 bytes, Stack size 24 bytes, dfltl.o(.text))
<BR><BR>[Stack]<UL><LI>Max Depth = 64<LI>Call Chain = __aeabi_l2d &rArr; _double_epilogue &rArr; _double_round
</UL>
<BR>[Calls]<UL><LI><a href="#[ee]">&gt;&gt;</a>&nbsp;&nbsp;&nbsp;_double_epilogue
</UL>
<BR>[Called By]<UL><LI><a href="#[149]">&gt;&gt;</a>&nbsp;&nbsp;&nbsp;ConvertFloatRadixNumToString
</UL>

<P><STRONG><a name="[ef]"></a>__aeabi_d2lz</STRONG> (Thumb, 74 bytes, Stack size 16 bytes, dfixl.o(.text))
<BR><BR>[Stack]<UL><LI>Max Depth = 16<LI>Call Chain = __aeabi_d2lz
</UL>
<BR>[Calls]<UL><LI><a href="#[e7]">&gt;&gt;</a>&nbsp;&nbsp;&nbsp;__aeabi_llsr
<LI><a href="#[e8]">&gt;&gt;</a>&nbsp;&nbsp;&nbsp;__aeabi_llsl
</UL>
<BR>[Called By]<UL><LI><a href="#[149]">&gt;&gt;</a>&nbsp;&nbsp;&nbsp;ConvertFloatRadixNumToString
</UL>

<P><STRONG><a name="[e8]"></a>__aeabi_llsl</STRONG> (Thumb, 30 bytes, Stack size 0 bytes, llshl.o(.text))
<BR><BR>[Called By]<UL><LI><a href="#[ef]">&gt;&gt;</a>&nbsp;&nbsp;&nbsp;__aeabi_d2lz
<LI><a href="#[ee]">&gt;&gt;</a>&nbsp;&nbsp;&nbsp;_double_epilogue
<LI><a href="#[e6]">&gt;&gt;</a>&nbsp;&nbsp;&nbsp;__aeabi_uldivmod
</UL>

<P><STRONG><a name="[25b]"></a>_ll_shift_l</STRONG> (Thumb, 0 bytes, Stack size 0 bytes, llshl.o(.text), UNUSED)

<P><STRONG><a name="[e7]"></a>__aeabi_llsr</STRONG> (Thumb, 32 bytes, Stack size 0 bytes, llushr.o(.text))
<BR><BR>[Called By]<UL><LI><a href="#[ef]">&gt;&gt;</a>&nbsp;&nbsp;&nbsp;__aeabi_d2lz
<LI><a href="#[ee]">&gt;&gt;</a>&nbsp;&nbsp;&nbsp;_double_epilogue
<LI><a href="#[e6]">&gt;&gt;</a>&nbsp;&nbsp;&nbsp;__aeabi_uldivmod
</UL>

<P><STRONG><a name="[25c]"></a>_ll_ushift_r</STRONG> (Thumb, 0 bytes, Stack size 0 bytes, llushr.o(.text), UNUSED)

<P><STRONG><a name="[25d]"></a>__I$use$fp</STRONG> (Thumb, 0 bytes, Stack size 8 bytes, iusefp.o(.text), UNUSED)

<P><STRONG><a name="[f0]"></a>_double_round</STRONG> (Thumb, 30 bytes, Stack size 8 bytes, depilogue.o(.text))
<BR><BR>[Stack]<UL><LI>Max Depth = 8<LI>Call Chain = _double_round
</UL>
<BR>[Called By]<UL><LI><a href="#[ee]">&gt;&gt;</a>&nbsp;&nbsp;&nbsp;_double_epilogue
</UL>

<P><STRONG><a name="[ee]"></a>_double_epilogue</STRONG> (Thumb, 156 bytes, Stack size 32 bytes, depilogue.o(.text))
<BR><BR>[Stack]<UL><LI>Max Depth = 40<LI>Call Chain = _double_epilogue &rArr; _double_round
</UL>
<BR>[Calls]<UL><LI><a href="#[f0]">&gt;&gt;</a>&nbsp;&nbsp;&nbsp;_double_round
<LI><a href="#[e7]">&gt;&gt;</a>&nbsp;&nbsp;&nbsp;__aeabi_llsr
<LI><a href="#[e8]">&gt;&gt;</a>&nbsp;&nbsp;&nbsp;__aeabi_llsl
</UL>
<BR>[Called By]<UL><LI><a href="#[ed]">&gt;&gt;</a>&nbsp;&nbsp;&nbsp;__aeabi_l2d
</UL>

<P><STRONG><a name="[247]"></a>__ARM_scalbn</STRONG> (Thumb, 46 bytes, Stack size 16 bytes, dscalb.o(.text))
<BR><BR>[Stack]<UL><LI>Max Depth = 16<LI>Call Chain = __ARM_scalbn
</UL>
<BR>[Called By]<UL><LI><a href="#[14b]">&gt;&gt;</a>&nbsp;&nbsp;&nbsp;__hardfp_pow
</UL>

<P><STRONG><a name="[25e]"></a>scalbn</STRONG> (Thumb, 0 bytes, Stack size 16 bytes, dscalb.o(.text), UNUSED)

<P><STRONG><a name="[f1]"></a>BOARD_BootClockRUN</STRONG> (Thumb, 1494 bytes, Stack size 48 bytes, clock_config.o(.text.BOARD_BootClockRUN))
<BR><BR>[Stack]<UL><LI>Max Depth = 832<LI>Call Chain = BOARD_BootClockRUN &rArr; CLOCK_DisableClock &rArr; CLOCK_ControlGate &rArr; __aeabi_assert &rArr; DbgConsole_Printf &rArr; StrFormatPrintf &rArr; ConvertFloatRadixNumToString &rArr; __hardfp_pow &rArr; sqrt
</UL>
<BR>[Calls]<UL><LI><a href="#[f6]">&gt;&gt;</a>&nbsp;&nbsp;&nbsp;CLOCK_SwitchOsc
<LI><a href="#[f5]">&gt;&gt;</a>&nbsp;&nbsp;&nbsp;CLOCK_InitRcOsc24M
<LI><a href="#[f4]">&gt;&gt;</a>&nbsp;&nbsp;&nbsp;CLOCK_InitExternalClk
<LI><a href="#[f8]">&gt;&gt;</a>&nbsp;&nbsp;&nbsp;CLOCK_InitArmPll
<LI><a href="#[fb]">&gt;&gt;</a>&nbsp;&nbsp;&nbsp;CLOCK_DeinitVideoPll
<LI><a href="#[fd]">&gt;&gt;</a>&nbsp;&nbsp;&nbsp;CLOCK_DeinitUsb2Pll
<LI><a href="#[fc]">&gt;&gt;</a>&nbsp;&nbsp;&nbsp;CLOCK_DeinitEnetPll
<LI><a href="#[f9]">&gt;&gt;</a>&nbsp;&nbsp;&nbsp;CLOCK_DeinitAudioPll
<LI><a href="#[f3]">&gt;&gt;</a>&nbsp;&nbsp;&nbsp;CLOCK_SetXtalFreq
<LI><a href="#[f2]">&gt;&gt;</a>&nbsp;&nbsp;&nbsp;CLOCK_SetRtcXtalFreq
<LI><a href="#[fa]">&gt;&gt;</a>&nbsp;&nbsp;&nbsp;CLOCK_SetPllBypass
<LI><a href="#[f7]">&gt;&gt;</a>&nbsp;&nbsp;&nbsp;CLOCK_SetMux
<LI><a href="#[fe]">&gt;&gt;</a>&nbsp;&nbsp;&nbsp;CLOCK_SetDiv
<LI><a href="#[ff]">&gt;&gt;</a>&nbsp;&nbsp;&nbsp;CLOCK_DisableClock
</UL>
<BR>[Called By]<UL><LI><a href="#[1e5]">&gt;&gt;</a>&nbsp;&nbsp;&nbsp;board_init
</UL>

<P><STRONG><a name="[100]"></a>BOARD_ConfigMPU</STRONG> (Thumb, 598 bytes, Stack size 40 bytes, board.o(.text.BOARD_ConfigMPU))
<BR><BR>[Stack]<UL><LI>Max Depth = 44<LI>Call Chain = BOARD_ConfigMPU &rArr; ARM_MPU_Enable
</UL>
<BR>[Calls]<UL><LI><a href="#[102]">&gt;&gt;</a>&nbsp;&nbsp;&nbsp;ARM_MPU_Enable
<LI><a href="#[101]">&gt;&gt;</a>&nbsp;&nbsp;&nbsp;ARM_MPU_Disable
</UL>
<BR>[Called By]<UL><LI><a href="#[1e5]">&gt;&gt;</a>&nbsp;&nbsp;&nbsp;board_init
</UL>

<P><STRONG><a name="[103]"></a>BOARD_DebugConsoleSrcFreq</STRONG> (Thumb, 110 bytes, Stack size 24 bytes, board.o(.text.BOARD_DebugConsoleSrcFreq))
<BR><BR>[Stack]<UL><LI>Max Depth = 848<LI>Call Chain = BOARD_DebugConsoleSrcFreq &rArr; CLOCK_GetPllFreq &rArr; __aeabi_assert &rArr; DbgConsole_Printf &rArr; StrFormatPrintf &rArr; ConvertFloatRadixNumToString &rArr; __hardfp_pow &rArr; sqrt
</UL>
<BR>[Calls]<UL><LI><a href="#[105]">&gt;&gt;</a>&nbsp;&nbsp;&nbsp;CLOCK_GetPllFreq
<LI><a href="#[107]">&gt;&gt;</a>&nbsp;&nbsp;&nbsp;CLOCK_GetOscFreq
<LI><a href="#[104]">&gt;&gt;</a>&nbsp;&nbsp;&nbsp;CLOCK_GetMux
<LI><a href="#[106]">&gt;&gt;</a>&nbsp;&nbsp;&nbsp;CLOCK_GetDiv
</UL>
<BR>[Called By]<UL><LI><a href="#[1e6]">&gt;&gt;</a>&nbsp;&nbsp;&nbsp;uart_init
<LI><a href="#[108]">&gt;&gt;</a>&nbsp;&nbsp;&nbsp;BOARD_InitDebugConsole
</UL>

<P><STRONG><a name="[108]"></a>BOARD_InitDebugConsole</STRONG> (Thumb, 28 bytes, Stack size 16 bytes, board.o(.text.BOARD_InitDebugConsole))
<BR><BR>[Stack]<UL><LI>Max Depth = 1048<LI>Call Chain = BOARD_InitDebugConsole &rArr; DbgConsole_Init &rArr; SerialManager_Init &rArr; Serial_UartInit &rArr; HAL_UartInit &rArr; LPUART_Init &rArr; CLOCK_EnableClock &rArr; CLOCK_ControlGate &rArr; __aeabi_assert &rArr; DbgConsole_Printf &rArr; StrFormatPrintf &rArr; ConvertFloatRadixNumToString &rArr; __hardfp_pow &rArr; sqrt
</UL>
<BR>[Calls]<UL><LI><a href="#[109]">&gt;&gt;</a>&nbsp;&nbsp;&nbsp;DbgConsole_Init
<LI><a href="#[103]">&gt;&gt;</a>&nbsp;&nbsp;&nbsp;BOARD_DebugConsoleSrcFreq
</UL>
<BR>[Called By]<UL><LI><a href="#[1e5]">&gt;&gt;</a>&nbsp;&nbsp;&nbsp;board_init
</UL>

<P><STRONG><a name="[4]"></a>BusFault_Handler</STRONG> (Thumb, 4 bytes, Stack size 0 bytes, common.o(.text.BusFault_Handler))
<BR>[Address Reference Count : 1]<UL><LI> startup_mimxrt1064.o(RESET)
</UL>
<P><STRONG><a name="[cd]"></a>CAN1_DriverIRQHandler</STRONG> (Thumb, 72 bytes, Stack size 8 bytes, fsl_flexcan.o(.text.CAN1_DriverIRQHandler))
<BR><BR>[Stack]<UL><LI>Max Depth = 760<LI>Call Chain = CAN1_DriverIRQHandler &rArr; __aeabi_assert &rArr; DbgConsole_Printf &rArr; StrFormatPrintf &rArr; ConvertFloatRadixNumToString &rArr; __hardfp_pow &rArr; sqrt
</UL>
<BR>[Calls]<UL><LI><a href="#[10a]">&gt;&gt;</a>&nbsp;&nbsp;&nbsp;__aeabi_assert
</UL>
<BR>[Address Reference Count : 1]<UL><LI> startup_mimxrt1064.o(.text)
</UL>
<P><STRONG><a name="[ce]"></a>CAN2_DriverIRQHandler</STRONG> (Thumb, 74 bytes, Stack size 8 bytes, fsl_flexcan.o(.text.CAN2_DriverIRQHandler))
<BR><BR>[Stack]<UL><LI>Max Depth = 760<LI>Call Chain = CAN2_DriverIRQHandler &rArr; __aeabi_assert &rArr; DbgConsole_Printf &rArr; StrFormatPrintf &rArr; ConvertFloatRadixNumToString &rArr; __hardfp_pow &rArr; sqrt
</UL>
<BR>[Calls]<UL><LI><a href="#[10a]">&gt;&gt;</a>&nbsp;&nbsp;&nbsp;__aeabi_assert
</UL>
<BR>[Address Reference Count : 1]<UL><LI> startup_mimxrt1064.o(.text)
</UL>
<P><STRONG><a name="[de]"></a>CAN3_DriverIRQHandler</STRONG> (Thumb, 74 bytes, Stack size 8 bytes, fsl_flexcan.o(.text.CAN3_DriverIRQHandler))
<BR><BR>[Stack]<UL><LI>Max Depth = 760<LI>Call Chain = CAN3_DriverIRQHandler &rArr; __aeabi_assert &rArr; DbgConsole_Printf &rArr; StrFormatPrintf &rArr; ConvertFloatRadixNumToString &rArr; __hardfp_pow &rArr; sqrt
</UL>
<BR>[Calls]<UL><LI><a href="#[10a]">&gt;&gt;</a>&nbsp;&nbsp;&nbsp;__aeabi_assert
</UL>
<BR>[Address Reference Count : 1]<UL><LI> startup_mimxrt1064.o(.text)
</UL>
<P><STRONG><a name="[f9]"></a>CLOCK_DeinitAudioPll</STRONG> (Thumb, 16 bytes, Stack size 0 bytes, fsl_clock.o(.text.CLOCK_DeinitAudioPll))
<BR><BR>[Called By]<UL><LI><a href="#[f1]">&gt;&gt;</a>&nbsp;&nbsp;&nbsp;BOARD_BootClockRUN
</UL>

<P><STRONG><a name="[fc]"></a>CLOCK_DeinitEnetPll</STRONG> (Thumb, 16 bytes, Stack size 0 bytes, fsl_clock.o(.text.CLOCK_DeinitEnetPll))
<BR><BR>[Called By]<UL><LI><a href="#[f1]">&gt;&gt;</a>&nbsp;&nbsp;&nbsp;BOARD_BootClockRUN
</UL>

<P><STRONG><a name="[fd]"></a>CLOCK_DeinitUsb2Pll</STRONG> (Thumb, 14 bytes, Stack size 0 bytes, fsl_clock.o(.text.CLOCK_DeinitUsb2Pll))
<BR><BR>[Called By]<UL><LI><a href="#[f1]">&gt;&gt;</a>&nbsp;&nbsp;&nbsp;BOARD_BootClockRUN
</UL>

<P><STRONG><a name="[fb]"></a>CLOCK_DeinitVideoPll</STRONG> (Thumb, 16 bytes, Stack size 0 bytes, fsl_clock.o(.text.CLOCK_DeinitVideoPll))
<BR><BR>[Called By]<UL><LI><a href="#[f1]">&gt;&gt;</a>&nbsp;&nbsp;&nbsp;BOARD_BootClockRUN
</UL>

<P><STRONG><a name="[123]"></a>CLOCK_GetAhbFreq</STRONG> (Thumb, 32 bytes, Stack size 8 bytes, fsl_clock.o(.text.CLOCK_GetAhbFreq))
<BR><BR>[Stack]<UL><LI>Max Depth = 880<LI>Call Chain = CLOCK_GetAhbFreq &rArr; CLOCK_GetPeriphClkFreq &rArr; CLOCK_GetSysPfdFreq &rArr; CLOCK_GetPllFreq &rArr; __aeabi_assert &rArr; DbgConsole_Printf &rArr; StrFormatPrintf &rArr; ConvertFloatRadixNumToString &rArr; __hardfp_pow &rArr; sqrt
</UL>
<BR>[Calls]<UL><LI><a href="#[124]">&gt;&gt;</a>&nbsp;&nbsp;&nbsp;CLOCK_GetPeriphClkFreq
</UL>
<BR>[Called By]<UL><LI><a href="#[127]">&gt;&gt;</a>&nbsp;&nbsp;&nbsp;CLOCK_GetIpgFreq
<LI><a href="#[125]">&gt;&gt;</a>&nbsp;&nbsp;&nbsp;CLOCK_GetFreq
</UL>

[...]
</UL>

<P><STRONG><a name="[221]"></a>PIT_EnableInterrupts</STRONG> (Thumb, 36 bytes, Stack size 12 bytes, zf_pit.o(.text.PIT_EnableInterrupts))
<BR><BR>[Stack]<UL><LI>Max Depth = 12<LI>Call Chain = PIT_EnableInterrupts
</UL>
<BR>[Called By]<UL><LI><a href="#[20f]">&gt;&gt;</a>&nbsp;&nbsp;&nbsp;pit_interrupt
</UL>

<P><STRONG><a name="[1bf]"></a>PIT_GetDefaultConfig</STRONG> (Thumb, 44 bytes, Stack size 8 bytes, zf_pit.o(.text.PIT_GetDefaultConfig))
<BR><BR>[Stack]<UL><LI>Max Depth = 760<LI>Call Chain = PIT_GetDefaultConfig &rArr; __aeabi_assert &rArr; DbgConsole_Printf &rArr; StrFormatPrintf &rArr; ConvertFloatRadixNumToString &rArr; __hardfp_pow &rArr; sqrt
</UL>
<BR>[Calls]<UL><LI><a href="#[10a]">&gt;&gt;</a>&nbsp;&nbsp;&nbsp;__aeabi_assert
</UL>
<BR>[Called By]<UL><LI><a href="#[20e]">&gt;&gt;</a>&nbsp;&nbsp;&nbsp;pit_init
</UL>

<P><STRONG><a name="[222]"></a>PIT_SetTimerChainMode</STRONG> (Thumb, 74 bytes, Stack size 8 bytes, zf_pit.o(.text.PIT_SetTimerChainMode))
<BR><BR>[Stack]<UL><LI>Max Depth = 8<LI>Call Chain = PIT_SetTimerChainMode
</UL>
<BR>[Called By]<UL><LI><a href="#[20f]">&gt;&gt;</a>&nbsp;&nbsp;&nbsp;pit_interrupt
</UL>

<P><STRONG><a name="[220]"></a>PIT_SetTimerPeriod</STRONG> (Thumb, 30 bytes, Stack size 12 bytes, zf_pit.o(.text.PIT_SetTimerPeriod))
<BR><BR>[Stack]<UL><LI>Max Depth = 12<LI>Call Chain = PIT_SetTimerPeriod
</UL>
<BR>[Called By]<UL><LI><a href="#[20f]">&gt;&gt;</a>&nbsp;&nbsp;&nbsp;pit_interrupt
</UL>

<P><STRONG><a name="[223]"></a>PIT_StartTimer</STRONG> (Thumb, 34 bytes, Stack size 8 bytes, zf_pit.o(.text.PIT_StartTimer))
<BR><BR>[Stack]<UL><LI>Max Depth = 8<LI>Call Chain = PIT_StartTimer
</UL>
<BR>[Called By]<UL><LI><a href="#[20f]">&gt;&gt;</a>&nbsp;&nbsp;&nbsp;pit_interrupt
</UL>

<P><STRONG><a name="[15c]"></a>__NVIC_EnableIRQ</STRONG> (Thumb, 48 bytes, Stack size 4 bytes, zf_pit.o(.text.__NVIC_EnableIRQ))
<BR><BR>[Stack]<UL><LI>Max Depth = 4<LI>Call Chain = __NVIC_EnableIRQ
</UL>
<BR>[Called By]<UL><LI><a href="#[15b]">&gt;&gt;</a>&nbsp;&nbsp;&nbsp;EnableIRQ
</UL>

<P><STRONG><a name="[224]"></a>PWM_SetPwmLdok</STRONG> (Thumb, 70 bytes, Stack size 8 bytes, zf_pwm.o(.text.PWM_SetPwmLdok))
<BR><BR>[Stack]<UL><LI>Max Depth = 8<LI>Call Chain = PWM_SetPwmLdok
</UL>
<BR>[Called By]<UL><LI><a href="#[21a]">&gt;&gt;</a>&nbsp;&nbsp;&nbsp;pwm_init
<LI><a href="#[219]">&gt;&gt;</a>&nbsp;&nbsp;&nbsp;pwm_duty
</UL>

<P><STRONG><a name="[226]"></a>PWM_StartTimer</STRONG> (Thumb, 34 bytes, Stack size 8 bytes, zf_pwm.o(.text.PWM_StartTimer))
<BR><BR>[Stack]<UL><LI>Max Depth = 8<LI>Call Chain = PWM_StartTimer
</UL>
<BR>[Called By]<UL><LI><a href="#[21a]">&gt;&gt;</a>&nbsp;&nbsp;&nbsp;pwm_init
</UL>

<P><STRONG><a name="[228]"></a>QTMR_GetCurrentTimerCount</STRONG> (Thumb, 24 bytes, Stack size 8 bytes, zf_qtimer.o(.text.QTMR_GetCurrentTimerCount))
<BR><BR>[Stack]<UL><LI>Max Depth = 8<LI>Call Chain = QTMR_GetCurrentTimerCount
</UL>
<BR>[Called By]<UL><LI><a href="#[1f8]">&gt;&gt;</a>&nbsp;&nbsp;&nbsp;qtimer_quad_get
</UL>

<P><STRONG><a name="[229]"></a>QTMR_StartTimer</STRONG> (Thumb, 76 bytes, Stack size 8 bytes, zf_qtimer.o(.text.QTMR_StartTimer))
<BR><BR>[Stack]<UL><LI>Max Depth = 8<LI>Call Chain = QTMR_StartTimer
</UL>
<BR>[Called By]<UL><LI><a href="#[1f2]">&gt;&gt;</a>&nbsp;&nbsp;&nbsp;qtimer_quad_init
</UL>

<P><STRONG><a name="[131]"></a>CLOCK_SetDiv</STRONG> (Thumb, 138 bytes, Stack size 24 bytes, zf_spi.o(.text.CLOCK_SetDiv))
<BR><BR>[Stack]<UL><LI>Max Depth = 776<LI>Call Chain = CLOCK_SetDiv &rArr; __aeabi_assert &rArr; DbgConsole_Printf &rArr; StrFormatPrintf &rArr; ConvertFloatRadixNumToString &rArr; __hardfp_pow &rArr; sqrt
</UL>
<BR>[Calls]<UL><LI><a href="#[10a]">&gt;&gt;</a>&nbsp;&nbsp;&nbsp;__aeabi_assert
</UL>
<BR>[Called By]<UL><LI><a href="#[208]">&gt;&gt;</a>&nbsp;&nbsp;&nbsp;spi_init
</UL>

<P><STRONG><a name="[133]"></a>CLOCK_SetMux</STRONG> (Thumb, 138 bytes, Stack size 24 bytes, zf_spi.o(.text.CLOCK_SetMux))
<BR><BR>[Stack]<UL><LI>Max Depth = 776<LI>Call Chain = CLOCK_SetMux &rArr; __aeabi_assert &rArr; DbgConsole_Printf &rArr; StrFormatPrintf &rArr; ConvertFloatRadixNumToString &rArr; __hardfp_pow &rArr; sqrt
</UL>
<BR>[Calls]<UL><LI><a href="#[10a]">&gt;&gt;</a>&nbsp;&nbsp;&nbsp;__aeabi_assert
</UL>
<BR>[Called By]<UL><LI><a href="#[208]">&gt;&gt;</a>&nbsp;&nbsp;&nbsp;spi_init
</UL>

<P><STRONG><a name="[236]"></a>LPSPI_ClearStatusFlags</STRONG> (Thumb, 16 bytes, Stack size 8 bytes, zf_spi.o(.text.LPSPI_ClearStatusFlags))
<BR><BR>[Stack]<UL><LI>Max Depth = 8<LI>Call Chain = LPSPI_ClearStatusFlags
</UL>
<BR>[Called By]<UL><LI><a href="#[208]">&gt;&gt;</a>&nbsp;&nbsp;&nbsp;spi_init
</UL>

<P><STRONG><a name="[237]"></a>LPSPI_DisableInterrupts</STRONG> (Thumb, 20 bytes, Stack size 8 bytes, zf_spi.o(.text.LPSPI_DisableInterrupts))
<BR><BR>[Stack]<UL><LI>Max Depth = 8<LI>Call Chain = LPSPI_DisableInterrupts
</UL>
<BR>[Called By]<UL><LI><a href="#[208]">&gt;&gt;</a>&nbsp;&nbsp;&nbsp;spi_init
</UL>

<P><STRONG><a name="[234]"></a>LPSPI_Enable</STRONG> (Thumb, 46 bytes, Stack size 8 bytes, zf_spi.o(.text.LPSPI_Enable))
<BR><BR>[Stack]<UL><LI>Max Depth = 8<LI>Call Chain = LPSPI_Enable
</UL>
<BR>[Called By]<UL><LI><a href="#[208]">&gt;&gt;</a>&nbsp;&nbsp;&nbsp;spi_init
</UL>

<P><STRONG><a name="[235]"></a>LPSPI_FlushFifo</STRONG> (Thumb, 46 bytes, Stack size 8 bytes, zf_spi.o(.text.LPSPI_FlushFifo))
<BR><BR>[Stack]<UL><LI>Max Depth = 8<LI>Call Chain = LPSPI_FlushFifo
</UL>
<BR>[Called By]<UL><LI><a href="#[208]">&gt;&gt;</a>&nbsp;&nbsp;&nbsp;spi_init
</UL>

<P><STRONG><a name="[23b]"></a>GPT_ClearStatusFlags</STRONG> (Thumb, 20 bytes, Stack size 8 bytes, zf_systick.o(.text.GPT_ClearStatusFlags))
<BR><BR>[Stack]<UL><LI>Max Depth = 8<LI>Call Chain = GPT_ClearStatusFlags
</UL>
<BR>[Called By]<UL><LI><a href="#[238]">&gt;&gt;</a>&nbsp;&nbsp;&nbsp;systick_delay
</UL>

<P><STRONG><a name="[23a]"></a>GPT_GetStatusFlags</STRONG> (Thumb, 22 bytes, Stack size 8 bytes, zf_systick.o(.text.GPT_GetStatusFlags))
<BR><BR>[Stack]<UL><LI>Max Depth = 8<LI>Call Chain = GPT_GetStatusFlags
</UL>
<BR>[Called By]<UL><LI><a href="#[238]">&gt;&gt;</a>&nbsp;&nbsp;&nbsp;systick_delay
</UL>

<P><STRONG><a name="[182]"></a>GPT_SetClockDivider</STRONG> (Thumb, 64 bytes, Stack size 8 bytes, zf_systick.o(.text.GPT_SetClockDivider))
<BR><BR>[Stack]<UL><LI>Max Depth = 760<LI>Call Chain = GPT_SetClockDivider &rArr; __aeabi_assert &rArr; DbgConsole_Printf &rArr; StrFormatPrintf &rArr; ConvertFloatRadixNumToString &rArr; __hardfp_pow &rArr; sqrt
</UL>
<BR>[Calls]<UL><LI><a href="#[10a]">&gt;&gt;</a>&nbsp;&nbsp;&nbsp;__aeabi_assert
</UL>
<BR>[Called By]<UL><LI><a href="#[1fd]">&gt;&gt;</a>&nbsp;&nbsp;&nbsp;gpt_init
</UL>

<P><STRONG><a name="[183]"></a>GPT_SetOutputCompareValue</STRONG> (Thumb, 64 bytes, Stack size 16 bytes, zf_systick.o(.text.GPT_SetOutputCompareValue))
<BR><BR>[Stack]<UL><LI>Max Depth = 768<LI>Call Chain = GPT_SetOutputCompareValue &rArr; __aeabi_assert &rArr; DbgConsole_Printf &rArr; StrFormatPrintf &rArr; ConvertFloatRadixNumToString &rArr; __hardfp_pow &rArr; sqrt
</UL>
<BR>[Calls]<UL><LI><a href="#[10a]">&gt;&gt;</a>&nbsp;&nbsp;&nbsp;__aeabi_assert
</UL>
<BR>[Called By]<UL><LI><a href="#[238]">&gt;&gt;</a>&nbsp;&nbsp;&nbsp;systick_delay
</UL>

<P><STRONG><a name="[239]"></a>GPT_StartTimer</STRONG> (Thumb, 18 bytes, Stack size 4 bytes, zf_systick.o(.text.GPT_StartTimer))
<BR><BR>[Stack]<UL><LI>Max Depth = 4<LI>Call Chain = GPT_StartTimer
</UL>
<BR>[Called By]<UL><LI><a href="#[238]">&gt;&gt;</a>&nbsp;&nbsp;&nbsp;systick_delay
</UL>

<P><STRONG><a name="[23c]"></a>GPT_StopTimer</STRONG> (Thumb, 18 bytes, Stack size 4 bytes, zf_systick.o(.text.GPT_StopTimer))
<BR><BR>[Stack]<UL><LI>Max Depth = 4<LI>Call Chain = GPT_StopTimer
</UL>
<BR>[Called By]<UL><LI><a href="#[238]">&gt;&gt;</a>&nbsp;&nbsp;&nbsp;systick_delay
</UL>

<P><STRONG><a name="[22e]"></a>sccb_waitack</STRONG> (Thumb, 110 bytes, Stack size 32 bytes, seekfree_iic.o(.text.sccb_waitack))
<BR><BR>[Stack]<UL><LI>Max Depth = 824<LI>Call Chain = sccb_waitack &rArr; gpio_get &rArr; GPIO_ReadPadStatus &rArr; GPIO_PinReadPadStatus &rArr; __aeabi_assert &rArr; DbgConsole_Printf &rArr; StrFormatPrintf &rArr; ConvertFloatRadixNumToString &rArr; __hardfp_pow &rArr; sqrt
</UL>
<BR>[Calls]<UL><LI><a href="#[22b]">&gt;&gt;</a>&nbsp;&nbsp;&nbsp;simiic_delay
<LI><a href="#[1fc]">&gt;&gt;</a>&nbsp;&nbsp;&nbsp;gpio_set
<LI><a href="#[1fa]">&gt;&gt;</a>&nbsp;&nbsp;&nbsp;gpio_get
<LI><a href="#[22c]">&gt;&gt;</a>&nbsp;&nbsp;&nbsp;gpio_dir
</UL>
<BR>[Called By]<UL><LI><a href="#[22f]">&gt;&gt;</a>&nbsp;&nbsp;&nbsp;send_ch
</UL>

<P><STRONG><a name="[16a]"></a>GPIO_ClearPinsInterruptFlags</STRONG> (Thumb, 20 bytes, Stack size 16 bytes, seekfree_mt9v03x.o(.text.GPIO_ClearPinsInterruptFlags))
<BR><BR>[Stack]<UL><LI>Max Depth = 24<LI>Call Chain = GPIO_ClearPinsInterruptFlags &rArr; GPIO_PortClearInterruptFlags
</UL>
<BR>[Calls]<UL><LI><a href="#[16b]">&gt;&gt;</a>&nbsp;&nbsp;&nbsp;GPIO_PortClearInterruptFlags
</UL>
<BR>[Called By]<UL><LI><a href="#[162]">&gt;&gt;</a>&nbsp;&nbsp;&nbsp;mt9v03x_vsync
</UL>

<P><STRONG><a name="[16b]"></a>GPIO_PortClearInterruptFlags</STRONG> (Thumb, 16 bytes, Stack size 8 bytes, seekfree_mt9v03x.o(.text.GPIO_PortClearInterruptFlags))
<BR><BR>[Stack]<UL><LI>Max Depth = 8<LI>Call Chain = GPIO_PortClearInterruptFlags
</UL>
<BR>[Called By]<UL><LI><a href="#[16a]">&gt;&gt;</a>&nbsp;&nbsp;&nbsp;GPIO_ClearPinsInterruptFlags
</UL>

<P><STRONG><a name="[21f]"></a>DisableGlobalIRQ</STRONG> (Thumb, 26 bytes, Stack size 12 bytes, seekfree_mt9v03x_csi.o(.text.DisableGlobalIRQ))
<BR><BR>[Stack]<UL><LI>Max Depth = 12<LI>Call Chain = DisableGlobalIRQ
</UL>
<BR>[Called By]<UL><LI><a href="#[213]">&gt;&gt;</a>&nbsp;&nbsp;&nbsp;mt9v03x_csi_init
</UL>

<P><STRONG><a name="[21d]"></a>EnableGlobalIRQ</STRONG> (Thumb, 18 bytes, Stack size 8 bytes, seekfree_mt9v03x_csi.o(.text.EnableGlobalIRQ))
<BR><BR>[Stack]<UL><LI>Max Depth = 8<LI>Call Chain = EnableGlobalIRQ
</UL>
<BR>[Called By]<UL><LI><a href="#[213]">&gt;&gt;</a>&nbsp;&nbsp;&nbsp;mt9v03x_csi_init
</UL>

<P><STRONG><a name="[16c]"></a>GPIO_ClearPinsInterruptFlags</STRONG> (Thumb, 20 bytes, Stack size 16 bytes, seekfree_scc8660.o(.text.GPIO_ClearPinsInterruptFlags))
<BR><BR>[Stack]<UL><LI>Max Depth = 24<LI>Call Chain = GPIO_ClearPinsInterruptFlags &rArr; GPIO_PortClearInterruptFlags
</UL>
<BR>[Calls]<UL><LI><a href="#[16d]">&gt;&gt;</a>&nbsp;&nbsp;&nbsp;GPIO_PortClearInterruptFlags
</UL>
<BR>[Called By]<UL><LI><a href="#[163]">&gt;&gt;</a>&nbsp;&nbsp;&nbsp;scc8660_vsync
</UL>

<P><STRONG><a name="[16d]"></a>GPIO_PortClearInterruptFlags</STRONG> (Thumb, 16 bytes, Stack size 8 bytes, seekfree_scc8660.o(.text.GPIO_PortClearInterruptFlags))
<BR><BR>[Stack]<UL><LI>Max Depth = 8<LI>Call Chain = GPIO_PortClearInterruptFlags
</UL>
<BR>[Called By]<UL><LI><a href="#[16c]">&gt;&gt;</a>&nbsp;&nbsp;&nbsp;GPIO_ClearPinsInterruptFlags
</UL>

<P><STRONG><a name="[1da]"></a>USB_DeviceEhciCancelControlPipe</STRONG> (Thumb, 348 bytes, Stack size 48 bytes, usb_device_ehci.o(.text.USB_DeviceEhciCancelControlPipe))
<BR><BR>[Stack]<UL><LI>Max Depth = 176<LI>Call Chain = USB_DeviceEhciCancelControlPipe &rArr; USB_DeviceNotificationTrigger &rArr; USB_DeviceNotification &rArr; USB_DeviceResetNotification &rArr; USB_DeviceControl
</UL>
<BR>[Calls]<UL><LI><a href="#[1db]">&gt;&gt;</a>&nbsp;&nbsp;&nbsp;USB_DeviceNotificationTrigger
</UL>
<BR>[Called By]<UL><LI><a href="#[1de]">&gt;&gt;</a>&nbsp;&nbsp;&nbsp;USB_DeviceEhciInterruptTokenDone
</UL>

<P><STRONG><a name="[1df]"></a>USB_DeviceEhciFillSetupBuffer</STRONG> (Thumb, 142 bytes, Stack size 8 bytes, usb_device_ehci.o(.text.USB_DeviceEhciFillSetupBuffer))
<BR><BR>[Stack]<UL><LI>Max Depth = 8<LI>Call Chain = USB_DeviceEhciFillSetupBuffer
</UL>
<BR>[Called By]<UL><LI><a href="#[1de]">&gt;&gt;</a>&nbsp;&nbsp;&nbsp;USB_DeviceEhciInterruptTokenDone
</UL>

<P><STRONG><a name="[1dc]"></a>USB_DeviceEhciInterruptPortChange</STRONG> (Thumb, 110 bytes, Stack size 24 bytes, usb_device_ehci.o(.text.USB_DeviceEhciInterruptPortChange))
<BR><BR>[Stack]<UL><LI>Max Depth = 152<LI>Call Chain = USB_DeviceEhciInterruptPortChange &rArr; USB_DeviceNotificationTrigger &rArr; USB_DeviceNotification &rArr; USB_DeviceResetNotification &rArr; USB_DeviceControl
</UL>
<BR>[Calls]<UL><LI><a href="#[1db]">&gt;&gt;</a>&nbsp;&nbsp;&nbsp;USB_DeviceNotificationTrigger
</UL>
<BR>[Called By]<UL><LI><a href="#[1e0]">&gt;&gt;</a>&nbsp;&nbsp;&nbsp;USB_DeviceEhciIsrFunction
</UL>

<P><STRONG><a name="[1dd]"></a>USB_DeviceEhciInterruptReset</STRONG> (Thumb, 140 bytes, Stack size 32 bytes, usb_device_ehci.o(.text.USB_DeviceEhciInterruptReset))
<BR><BR>[Stack]<UL><LI>Max Depth = 160<LI>Call Chain = USB_DeviceEhciInterruptReset &rArr; USB_DeviceNotificationTrigger &rArr; USB_DeviceNotification &rArr; USB_DeviceResetNotification &rArr; USB_DeviceControl
</UL>
<BR>[Calls]<UL><LI><a href="#[1db]">&gt;&gt;</a>&nbsp;&nbsp;&nbsp;USB_DeviceNotificationTrigger
</UL>
<BR>[Called By]<UL><LI><a href="#[1e0]">&gt;&gt;</a>&nbsp;&nbsp;&nbsp;USB_DeviceEhciIsrFunction
</UL>

<P><STRONG><a name="[1e1]"></a>USB_DeviceEhciInterruptSof</STRONG> (Thumb, 8 bytes, Stack size 4 bytes, usb_device_ehci.o(.text.USB_DeviceEhciInterruptSof))
<BR><BR>[Stack]<UL><LI>Max Depth = 4<LI>Call Chain = USB_DeviceEhciInterruptSof
</UL>
<BR>[Called By]<UL><LI><a href="#[1e0]">&gt;&gt;</a>&nbsp;&nbsp;&nbsp;USB_DeviceEhciIsrFunction
</UL>

<P><STRONG><a name="[1de]"></a>USB_DeviceEhciInterruptTokenDone</STRONG> (Thumb, 1046 bytes, Stack size 56 bytes, usb_device_ehci.o(.text.USB_DeviceEhciInterruptTokenDone))
<BR><BR>[Stack]<UL><LI>Max Depth = 232<LI>Call Chain = USB_DeviceEhciInterruptTokenDone &rArr; USB_DeviceEhciCancelControlPipe &rArr; USB_DeviceNotificationTrigger &rArr; USB_DeviceNotification &rArr; USB_DeviceResetNotification &rArr; USB_DeviceControl
</UL>
<BR>[Calls]<UL><LI><a href="#[1db]">&gt;&gt;</a>&nbsp;&nbsp;&nbsp;USB_DeviceNotificationTrigger
<LI><a href="#[1df]">&gt;&gt;</a>&nbsp;&nbsp;&nbsp;USB_DeviceEhciFillSetupBuffer
<LI><a href="#[1da]">&gt;&gt;</a>&nbsp;&nbsp;&nbsp;USB_DeviceEhciCancelControlPipe
</UL>
<BR>[Called By]<UL><LI><a href="#[1e0]">&gt;&gt;</a>&nbsp;&nbsp;&nbsp;USB_DeviceEhciIsrFunction
</UL>

<P><STRONG><a name="[1e4]"></a>USB_DeviceControl</STRONG> (Thumb, 92 bytes, Stack size 32 bytes, usb_device_dci.o(.text.USB_DeviceControl))
<BR><BR>[Stack]<UL><LI>Max Depth = 32<LI>Call Chain = USB_DeviceControl
</UL>
<BR>[Called By]<UL><LI><a href="#[1e3]">&gt;&gt;</a>&nbsp;&nbsp;&nbsp;USB_DeviceResetNotification
</UL>

<P><STRONG><a name="[1e2]"></a>USB_DeviceNotification</STRONG> (Thumb, 228 bytes, Stack size 32 bytes, usb_device_dci.o(.text.USB_DeviceNotification))
<BR><BR>[Stack]<UL><LI>Max Depth = 96<LI>Call Chain = USB_DeviceNotification &rArr; USB_DeviceResetNotification &rArr; USB_DeviceControl
</UL>
<BR>[Calls]<UL><LI><a href="#[1e3]">&gt;&gt;</a>&nbsp;&nbsp;&nbsp;USB_DeviceResetNotification
</UL>
<BR>[Called By]<UL><LI><a href="#[1db]">&gt;&gt;</a>&nbsp;&nbsp;&nbsp;USB_DeviceNotificationTrigger
</UL>

<P><STRONG><a name="[1e3]"></a>USB_DeviceResetNotification</STRONG> (Thumb, 134 bytes, Stack size 32 bytes, usb_device_dci.o(.text.USB_DeviceResetNotification))
<BR><BR>[Stack]<UL><LI>Max Depth = 64<LI>Call Chain = USB_DeviceResetNotification &rArr; USB_DeviceControl
</UL>
<BR>[Calls]<UL><LI><a href="#[1e4]">&gt;&gt;</a>&nbsp;&nbsp;&nbsp;USB_DeviceControl
</UL>
<BR>[Called By]<UL><LI><a href="#[1e2]">&gt;&gt;</a>&nbsp;&nbsp;&nbsp;USB_DeviceNotification
</UL>

<P><STRONG><a name="[164]"></a>GPIO_ClearPinsInterruptFlags</STRONG> (Thumb, 20 bytes, Stack size 16 bytes, isr.o(.text.GPIO_ClearPinsInterruptFlags))
<BR><BR>[Stack]<UL><LI>Max Depth = 24<LI>Call Chain = GPIO_ClearPinsInterruptFlags &rArr; GPIO_PortClearInterruptFlags
</UL>
<BR>[Calls]<UL><LI><a href="#[16e]">&gt;&gt;</a>&nbsp;&nbsp;&nbsp;GPIO_PortClearInterruptFlags
</UL>
<BR>[Called By]<UL><LI><a href="#[5d]">&gt;&gt;</a>&nbsp;&nbsp;&nbsp;GPIO2_Combined_16_31_IRQHandler
</UL>

<P><STRONG><a name="[161]"></a>GPIO_GetPinsInterruptFlags</STRONG> (Thumb, 16 bytes, Stack size 16 bytes, isr.o(.text.GPIO_GetPinsInterruptFlags))
<BR><BR>[Stack]<UL><LI>Max Depth = 20<LI>Call Chain = GPIO_GetPinsInterruptFlags &rArr; GPIO_PortGetInterruptFlags
</UL>
<BR>[Calls]<UL><LI><a href="#[172]">&gt;&gt;</a>&nbsp;&nbsp;&nbsp;GPIO_PortGetInterruptFlags
</UL>
<BR>[Called By]<UL><LI><a href="#[5c]">&gt;&gt;</a>&nbsp;&nbsp;&nbsp;GPIO2_Combined_0_15_IRQHandler
</UL>

<P><STRONG><a name="[16e]"></a>GPIO_PortClearInterruptFlags</STRONG> (Thumb, 16 bytes, Stack size 8 bytes, isr.o(.text.GPIO_PortClearInterruptFlags))
<BR><BR>[Stack]<UL><LI>Max Depth = 8<LI>Call Chain = GPIO_PortClearInterruptFlags
</UL>
<BR>[Called By]<UL><LI><a href="#[164]">&gt;&gt;</a>&nbsp;&nbsp;&nbsp;GPIO_ClearPinsInterruptFlags
</UL>

<P><STRONG><a name="[172]"></a>GPIO_PortGetInterruptFlags</STRONG> (Thumb, 12 bytes, Stack size 4 bytes, isr.o(.text.GPIO_PortGetInterruptFlags))
<BR><BR>[Stack]<UL><LI>Max Depth = 4<LI>Call Chain = GPIO_PortGetInterruptFlags
</UL>
<BR>[Called By]<UL><LI><a href="#[161]">&gt;&gt;</a>&nbsp;&nbsp;&nbsp;GPIO_GetPinsInterruptFlags
</UL>

<P><STRONG><a name="[1c1]"></a>PIT_ClearStatusFlags</STRONG> (Thumb, 30 bytes, Stack size 12 bytes, isr.o(.text.PIT_ClearStatusFlags))
<BR><BR>[Stack]<UL><LI>Max Depth = 12<LI>Call Chain = PIT_ClearStatusFlags
</UL>
<BR>[Called By]<UL><LI><a href="#[84]">&gt;&gt;</a>&nbsp;&nbsp;&nbsp;PIT_IRQHandler
</UL>

<P><STRONG><a name="[1c0]"></a>PIT_GetStatusFlags</STRONG> (Thumb, 30 bytes, Stack size 8 bytes, isr.o(.text.PIT_GetStatusFlags))
<BR><BR>[Stack]<UL><LI>Max Depth = 8<LI>Call Chain = PIT_GetStatusFlags
</UL>
<BR>[Called By]<UL><LI><a href="#[84]">&gt;&gt;</a>&nbsp;&nbsp;&nbsp;PIT_IRQHandler
</UL>

<P><STRONG><a name="[20d]"></a>DisableGlobalIRQ</STRONG> (Thumb, 26 bytes, Stack size 12 bytes, main.o(.text.DisableGlobalIRQ))
<BR><BR>[Stack]<UL><LI>Max Depth = 12<LI>Call Chain = DisableGlobalIRQ
</UL>
<BR>[Called By]<UL><LI><a href="#[a9]">&gt;&gt;</a>&nbsp;&nbsp;&nbsp;main
</UL>

<P><STRONG><a name="[214]"></a>EnableGlobalIRQ</STRONG> (Thumb, 18 bytes, Stack size 8 bytes, main.o(.text.EnableGlobalIRQ))
<BR><BR>[Stack]<UL><LI>Max Depth = 8<LI>Call Chain = EnableGlobalIRQ
</UL>
<BR>[Called By]<UL><LI><a href="#[a9]">&gt;&gt;</a>&nbsp;&nbsp;&nbsp;main
</UL>

<P><STRONG><a name="[e1]"></a>DbgConsole_PrintCallback</STRONG> (Thumb, 94 bytes, Stack size 32 bytes, fsl_debug_console.o(.text.DbgConsole_PrintCallback))
<BR><BR>[Stack]<UL><LI>Max Depth = 224<LI>Call Chain = DbgConsole_PrintCallback &rArr; DbgConsole_SendDataReliable &rArr;  __aeabi_assert (Cycle)
</UL>
<BR>[Calls]<UL><LI><a href="#[152]">&gt;&gt;</a>&nbsp;&nbsp;&nbsp;DbgConsole_SendDataReliable
</UL>
<BR>[Address Reference Count : 1]<UL><LI> fsl_debug_console.o(.text.DbgConsole_Printf)
</UL>
<P><STRONG><a name="[149]"></a>ConvertFloatRadixNumToString</STRONG> (Thumb, 636 bytes, Stack size 128 bytes, fsl_str.o(.text.ConvertFloatRadixNumToString))
<BR><BR>[Stack]<UL><LI>Max Depth = 344<LI>Call Chain = ConvertFloatRadixNumToString &rArr; __hardfp_pow &rArr; sqrt
</UL>
<BR>[Calls]<UL><LI><a href="#[14b]">&gt;&gt;</a>&nbsp;&nbsp;&nbsp;__hardfp_pow
<LI><a href="#[14a]">&gt;&gt;</a>&nbsp;&nbsp;&nbsp;__hardfp_modf
<LI><a href="#[ed]">&gt;&gt;</a>&nbsp;&nbsp;&nbsp;__aeabi_l2d
<LI><a href="#[ef]">&gt;&gt;</a>&nbsp;&nbsp;&nbsp;__aeabi_d2lz
</UL>
<BR>[Called By]<UL><LI><a href="#[154]">&gt;&gt;</a>&nbsp;&nbsp;&nbsp;StrFormatPrintf
</UL>

<P><STRONG><a name="[14c]"></a>ConvertRadixNumToString</STRONG> (Thumb, 454 bytes, Stack size 96 bytes, fsl_str.o(.text.ConvertRadixNumToString))
<BR><BR>[Stack]<UL><LI>Max Depth = 160<LI>Call Chain = ConvertRadixNumToString &rArr; __aeabi_ldivmod &rArr; __aeabi_uldivmod
</UL>
<BR>[Calls]<UL><LI><a href="#[e9]">&gt;&gt;</a>&nbsp;&nbsp;&nbsp;__aeabi_ldivmod
<LI><a href="#[e6]">&gt;&gt;</a>&nbsp;&nbsp;&nbsp;__aeabi_uldivmod
</UL>
<BR>[Called By]<UL><LI><a href="#[154]">&gt;&gt;</a>&nbsp;&nbsp;&nbsp;StrFormatPrintf
</UL>
<P>
<H3>
Undefined Global Symbols
</H3><HR></body></html>
