C51 COMPILER V9.52.0.0   LCD                                                               07/13/2021 11:42:42 PAGE 1   


C51 COMPILER V9.52.0.0, COMPILATION OF MODULE LCD
OBJECT MODULE PLACED IN lcd.obj
COMPILER INVOKED BY: C:\Keil4\C51\BIN\C51.EXE SRC\LCD\lcd.c LARGE BROWSE INCDIR(.\SRC\LED;.\SRC\LCD) DEBUG OBJECTEXTEND 
                    -PRINT(.\lcd.lst) TABS(2) OBJECT(lcd.obj)

line level    source

   1          #include "lcd.h"
   2          #include "lcd_init.h"
   3          #include "lcdfont.h"
   4          
   5          
   6          /******************************************************************************
   7                函数说明：在指定区域填充颜色
   8                入口数据：xsta,ysta   起始坐标
   9                          xend,yend   终止坐标
  10                          color       要填充的颜色
  11                返回值：  无
  12          ******************************************************************************/
  13          void LCD_Fill(u16 xsta,u16 ysta,u16 xend,u16 yend,u16 color)
  14          {          
  15   1        u16 i,j; 
  16   1        LCD_Address_Set(xsta,ysta,xend-1,yend-1);//设置显示范围
  17   1        for(i=ysta;i<yend;i++)
  18   1        {                               
  19   2          for(j=xsta;j<xend;j++)
  20   2          {
  21   3            LCD_WR_DATA(color);
  22   3          }
  23   2        }                   
  24   1      }
  25          
  26          /******************************************************************************
  27                函数说明：在指定位置画点
  28                入口数据：x,y 画点坐标
  29                          color 点的颜色
  30                返回值：  无
  31          ******************************************************************************/
  32          void LCD_DrawPoint(u16 x,u16 y,u16 color)
  33          {
  34   1        LCD_Address_Set(x,y,x,y);//设置光标位置 
  35   1        LCD_WR_DATA(color);
  36   1      } 
  37          
  38          
  39          /******************************************************************************
  40                函数说明：画线
  41                入口数据：x1,y1   起始坐标
  42                          x2,y2   终止坐标
  43                          color   线的颜色
  44                返回值：  无
  45          ******************************************************************************/
  46          void LCD_DrawLine(u16 x1,u16 y1,u16 x2,u16 y2,u16 color)
  47          {
  48   1        u16 t; 
  49   1        int xerr=0,yerr=0,delta_x,delta_y,distance;
  50   1        int incx,incy,uRow,uCol;
  51   1        delta_x=x2-x1; //计算坐标增量 
  52   1        delta_y=y2-y1;
  53   1        uRow=x1;//画线起点坐标
  54   1        uCol=y1;
C51 COMPILER V9.52.0.0   LCD                                                               07/13/2021 11:42:42 PAGE 2   

  55   1        if(delta_x>0)incx=1; //设置单步方向 
  56   1        else if (delta_x==0)incx=0;//垂直线 
  57   1        else {incx=-1;delta_x=-delta_x;}
  58   1        if(delta_y>0)incy=1;
  59   1        else if (delta_y==0)incy=0;//水平线 
  60   1        else {incy=-1;delta_y=-delta_y;}
  61   1        if(delta_x>delta_y)distance=delta_x; //选取基本增量坐标轴 
  62   1        else distance=delta_y;
  63   1        for(t=0;t<distance+1;t++)
  64   1        {
  65   2          LCD_DrawPoint(uRow,uCol,color);//画点
  66   2          xerr+=delta_x;
  67   2          yerr+=delta_y;
  68   2          if(xerr>distance)
  69   2          {
  70   3            xerr-=distance;
  71   3            uRow+=incx;
  72   3          }
  73   2          if(yerr>distance)
  74   2          {
  75   3            yerr-=distance;
  76   3            uCol+=incy;
  77   3          }
  78   2        }
  79   1      }
  80          
  81          
  82          /******************************************************************************
  83                函数说明：画矩形
  84                入口数据：x1,y1   起始坐标
  85                          x2,y2   终止坐标
  86                          color   矩形的颜色
  87                返回值：  无
  88          ******************************************************************************/
  89          void LCD_DrawRectangle(u16 x1, u16 y1, u16 x2, u16 y2,u16 color)
  90          {
  91   1        LCD_DrawLine(x1,y1,x2,y1,color);
  92   1        LCD_DrawLine(x1,y1,x1,y2,color);
  93   1        LCD_DrawLine(x1,y2,x2,y2,color);
  94   1        LCD_DrawLine(x2,y1,x2,y2,color);
  95   1      }
  96          
  97          
  98          /******************************************************************************
  99                函数说明：画圆
 100                入口数据：x0,y0   圆心坐标
 101                          r       半径
 102                          color   圆的颜色
 103                返回值：  无
 104          ******************************************************************************/
 105          void Draw_Circle(u16 x0,u16 y0,u8 r,u16 color)
 106          {
 107   1        int a,b;
 108   1        a=0;b=r;    
 109   1        while(a<=b)
 110   1        {
 111   2          LCD_DrawPoint(x0-b,y0-a,color);             //3           
 112   2          LCD_DrawPoint(x0+b,y0-a,color);             //0           
 113   2          LCD_DrawPoint(x0-a,y0+b,color);             //1                
 114   2          LCD_DrawPoint(x0-a,y0-b,color);             //2             
 115   2          LCD_DrawPoint(x0+b,y0+a,color);             //4               
 116   2          LCD_DrawPoint(x0+a,y0-b,color);             //5
C51 COMPILER V9.52.0.0   LCD                                                               07/13/2021 11:42:42 PAGE 3   

 117   2          LCD_DrawPoint(x0+a,y0+b,color);             //6 
 118   2          LCD_DrawPoint(x0-b,y0+a,color);             //7
 119   2          a++;
 120   2          if((a*a+b*b)>(r*r))//判断要画的点是否过远
 121   2          {
 122   3            b--;
 123   3          }
 124   2        }
 125   1      }
 126          
 127          /******************************************************************************
 128                函数说明：显示汉字串
 129                入口数据：x,y显示坐标
 130                          *s 要显示的汉字串
 131                          fc 字的颜色
 132                          bc 字的背景色
 133                          sizey 字号 可选 16 24 32
 134                          mode:  0非叠加模式  1叠加模式
 135                返回值：  无
 136          ******************************************************************************/
 137          void LCD_ShowChinese(u16 x,u16 y,u8 *s,u16 fc,u16 bc,u8 sizey,u8 mode)
 138          {
 139   1        while(*s!=0)
 140   1        {
 141   2          if(sizey==12) LCD_ShowChinese12x12(x,y,s,fc,bc,sizey,mode);
 142   2          else if(sizey==16) LCD_ShowChinese16x16(x,y,s,fc,bc,sizey,mode);
 143   2          else if(sizey==24) LCD_ShowChinese24x24(x,y,s,fc,bc,sizey,mode);
 144   2          else if(sizey==32) LCD_ShowChinese32x32(x,y,s,fc,bc,sizey,mode);
 145   2          else return;
 146   2          s+=2;
 147   2          x+=sizey;
 148   2        }
 149   1      }
 150          
 151          /******************************************************************************
 152                函数说明：显示单个12x12汉字
 153                入口数据：x,y显示坐标
 154                          *s 要显示的汉字
 155                          fc 字的颜色
 156                          bc 字的背景色
 157                          sizey 字号
 158                          mode:  0非叠加模式  1叠加模式
 159                返回值：  无
 160          ******************************************************************************/
 161          void LCD_ShowChinese12x12(u16 x,u16 y,u8 *s,u16 fc,u16 bc,u8 sizey,u8 mode)
 162          {
 163   1        u8 i,j,m=0;
 164   1        u16 k;
 165   1        u16 HZnum;//汉字数目
 166   1        u16 TypefaceNum;//一个字符所占字节大小
 167   1        u16 x0=x;
 168   1        TypefaceNum=(sizey/8+((sizey%8)?1:0))*sizey;
 169   1                                 
 170   1        HZnum=sizeof(tfont12)/sizeof(typFNT_GB12);  //统计汉字数目
 171   1        for(k=0;k<HZnum;k++) 
 172   1        {
 173   2          if((tfont12[k].Index[0]==*(s))&&(tfont12[k].Index[1]==*(s+1)))
 174   2          {   
 175   3            LCD_Address_Set(x,y,x+sizey-1,y+sizey-1);
 176   3            for(i=0;i<TypefaceNum;i++)
 177   3            {
 178   4              for(j=0;j<8;j++)
C51 COMPILER V9.52.0.0   LCD                                                               07/13/2021 11:42:42 PAGE 4   

 179   4              { 
 180   5                if(!mode)//非叠加方式
 181   5                {
 182   6                  if(tfont12[k].Msk[i]&(0x01<<j))LCD_WR_DATA(fc);
 183   6                  else LCD_WR_DATA(bc);
 184   6                  m++;
 185   6                  if(m%sizey==0)
 186   6                  {
 187   7                    m=0;
 188   7                    break;
 189   7                  }
 190   6                }
 191   5                else//叠加方式
 192   5                {
 193   6                  if(tfont12[k].Msk[i]&(0x01<<j)) LCD_DrawPoint(x,y,fc);//画一个点
 194   6                  x++;
 195   6                  if((x-x0)==sizey)
 196   6                  {
 197   7                    x=x0;
 198   7                    y++;
 199   7                    break;
 200   7                  }
 201   6                }
 202   5              }
 203   4            }
 204   3          }           
 205   2          continue;  //查找到对应点阵字库立即退出，防止多个汉字重复取模带来影响
 206   2        }
 207   1      } 
 208          
 209          /******************************************************************************
 210                函数说明：显示单个16x16汉字
 211                入口数据：x,y显示坐标
 212                          *s 要显示的汉字
 213                          fc 字的颜色
 214                          bc 字的背景色
 215                          sizey 字号
 216                          mode:  0非叠加模式  1叠加模式
 217                返回值：  无
 218          ******************************************************************************/
 219          void LCD_ShowChinese16x16(u16 x,u16 y,u8 *s,u16 fc,u16 bc,u8 sizey,u8 mode)
 220          {
 221   1        u8 i,j,m=0;
 222   1        u16 k;
 223   1        u16 HZnum;//汉字数目
 224   1        u16 TypefaceNum;//一个字符所占字节大小
 225   1        u16 x0=x;
 226   1        TypefaceNum=(sizey/8+((sizey%8)?1:0))*sizey;
 227   1        HZnum=sizeof(tfont16)/sizeof(typFNT_GB16);  //统计汉字数目
 228   1        for(k=0;k<HZnum;k++) 
 229   1        {
 230   2          if ((tfont16[k].Index[0]==*(s))&&(tfont16[k].Index[1]==*(s+1)))
 231   2          {   
 232   3            LCD_Address_Set(x,y,x+sizey-1,y+sizey-1);
 233   3            for(i=0;i<TypefaceNum;i++)
 234   3            {
 235   4              for(j=0;j<8;j++)
 236   4              { 
 237   5                if(!mode)//非叠加方式
 238   5                {
 239   6                  if(tfont16[k].Msk[i]&(0x01<<j))LCD_WR_DATA(fc);
 240   6                  else LCD_WR_DATA(bc);
C51 COMPILER V9.52.0.0   LCD                                                               07/13/2021 11:42:42 PAGE 5   

 241   6                  m++;
 242   6                  if(m%sizey==0)
 243   6                  {
 244   7                    m=0;
 245   7                    break;
 246   7                  }
 247   6                }
 248   5                else//叠加方式
 249   5                {
 250   6                  if(tfont16[k].Msk[i]&(0x01<<j)) LCD_DrawPoint(x,y,fc);//画一个点
 251   6                  x++;
 252   6                  if((x-x0)==sizey)
 253   6                  {
 254   7                    x=x0;
 255   7                    y++;
 256   7                    break;
 257   7                  }
 258   6                }
 259   5              }
 260   4            }
 261   3          }           
 262   2          continue;  //查找到对应点阵字库立即退出，防止多个汉字重复取模带来影响
 263   2        }
 264   1      } 
 265          
 266          
 267          /******************************************************************************
 268                函数说明：显示单个24x24汉字
 269                入口数据：x,y显示坐标
 270                          *s 要显示的汉字
 271                          fc 字的颜色
 272                          bc 字的背景色
 273                          sizey 字号
 274                          mode:  0非叠加模式  1叠加模式
 275                返回值：  无
 276          ******************************************************************************/
 277          void LCD_ShowChinese24x24(u16 x,u16 y,u8 *s,u16 fc,u16 bc,u8 sizey,u8 mode)
 278          {
 279   1        u8 i,j,m=0;
 280   1        u16 k;
 281   1        u16 HZnum;//汉字数目
 282   1        u16 TypefaceNum;//一个字符所占字节大小
 283   1        u16 x0=x;
 284   1        TypefaceNum=(sizey/8+((sizey%8)?1:0))*sizey;
 285   1        HZnum=sizeof(tfont24)/sizeof(typFNT_GB24);  //统计汉字数目
 286   1        for(k=0;k<HZnum;k++) 
 287   1        {
 288   2          if ((tfont24[k].Index[0]==*(s))&&(tfont24[k].Index[1]==*(s+1)))
 289   2          {   
 290   3            LCD_Address_Set(x,y,x+sizey-1,y+sizey-1);
 291   3            for(i=0;i<TypefaceNum;i++)
 292   3            {
 293   4              for(j=0;j<8;j++)
 294   4              { 
 295   5                if(!mode)//非叠加方式
 296   5                {
 297   6                  if(tfont24[k].Msk[i]&(0x01<<j))LCD_WR_DATA(fc);
 298   6                  else LCD_WR_DATA(bc);
 299   6                  m++;
 300   6                  if(m%sizey==0)
 301   6                  {
 302   7                    m=0;
C51 COMPILER V9.52.0.0   LCD                                                               07/13/2021 11:42:42 PAGE 6   

 303   7                    break;
 304   7                  }
 305   6                }
 306   5                else//叠加方式
 307   5                {
 308   6                  if(tfont24[k].Msk[i]&(0x01<<j)) LCD_DrawPoint(x,y,fc);//画一个点
 309   6                  x++;
 310   6                  if((x-x0)==sizey)
 311   6                  {
 312   7                    x=x0;
 313   7                    y++;
 314   7                    break;
 315   7                  }
 316   6                }
 317   5              }
 318   4            }
 319   3          }           
 320   2          continue;  //查找到对应点阵字库立即退出，防止多个汉字重复取模带来影响
 321   2        }
 322   1      } 
 323          
 324          /******************************************************************************
 325                函数说明：显示单个32x32汉字
 326                入口数据：x,y显示坐标
 327                          *s 要显示的汉字
 328                          fc 字的颜色
 329                          bc 字的背景色
 330                          sizey 字号
 331                          mode:  0非叠加模式  1叠加模式
 332                返回值：  无
 333          ******************************************************************************/
 334          void LCD_ShowChinese32x32(u16 x,u16 y,u8 *s,u16 fc,u16 bc,u8 sizey,u8 mode)
 335          {
 336   1        u8 i,j,m=0;
 337   1        u16 k;
 338   1        u16 HZnum;//汉字数目
 339   1        u16 TypefaceNum;//一个字符所占字节大小
 340   1        u16 x0=x;
 341   1        TypefaceNum=(sizey/8+((sizey%8)?1:0))*sizey;
 342   1        HZnum=sizeof(tfont32)/sizeof(typFNT_GB32);  //统计汉字数目
 343   1        for(k=0;k<HZnum;k++) 
 344   1        {
 345   2          if ((tfont32[k].Index[0]==*(s))&&(tfont32[k].Index[1]==*(s+1)))
 346   2          {   
 347   3            LCD_Address_Set(x,y,x+sizey-1,y+sizey-1);
 348   3            for(i=0;i<TypefaceNum;i++)
 349   3            {
 350   4              for(j=0;j<8;j++)
 351   4              { 
 352   5                if(!mode)//非叠加方式
 353   5                {
 354   6                  if(tfont32[k].Msk[i]&(0x01<<j))LCD_WR_DATA(fc);
 355   6                  else LCD_WR_DATA(bc);
 356   6                  m++;
 357   6                  if(m%sizey==0)
 358   6                  {
 359   7                    m=0;
 360   7                    break;
 361   7                  }
 362   6                }
 363   5                else//叠加方式
 364   5                {
C51 COMPILER V9.52.0.0   LCD                                                               07/13/2021 11:42:42 PAGE 7   

 365   6                  if(tfont32[k].Msk[i]&(0x01<<j)) LCD_DrawPoint(x,y,fc);//画一个点
 366   6                  x++;
 367   6                  if((x-x0)==sizey)
 368   6                  {
 369   7                    x=x0;
 370   7                    y++;
 371   7                    break;
 372   7                  }
 373   6                }
 374   5              }
 375   4            }
 376   3          }           
 377   2          continue;  //查找到对应点阵字库立即退出，防止多个汉字重复取模带来影响
 378   2        }
 379   1      }
 380          
 381          
 382          /******************************************************************************
 383                函数说明：显示单个字符
 384                入口数据：x,y显示坐标
 385                          num 要显示的字符
 386                          fc 字的颜色
 387                          bc 字的背景色
 388                          sizey 字号
 389                          mode:  0非叠加模式  1叠加模式
 390                返回值：  无
 391          ******************************************************************************/
 392          void LCD_ShowChar(u16 x,u16 y,u8 num,u16 fc,u16 bc,u8 sizey,u8 mode)
 393          {
 394   1        u8 temp,sizex,t,m=0;
 395   1        u16 i,TypefaceNum;//一个字符所占字节大小
 396   1        u16 x0=x;
 397   1        sizex=sizey/2;
 398   1        TypefaceNum=(sizex/8+((sizex%8)?1:0))*sizey;
 399   1        num=num-' ';    //得到偏移后的值
 400   1        LCD_Address_Set(x,y,x+sizex-1,y+sizey-1);  //设置光标位置 
 401   1        for(i=0;i<TypefaceNum;i++)
 402   1        { 
 403   2          if(sizey==12)temp=ascii_1206[num][i];          //调用6x12字体
 404   2          else if(sizey==16)temp=ascii_1608[num][i];     //调用8x16字体
 405   2          else if(sizey==24)temp=ascii_2412[num][i];     //调用12x24字体
 406   2          else if(sizey==32)temp=ascii_3216[num][i];     //调用16x32字体
 407   2          else return;
 408   2          for(t=0;t<8;t++)
 409   2          {
 410   3            if(!mode)//非叠加模式
 411   3            {
 412   4              if(temp&(0x01<<t))LCD_WR_DATA(fc);
 413   4              else LCD_WR_DATA(bc);
 414   4              m++;
 415   4              if(m%sizex==0)
 416   4              {
 417   5                m=0;
 418   5                break;
 419   5              }
 420   4            }
 421   3            else//叠加模式
 422   3            {
 423   4              if(temp&(0x01<<t))LCD_DrawPoint(x,y,fc);//画一个点
 424   4              x++;
 425   4              if((x-x0)==sizex)
 426   4              {
C51 COMPILER V9.52.0.0   LCD                                                               07/13/2021 11:42:42 PAGE 8   

 427   5                x=x0;
 428   5                y++;
 429   5                break;
 430   5              }
 431   4            }
 432   3          }
 433   2        }         
 434   1      }
 435          
 436          
 437          /******************************************************************************
 438                函数说明：显示字符串
 439                入口数据：x,y显示坐标
 440                          *p 要显示的字符串
 441                          fc 字的颜色
 442                          bc 字的背景色
 443                          sizey 字号
 444                          mode:  0非叠加模式  1叠加模式
 445                返回值：  无
 446          ******************************************************************************/
 447          void LCD_ShowString(u16 x,u16 y,const u8 *p,u16 fc,u16 bc,u8 sizey,u8 mode)
 448          {         
 449   1        while(*p!='\0')
 450   1        {       
 451   2          LCD_ShowChar(x,y,*p,fc,bc,sizey,mode);
 452   2          x+=sizey/2;
 453   2          p++;
 454   2        }  
 455   1      }
 456          
 457          
 458          /******************************************************************************
 459                函数说明：显示数字
 460                入口数据：m底数，n指数
 461                返回值：  无
 462          ******************************************************************************/
 463          u32 mypow(u8 m,u8 n)
 464          {
 465   1        u32 result=1;  
 466   1        while(n--)result*=m;
 467   1        return result;
 468   1      }
 469          
 470          
 471          /******************************************************************************
 472                函数说明：显示整数变量
 473                入口数据：x,y显示坐标
 474                          num 要显示整数变量
 475                          len 要显示的位数
 476                          fc 字的颜色
 477                          bc 字的背景色
 478                          sizey 字号
 479                返回值：  无
 480          ******************************************************************************/
 481          void LCD_ShowIntNum(u16 x,u16 y,u16 num,u8 len,u16 fc,u16 bc,u8 sizey)
 482          {           
 483   1        u8 t,temp;
 484   1        u8 enshow=0;
 485   1        u8 sizex=sizey/2;
 486   1        for(t=0;t<len;t++)
 487   1        {
 488   2          temp=(num/mypow(10,len-t-1))%10;
C51 COMPILER V9.52.0.0   LCD                                                               07/13/2021 11:42:42 PAGE 9   

 489   2          if(enshow==0&&t<(len-1))
 490   2          {
 491   3            if(temp==0)
 492   3            {
 493   4              LCD_ShowChar(x+t*sizex,y,' ',fc,bc,sizey,0);
 494   4              continue;
 495   4            }else enshow=1; 
 496   3             
 497   3          }
 498   2          LCD_ShowChar(x+t*sizex,y,temp+48,fc,bc,sizey,0);
 499   2        }
 500   1      } 
 501          
 502          
 503          /******************************************************************************
 504                函数说明：显示两位小数变量
 505                入口数据：x,y显示坐标
 506                          num 要显示小数变量
 507                          len 要显示的位数
 508                          fc 字的颜色
 509                          bc 字的背景色
 510                          sizey 字号
 511                返回值：  无
 512          ******************************************************************************/
 513          void LCD_ShowFloatNum1(u16 x,u16 y,float num,u8 len,u16 fc,u16 bc,u8 sizey)
 514          {           
 515   1        u8 t,temp,sizex;
 516   1        u16 num1;
 517   1        sizex=sizey/2;
 518   1        num1=num*100;
 519   1        for(t=0;t<len;t++)
 520   1        {
 521   2          temp=(num1/mypow(10,len-t-1))%10;
 522   2          if(t==(len-2))
 523   2          {
 524   3            LCD_ShowChar(x+(len-2)*sizex,y,'.',fc,bc,sizey,0);
 525   3            t++;
 526   3            len+=1;
 527   3          }
 528   2          LCD_ShowChar(x+t*sizex,y,temp+48,fc,bc,sizey,0);
 529   2        }
 530   1      }
 531          
 532          
 533          /******************************************************************************
 534                函数说明：显示图片
 535                入口数据：x,y起点坐标
 536                          length 图片长度
 537                          width  图片宽度
 538                          pic[]  图片数组    
 539                返回值：  无
 540          ******************************************************************************/
 541          void LCD_ShowPicture(u16 x,u16 y,u16 length,u16 width,const u8 pic[])
 542          {
 543   1        u16 i,j;
 544   1        u32 k=0;
 545   1        LCD_Address_Set(x,y,x+length-1,y+width-1);
 546   1        for(i=0;i<length;i++)
 547   1        {
 548   2          for(j=0;j<width;j++)
 549   2          {
 550   3            LCD_WR_DATA8(pic[k*2]);
C51 COMPILER V9.52.0.0   LCD                                                               07/13/2021 11:42:42 PAGE 10  

 551   3            LCD_WR_DATA8(pic[k*2+1]);
 552   3            k++;
 553   3          }
 554   2        }     
 555   1      }
 556          
 557          


MODULE INFORMATION:   STATIC OVERLAYABLE
   CODE SIZE        =   6170    ----
   CONSTANT SIZE    =  14620    ----
   XDATA SIZE       =   ----     274
   PDATA SIZE       =   ----    ----
   DATA SIZE        =   ----    ----
   IDATA SIZE       =   ----    ----
   BIT SIZE         =   ----    ----
END OF MODULE INFORMATION.


C51 COMPILATION COMPLETE.  0 WARNING(S),  0 ERROR(S)
