<html>
<body>
<pre>
<h1>µVision Build Log</h1>
<h2>Tool Versions:</h2>
IDE-Version: ¦ÌVision V5.26.2.0
Copyright (C) 2018 ARM Ltd and ARM Germany GmbH. All rights reserved.
License Information: 123 806856531@qq.com, 123, LIC=X96CK-ZPZG8-Y80FK-Z03PG-PP11E-9NZH4
 
Tool Versions:
Toolchain:       MDK-ARM Plus  Version: 5.26.2.0
Toolchain Path:  C:\Keil_v5\ARM\ARMCC\Bin
C Compiler:      Armcc.exe V5.06 update 6 (build 750)
Assembler:       Armasm.exe V5.06 update 6 (build 750)
Linker/Locator:  ArmLink.exe V5.06 update 6 (build 750)
Library Manager: ArmAr.exe V5.06 update 6 (build 750)
Hex Converter:   FromElf.exe V5.06 update 6 (build 750)
CPU DLL:         SARMCM3.DLL V5.26.2.0
Dialog DLL:      DCM.DLL V1.17.2.0
Target DLL:      STLink\ST-LINKIII-KEIL_SWO.dll V3.0.5.0
Dialog DLL:      TCM.DLL V1.36.1.0
 
<h2>Project:</h2>
C:\Users\80685\Desktop\ÖÐ¾°Ô°1.47´ç\02-1.47IPS³ÌÐòÔ´Âë\07-1.14IPSÏÔÊ¾ÆÁSTM32L151AC8T6_SPIÀý³Ì\USER\LCD.uvprojx
Project File Date:  03/13/2020

<h2>Output:</h2>
*** Using Compiler 'V5.06 update 6 (build 750)', folder: 'C:\Keil_v5\ARM\ARMCC\Bin'
Rebuild target 'Target 1'
compiling main.c...
compiling lcd_init.c...
compiling stm32l1xx_it.c...
compiling led.c...
compiling system_stm32l1xx.c...
compiling stm32l1xx_hal.c...
compiling lcd.c...
compiling stm32l1xx_hal_cortex.c...
assembling startup_stm32l151xba.s...
compiling stm32l1xx_hal_gpio.c...
compiling stm32l1xx_hal_rcc.c...
compiling delay.c...
compiling sys.c...
linking...
Program Size: Code=9366 RO-data=18130 RW-data=8 ZI-data=1024  
FromELF: creating hex file...
"..\OBJ\LCD.axf" - 0 Error(s), 0 Warning(s).

<h2>Software Packages used:</h2>

Package Vendor: Keil
                http://www.keil.com/pack/Keil.STM32L1xx_DFP.1.2.0.pack
                Keil.STM32L1xx_DFP.1.2.0
                STMicroelectronics STM32L1 Series Device Support and Examples

<h2>Collection of Component include folders:</h2>
  .\RTE\_Target_1
  C:\Keil_v5\ARM\PACK\Keil\STM32L1xx_DFP\1.2.0\Device\Include

<h2>Collection of Component Files used:</h2>
Build Time Elapsed:  00:00:03
</pre>
</body>
</html>
