Component: ARM Compiler 5.06 update 6 (build 750) Tool: armlink [4d35ed]

==============================================================================

Section Cross References

    main.o(i.main) refers to stm32l1xx_hal.o(i.HAL_Init) for HAL_Init
    main.o(i.main) refers to sys.o(i.SystemClock_Config) for SystemClock_Config
    main.o(i.main) refers to led.o(i.LED_Init) for LED_Init
    main.o(i.main) refers to lcd_init.o(i.LCD_Init) for LCD_Init
    main.o(i.main) refers to lcd.o(i.LCD_Fill) for LCD_Fill
    main.o(i.main) refers to stm32l1xx_hal_gpio.o(i.HAL_GPIO_WritePin) for HAL_GPIO_WritePin
    main.o(i.main) refers to lcd.o(i.LCD_ShowChinese) for LCD_ShowChinese
    main.o(i.main) refers to lcd.o(i.LCD_ShowString) for LCD_ShowString
    main.o(i.main) refers to lcd.o(i.LCD_ShowIntNum) for LCD_ShowIntNum
    main.o(i.main) refers to lcd.o(i.LCD_ShowFloatNum1) for LCD_ShowFloatNum1
    main.o(i.main) refers to f2d.o(.text) for __aeabi_f2d
    main.o(i.main) refers to dadd.o(.text) for __aeabi_dadd
    main.o(i.main) refers to d2f.o(.text) for __aeabi_d2f
    main.o(i.main) refers to lcd.o(i.LCD_ShowPicture) for LCD_ShowPicture
    main.o(i.main) refers to main.o(.constdata) for gImage_1
    stm32l1xx_it.o(i.SysTick_Handler) refers to stm32l1xx_hal.o(i.HAL_IncTick) for HAL_IncTick
    stm32l1xx_it.o(i.SysTick_Handler) refers to stm32l1xx_hal_cortex.o(i.HAL_SYSTICK_IRQHandler) for HAL_SYSTICK_IRQHandler
    system_stm32l1xx.o(i.SystemCoreClockUpdate) refers to system_stm32l1xx.o(.data) for SystemCoreClock
    system_stm32l1xx.o(i.SystemCoreClockUpdate) refers to system_stm32l1xx.o(.constdata) for PLLMulTable
    led.o(i.LED_Init) refers to stm32l1xx_hal_gpio.o(i.HAL_GPIO_Init) for HAL_GPIO_Init
    led.o(i.LED_Init) refers to stm32l1xx_hal_gpio.o(i.HAL_GPIO_WritePin) for HAL_GPIO_WritePin
    lcd_init.o(i.LCD_Address_Set) refers to lcd_init.o(i.LCD_WR_REG) for LCD_WR_REG
    lcd_init.o(i.LCD_Address_Set) refers to lcd_init.o(i.LCD_WR_DATA) for LCD_WR_DATA
    lcd_init.o(i.LCD_GPIO_Init) refers to stm32l1xx_hal_gpio.o(i.HAL_GPIO_Init) for HAL_GPIO_Init
    lcd_init.o(i.LCD_GPIO_Init) refers to stm32l1xx_hal_gpio.o(i.HAL_GPIO_WritePin) for HAL_GPIO_WritePin
    lcd_init.o(i.LCD_Init) refers to lcd_init.o(i.LCD_GPIO_Init) for LCD_GPIO_Init
    lcd_init.o(i.LCD_Init) refers to stm32l1xx_hal_gpio.o(i.HAL_GPIO_WritePin) for HAL_GPIO_WritePin
    lcd_init.o(i.LCD_Init) refers to delay.o(i.delay_ms) for delay_ms
    lcd_init.o(i.LCD_Init) refers to lcd_init.o(i.LCD_WR_REG) for LCD_WR_REG
    lcd_init.o(i.LCD_Init) refers to lcd_init.o(i.LCD_WR_DATA8) for LCD_WR_DATA8
    lcd_init.o(i.LCD_WR_DATA) refers to lcd_init.o(i.LCD_Writ_Bus) for LCD_Writ_Bus
    lcd_init.o(i.LCD_WR_DATA8) refers to lcd_init.o(i.LCD_Writ_Bus) for LCD_Writ_Bus
    lcd_init.o(i.LCD_WR_REG) refers to stm32l1xx_hal_gpio.o(i.HAL_GPIO_WritePin) for HAL_GPIO_WritePin
    lcd_init.o(i.LCD_WR_REG) refers to lcd_init.o(i.LCD_Writ_Bus) for LCD_Writ_Bus
    lcd_init.o(i.LCD_Writ_Bus) refers to stm32l1xx_hal_gpio.o(i.HAL_GPIO_WritePin) for HAL_GPIO_WritePin
    lcd.o(i.Draw_Circle) refers to lcd.o(i.LCD_DrawPoint) for LCD_DrawPoint
    lcd.o(i.LCD_DrawLine) refers to lcd.o(i.LCD_DrawPoint) for LCD_DrawPoint
    lcd.o(i.LCD_DrawPoint) refers to lcd_init.o(i.LCD_Address_Set) for LCD_Address_Set
    lcd.o(i.LCD_DrawPoint) refers to lcd_init.o(i.LCD_WR_DATA) for LCD_WR_DATA
    lcd.o(i.LCD_DrawRectangle) refers to lcd.o(i.LCD_DrawLine) for LCD_DrawLine
    lcd.o(i.LCD_Fill) refers to lcd_init.o(i.LCD_Address_Set) for LCD_Address_Set
    lcd.o(i.LCD_Fill) refers to lcd_init.o(i.LCD_WR_DATA) for LCD_WR_DATA
    lcd.o(i.LCD_ShowChar) refers to lcd_init.o(i.LCD_Address_Set) for LCD_Address_Set
    lcd.o(i.LCD_ShowChar) refers to lcd_init.o(i.LCD_WR_DATA) for LCD_WR_DATA
    lcd.o(i.LCD_ShowChar) refers to lcd.o(i.LCD_DrawPoint) for LCD_DrawPoint
    lcd.o(i.LCD_ShowChar) refers to lcd.o(.constdata) for ascii_1206
    lcd.o(i.LCD_ShowChinese) refers to lcd.o(i.LCD_ShowChinese12x12) for LCD_ShowChinese12x12
    lcd.o(i.LCD_ShowChinese) refers to lcd.o(i.LCD_ShowChinese16x16) for LCD_ShowChinese16x16
    lcd.o(i.LCD_ShowChinese) refers to lcd.o(i.LCD_ShowChinese24x24) for LCD_ShowChinese24x24
    lcd.o(i.LCD_ShowChinese) refers to lcd.o(i.LCD_ShowChinese32x32) for LCD_ShowChinese32x32
    lcd.o(i.LCD_ShowChinese12x12) refers to lcd_init.o(i.LCD_Address_Set) for LCD_Address_Set
    lcd.o(i.LCD_ShowChinese12x12) refers to lcd_init.o(i.LCD_WR_DATA) for LCD_WR_DATA
    lcd.o(i.LCD_ShowChinese12x12) refers to lcd.o(i.LCD_DrawPoint) for LCD_DrawPoint
    lcd.o(i.LCD_ShowChinese12x12) refers to lcd.o(.constdata) for tfont12
    lcd.o(i.LCD_ShowChinese16x16) refers to lcd_init.o(i.LCD_Address_Set) for LCD_Address_Set
    lcd.o(i.LCD_ShowChinese16x16) refers to lcd_init.o(i.LCD_WR_DATA) for LCD_WR_DATA
    lcd.o(i.LCD_ShowChinese16x16) refers to lcd.o(i.LCD_DrawPoint) for LCD_DrawPoint
    lcd.o(i.LCD_ShowChinese16x16) refers to lcd.o(.constdata) for tfont16
    lcd.o(i.LCD_ShowChinese24x24) refers to lcd_init.o(i.LCD_Address_Set) for LCD_Address_Set
    lcd.o(i.LCD_ShowChinese24x24) refers to lcd_init.o(i.LCD_WR_DATA) for LCD_WR_DATA
    lcd.o(i.LCD_ShowChinese24x24) refers to lcd.o(i.LCD_DrawPoint) for LCD_DrawPoint
    lcd.o(i.LCD_ShowChinese24x24) refers to lcd.o(.constdata) for tfont24
    lcd.o(i.LCD_ShowChinese32x32) refers to lcd_init.o(i.LCD_Address_Set) for LCD_Address_Set
    lcd.o(i.LCD_ShowChinese32x32) refers to lcd_init.o(i.LCD_WR_DATA) for LCD_WR_DATA
    lcd.o(i.LCD_ShowChinese32x32) refers to lcd.o(i.LCD_DrawPoint) for LCD_DrawPoint
    lcd.o(i.LCD_ShowChinese32x32) refers to lcd.o(.constdata) for tfont32
    lcd.o(i.LCD_ShowFloatNum1) refers to fmul.o(.text) for __aeabi_fmul
    lcd.o(i.LCD_ShowFloatNum1) refers to ffixui.o(.text) for __aeabi_f2uiz
    lcd.o(i.LCD_ShowFloatNum1) refers to lcd.o(i.mypow) for mypow
    lcd.o(i.LCD_ShowFloatNum1) refers to lcd.o(i.LCD_ShowChar) for LCD_ShowChar
    lcd.o(i.LCD_ShowIntNum) refers to lcd.o(i.mypow) for mypow
    lcd.o(i.LCD_ShowIntNum) refers to lcd.o(i.LCD_ShowChar) for LCD_ShowChar
    lcd.o(i.LCD_ShowPicture) refers to lcd_init.o(i.LCD_Address_Set) for LCD_Address_Set
    lcd.o(i.LCD_ShowPicture) refers to lcd_init.o(i.LCD_WR_DATA8) for LCD_WR_DATA8
    lcd.o(i.LCD_ShowString) refers to lcd.o(i.LCD_ShowChar) for LCD_ShowChar
    stm32l1xx_hal.o(i.HAL_DeInit) refers to stm32l1xx_hal.o(i.HAL_MspDeInit) for HAL_MspDeInit
    stm32l1xx_hal.o(i.HAL_Delay) refers to stm32l1xx_hal.o(i.HAL_GetTick) for HAL_GetTick
    stm32l1xx_hal.o(i.HAL_GetTick) refers to stm32l1xx_hal.o(.data) for uwTick
    stm32l1xx_hal.o(i.HAL_IncTick) refers to stm32l1xx_hal.o(.data) for uwTick
    stm32l1xx_hal.o(i.HAL_Init) refers to stm32l1xx_hal_cortex.o(i.HAL_NVIC_SetPriorityGrouping) for HAL_NVIC_SetPriorityGrouping
    stm32l1xx_hal.o(i.HAL_Init) refers to stm32l1xx_hal.o(i.HAL_InitTick) for HAL_InitTick
    stm32l1xx_hal.o(i.HAL_Init) refers to stm32l1xx_hal.o(i.HAL_MspInit) for HAL_MspInit
    stm32l1xx_hal.o(i.HAL_InitTick) refers to stm32l1xx_hal_cortex.o(i.HAL_SYSTICK_Config) for HAL_SYSTICK_Config
    stm32l1xx_hal.o(i.HAL_InitTick) refers to stm32l1xx_hal_cortex.o(i.HAL_NVIC_SetPriority) for HAL_NVIC_SetPriority
    stm32l1xx_hal.o(i.HAL_InitTick) refers to system_stm32l1xx.o(.data) for SystemCoreClock
    stm32l1xx_hal_cortex.o(i.HAL_NVIC_GetPriorityGrouping) refers to stm32l1xx_hal_cortex.o(i.NVIC_GetPriorityGrouping) for NVIC_GetPriorityGrouping
    stm32l1xx_hal_cortex.o(i.HAL_NVIC_SetPriority) refers to stm32l1xx_hal_cortex.o(i.NVIC_GetPriorityGrouping) for NVIC_GetPriorityGrouping
    stm32l1xx_hal_cortex.o(i.HAL_NVIC_SetPriority) refers to stm32l1xx_hal_cortex.o(i.NVIC_SetPriority) for NVIC_SetPriority
    stm32l1xx_hal_cortex.o(i.HAL_SYSTICK_Config) refers to stm32l1xx_hal_cortex.o(i.NVIC_SetPriority) for NVIC_SetPriority
    stm32l1xx_hal_cortex.o(i.HAL_SYSTICK_IRQHandler) refers to stm32l1xx_hal_cortex.o(i.HAL_SYSTICK_Callback) for HAL_SYSTICK_Callback
    stm32l1xx_hal_gpio.o(i.HAL_GPIO_EXTI_IRQHandler) refers to stm32l1xx_hal_gpio.o(i.HAL_GPIO_EXTI_Callback) for HAL_GPIO_EXTI_Callback
    stm32l1xx_hal_rcc.o(i.HAL_RCC_ClockConfig) refers to stm32l1xx_hal.o(i.HAL_GetTick) for HAL_GetTick
    stm32l1xx_hal_rcc.o(i.HAL_RCC_ClockConfig) refers to stm32l1xx_hal_rcc.o(i.HAL_RCC_GetSysClockFreq) for HAL_RCC_GetSysClockFreq
    stm32l1xx_hal_rcc.o(i.HAL_RCC_ClockConfig) refers to stm32l1xx_hal.o(i.HAL_InitTick) for HAL_InitTick
    stm32l1xx_hal_rcc.o(i.HAL_RCC_ClockConfig) refers to system_stm32l1xx.o(.constdata) for AHBPrescTable
    stm32l1xx_hal_rcc.o(i.HAL_RCC_ClockConfig) refers to system_stm32l1xx.o(.data) for SystemCoreClock
    stm32l1xx_hal_rcc.o(i.HAL_RCC_DeInit) refers to system_stm32l1xx.o(.data) for SystemCoreClock
    stm32l1xx_hal_rcc.o(i.HAL_RCC_GetHCLKFreq) refers to system_stm32l1xx.o(.data) for SystemCoreClock
    stm32l1xx_hal_rcc.o(i.HAL_RCC_GetPCLK1Freq) refers to stm32l1xx_hal_rcc.o(i.HAL_RCC_GetHCLKFreq) for HAL_RCC_GetHCLKFreq
    stm32l1xx_hal_rcc.o(i.HAL_RCC_GetPCLK1Freq) refers to system_stm32l1xx.o(.constdata) for APBPrescTable
    stm32l1xx_hal_rcc.o(i.HAL_RCC_GetPCLK2Freq) refers to stm32l1xx_hal_rcc.o(i.HAL_RCC_GetHCLKFreq) for HAL_RCC_GetHCLKFreq
    stm32l1xx_hal_rcc.o(i.HAL_RCC_GetPCLK2Freq) refers to system_stm32l1xx.o(.constdata) for APBPrescTable
    stm32l1xx_hal_rcc.o(i.HAL_RCC_GetSysClockFreq) refers to system_stm32l1xx.o(.constdata) for PLLMulTable
    stm32l1xx_hal_rcc.o(i.HAL_RCC_MCOConfig) refers to stm32l1xx_hal_gpio.o(i.HAL_GPIO_Init) for HAL_GPIO_Init
    stm32l1xx_hal_rcc.o(i.HAL_RCC_NMI_IRQHandler) refers to stm32l1xx_hal_rcc.o(i.HAL_RCC_CSSCallback) for HAL_RCC_CSSCallback
    stm32l1xx_hal_rcc.o(i.HAL_RCC_OscConfig) refers to stm32l1xx_hal.o(i.HAL_GetTick) for HAL_GetTick
    stm32l1xx_hal_rcc.o(i.HAL_RCC_OscConfig) refers to stm32l1xx_hal_rcc.o(i.RCC_SetFlashLatencyFromMSIRange) for RCC_SetFlashLatencyFromMSIRange
    stm32l1xx_hal_rcc.o(i.HAL_RCC_OscConfig) refers to stm32l1xx_hal.o(i.HAL_InitTick) for HAL_InitTick
    stm32l1xx_hal_rcc.o(i.HAL_RCC_OscConfig) refers to system_stm32l1xx.o(.constdata) for AHBPrescTable
    stm32l1xx_hal_rcc.o(i.HAL_RCC_OscConfig) refers to system_stm32l1xx.o(.data) for SystemCoreClock
    startup_stm32l151xba.o(RESET) refers to startup_stm32l151xba.o(STACK) for __initial_sp
    startup_stm32l151xba.o(RESET) refers to startup_stm32l151xba.o(.text) for Reset_Handler
    startup_stm32l151xba.o(RESET) refers to stm32l1xx_it.o(i.NMI_Handler) for NMI_Handler
    startup_stm32l151xba.o(RESET) refers to stm32l1xx_it.o(i.HardFault_Handler) for HardFault_Handler
    startup_stm32l151xba.o(RESET) refers to stm32l1xx_it.o(i.MemManage_Handler) for MemManage_Handler
    startup_stm32l151xba.o(RESET) refers to stm32l1xx_it.o(i.BusFault_Handler) for BusFault_Handler
    startup_stm32l151xba.o(RESET) refers to stm32l1xx_it.o(i.UsageFault_Handler) for UsageFault_Handler
    startup_stm32l151xba.o(RESET) refers to stm32l1xx_it.o(i.SVC_Handler) for SVC_Handler
    startup_stm32l151xba.o(RESET) refers to stm32l1xx_it.o(i.DebugMon_Handler) for DebugMon_Handler
    startup_stm32l151xba.o(RESET) refers to stm32l1xx_it.o(i.PendSV_Handler) for PendSV_Handler
    startup_stm32l151xba.o(RESET) refers to stm32l1xx_it.o(i.SysTick_Handler) for SysTick_Handler
    startup_stm32l151xba.o(.text) refers to system_stm32l1xx.o(i.SystemInit) for SystemInit
    startup_stm32l151xba.o(.text) refers to entry.o(.ARM.Collect$$$$00000000) for __main
    sys.o(i.SystemClock_Config) refers to stm32l1xx_hal_rcc.o(i.HAL_RCC_OscConfig) for HAL_RCC_OscConfig
    sys.o(i.SystemClock_Config) refers to stm32l1xx_hal_rcc.o(i.HAL_RCC_ClockConfig) for HAL_RCC_ClockConfig
    sys.o(i.SystemClock_Config) refers to stm32l1xx_hal_rcc.o(i.HAL_RCC_GetHCLKFreq) for HAL_RCC_GetHCLKFreq
    sys.o(i.SystemClock_Config) refers to stm32l1xx_hal_cortex.o(i.HAL_SYSTICK_Config) for HAL_SYSTICK_Config
    sys.o(i.SystemClock_Config) refers to stm32l1xx_hal_cortex.o(i.HAL_SYSTICK_CLKSourceConfig) for HAL_SYSTICK_CLKSourceConfig
    sys.o(i.SystemClock_Config) refers to stm32l1xx_hal_cortex.o(i.HAL_NVIC_SetPriority) for HAL_NVIC_SetPriority
    delay.o(i.delay_ms) refers to stm32l1xx_hal.o(i.HAL_Delay) for HAL_Delay
    entry.o(.ARM.Collect$$$$00000000) refers (Special) to entry10a.o(.ARM.Collect$$$$0000000D) for __rt_final_cpp
    entry.o(.ARM.Collect$$$$00000000) refers (Special) to entry11a.o(.ARM.Collect$$$$0000000F) for __rt_final_exit
    entry.o(.ARM.Collect$$$$00000000) refers (Special) to entry7b.o(.ARM.Collect$$$$00000008) for _main_clock
    entry.o(.ARM.Collect$$$$00000000) refers (Special) to entry8b.o(.ARM.Collect$$$$0000000A) for _main_cpp_init
    entry.o(.ARM.Collect$$$$00000000) refers (Special) to entry9a.o(.ARM.Collect$$$$0000000B) for _main_init
    entry.o(.ARM.Collect$$$$00000000) refers (Special) to entry5.o(.ARM.Collect$$$$00000004) for _main_scatterload
    entry.o(.ARM.Collect$$$$00000000) refers (Special) to entry2.o(.ARM.Collect$$$$00000001) for _main_stk
    fmul.o(.text) refers (Special) to iusefp.o(.text) for __I$use$fp
    dadd.o(.text) refers (Special) to iusefp.o(.text) for __I$use$fp
    dadd.o(.text) refers to llshl.o(.text) for __aeabi_llsl
    dadd.o(.text) refers to llsshr.o(.text) for __aeabi_lasr
    dadd.o(.text) refers to depilogue.o(.text) for _double_epilogue
    ffixui.o(.text) refers (Special) to iusefp.o(.text) for __I$use$fp
    f2d.o(.text) refers (Special) to iusefp.o(.text) for __I$use$fp
    d2f.o(.text) refers (Special) to iusefp.o(.text) for __I$use$fp
    d2f.o(.text) refers to fepilogue.o(.text) for _float_round
    entry2.o(.ARM.Collect$$$$00000001) refers to entry2.o(.ARM.Collect$$$$00002712) for __lit__00000000
    entry2.o(.ARM.Collect$$$$00002712) refers to startup_stm32l151xba.o(STACK) for __initial_sp
    entry2.o(__vectab_stack_and_reset_area) refers to startup_stm32l151xba.o(STACK) for __initial_sp
    entry2.o(__vectab_stack_and_reset_area) refers to entry.o(.ARM.Collect$$$$00000000) for __main
    entry5.o(.ARM.Collect$$$$00000004) refers to init.o(.text) for __scatterload
    entry9a.o(.ARM.Collect$$$$0000000B) refers to main.o(i.main) for main
    entry9b.o(.ARM.Collect$$$$0000000C) refers to main.o(i.main) for main
    depilogue.o(.text) refers to llshl.o(.text) for __aeabi_llsl
    depilogue.o(.text) refers to llushr.o(.text) for __aeabi_llsr
    init.o(.text) refers to entry5.o(.ARM.Collect$$$$00000004) for __main_after_scatterload


==============================================================================

Removing Unused input sections from the image.

    Removing main.o(.rev16_text), (4 bytes).
    Removing main.o(.revsh_text), (4 bytes).
    Removing main.o(.rrx_text), (6 bytes).
    Removing stm32l1xx_it.o(.rev16_text), (4 bytes).
    Removing stm32l1xx_it.o(.revsh_text), (4 bytes).
    Removing stm32l1xx_it.o(.rrx_text), (6 bytes).
    Removing system_stm32l1xx.o(.rev16_text), (4 bytes).
    Removing system_stm32l1xx.o(.revsh_text), (4 bytes).
    Removing system_stm32l1xx.o(.rrx_text), (6 bytes).
    Removing system_stm32l1xx.o(i.SystemCoreClockUpdate), (220 bytes).
    Removing led.o(.rev16_text), (4 bytes).
    Removing led.o(.revsh_text), (4 bytes).
    Removing led.o(.rrx_text), (6 bytes).
    Removing lcd_init.o(.rev16_text), (4 bytes).
    Removing lcd_init.o(.revsh_text), (4 bytes).
    Removing lcd_init.o(.rrx_text), (6 bytes).
    Removing lcd.o(.rev16_text), (4 bytes).
    Removing lcd.o(.revsh_text), (4 bytes).
    Removing lcd.o(.rrx_text), (6 bytes).
    Removing lcd.o(i.Draw_Circle), (126 bytes).
    Removing lcd.o(i.LCD_DrawLine), (166 bytes).
    Removing lcd.o(i.LCD_DrawRectangle), (74 bytes).
    Removing stm32l1xx_hal.o(.rev16_text), (4 bytes).
    Removing stm32l1xx_hal.o(.revsh_text), (4 bytes).
    Removing stm32l1xx_hal.o(.rrx_text), (6 bytes).
    Removing stm32l1xx_hal.o(i.HAL_DBGMCU_DisableDBGSleepMode), (20 bytes).
    Removing stm32l1xx_hal.o(i.HAL_DBGMCU_DisableDBGStandbyMode), (20 bytes).
    Removing stm32l1xx_hal.o(i.HAL_DBGMCU_DisableDBGStopMode), (20 bytes).
    Removing stm32l1xx_hal.o(i.HAL_DBGMCU_EnableDBGSleepMode), (20 bytes).
    Removing stm32l1xx_hal.o(i.HAL_DBGMCU_EnableDBGStandbyMode), (20 bytes).
    Removing stm32l1xx_hal.o(i.HAL_DBGMCU_EnableDBGStopMode), (20 bytes).
    Removing stm32l1xx_hal.o(i.HAL_DeInit), (48 bytes).
    Removing stm32l1xx_hal.o(i.HAL_GetDEVID), (16 bytes).
    Removing stm32l1xx_hal.o(i.HAL_GetHalVersion), (8 bytes).
    Removing stm32l1xx_hal.o(i.HAL_GetREVID), (12 bytes).
    Removing stm32l1xx_hal.o(i.HAL_MspDeInit), (2 bytes).
    Removing stm32l1xx_hal.o(i.HAL_ResumeTick), (18 bytes).
    Removing stm32l1xx_hal.o(i.HAL_SuspendTick), (18 bytes).
    Removing stm32l1xx_hal_cortex.o(.rev16_text), (4 bytes).
    Removing stm32l1xx_hal_cortex.o(.revsh_text), (4 bytes).
    Removing stm32l1xx_hal_cortex.o(.rrx_text), (6 bytes).
    Removing stm32l1xx_hal_cortex.o(i.HAL_MPU_ConfigRegion), (92 bytes).
    Removing stm32l1xx_hal_cortex.o(i.HAL_MPU_Disable), (28 bytes).
    Removing stm32l1xx_hal_cortex.o(i.HAL_MPU_Enable), (48 bytes).
    Removing stm32l1xx_hal_cortex.o(i.HAL_NVIC_ClearPendingIRQ), (28 bytes).
    Removing stm32l1xx_hal_cortex.o(i.HAL_NVIC_DisableIRQ), (28 bytes).
    Removing stm32l1xx_hal_cortex.o(i.HAL_NVIC_EnableIRQ), (26 bytes).
    Removing stm32l1xx_hal_cortex.o(i.HAL_NVIC_GetActive), (40 bytes).
    Removing stm32l1xx_hal_cortex.o(i.HAL_NVIC_GetPendingIRQ), (40 bytes).
    Removing stm32l1xx_hal_cortex.o(i.HAL_NVIC_GetPriority), (148 bytes).
    Removing stm32l1xx_hal_cortex.o(i.HAL_NVIC_GetPriorityGrouping), (8 bytes).
    Removing stm32l1xx_hal_cortex.o(i.HAL_NVIC_SetPendingIRQ), (28 bytes).
    Removing stm32l1xx_hal_cortex.o(i.HAL_NVIC_SystemReset), (68 bytes).
    Removing stm32l1xx_hal_gpio.o(.rev16_text), (4 bytes).
    Removing stm32l1xx_hal_gpio.o(.revsh_text), (4 bytes).
    Removing stm32l1xx_hal_gpio.o(.rrx_text), (6 bytes).
    Removing stm32l1xx_hal_gpio.o(i.HAL_GPIO_DeInit), (288 bytes).
    Removing stm32l1xx_hal_gpio.o(i.HAL_GPIO_EXTI_Callback), (2 bytes).
    Removing stm32l1xx_hal_gpio.o(i.HAL_GPIO_EXTI_IRQHandler), (28 bytes).
    Removing stm32l1xx_hal_gpio.o(i.HAL_GPIO_LockPin), (46 bytes).
    Removing stm32l1xx_hal_gpio.o(i.HAL_GPIO_ReadPin), (16 bytes).
    Removing stm32l1xx_hal_gpio.o(i.HAL_GPIO_TogglePin), (8 bytes).
    Removing stm32l1xx_hal_rcc.o(.rev16_text), (4 bytes).
    Removing stm32l1xx_hal_rcc.o(.revsh_text), (4 bytes).
    Removing stm32l1xx_hal_rcc.o(.rrx_text), (6 bytes).
    Removing stm32l1xx_hal_rcc.o(i.HAL_RCC_CSSCallback), (2 bytes).
    Removing stm32l1xx_hal_rcc.o(i.HAL_RCC_DeInit), (152 bytes).
    Removing stm32l1xx_hal_rcc.o(i.HAL_RCC_DisableCSS), (28 bytes).
    Removing stm32l1xx_hal_rcc.o(i.HAL_RCC_EnableCSS), (24 bytes).
    Removing stm32l1xx_hal_rcc.o(i.HAL_RCC_GetClockConfig), (68 bytes).
    Removing stm32l1xx_hal_rcc.o(i.HAL_RCC_GetOscConfig), (292 bytes).
    Removing stm32l1xx_hal_rcc.o(i.HAL_RCC_GetPCLK1Freq), (44 bytes).
    Removing stm32l1xx_hal_rcc.o(i.HAL_RCC_GetPCLK2Freq), (44 bytes).
    Removing stm32l1xx_hal_rcc.o(i.HAL_RCC_MCOConfig), (100 bytes).
    Removing stm32l1xx_hal_rcc.o(i.HAL_RCC_NMI_IRQHandler), (32 bytes).
    Removing startup_stm32l151xba.o(HEAP), (512 bytes).
    Removing sys.o(.rev16_text), (4 bytes).
    Removing sys.o(.revsh_text), (4 bytes).
    Removing sys.o(.rrx_text), (6 bytes).
    Removing delay.o(.rev16_text), (4 bytes).
    Removing delay.o(.revsh_text), (4 bytes).
    Removing delay.o(.rrx_text), (6 bytes).

82 unused section(s) (total 3264 bytes) removed from the image.

==============================================================================

Image Symbol Table

    Local Symbols

    Symbol Name                              Value     Ov Type        Size  Object(Section)

    ../clib/microlib/init/entry.s            0x00000000   Number         0  entry10b.o ABSOLUTE
    ../clib/microlib/init/entry.s            0x00000000   Number         0  entry.o ABSOLUTE
    ../clib/microlib/init/entry.s            0x00000000   Number         0  entry11a.o ABSOLUTE
    ../clib/microlib/init/entry.s            0x00000000   Number         0  entry8a.o ABSOLUTE
    ../clib/microlib/init/entry.s            0x00000000   Number         0  entry7b.o ABSOLUTE
    ../clib/microlib/init/entry.s            0x00000000   Number         0  entry7a.o ABSOLUTE
    ../clib/microlib/init/entry.s            0x00000000   Number         0  entry5.o ABSOLUTE
    ../clib/microlib/init/entry.s            0x00000000   Number         0  entry2.o ABSOLUTE
    ../clib/microlib/init/entry.s            0x00000000   Number         0  entry10a.o ABSOLUTE
    ../clib/microlib/init/entry.s            0x00000000   Number         0  entry9b.o ABSOLUTE
    ../clib/microlib/init/entry.s            0x00000000   Number         0  entry9a.o ABSOLUTE
    ../clib/microlib/init/entry.s            0x00000000   Number         0  entry8b.o ABSOLUTE
    ../clib/microlib/init/entry.s            0x00000000   Number         0  entry11b.o ABSOLUTE
    ../clib/microlib/longlong.c              0x00000000   Number         0  llushr.o ABSOLUTE
    ../clib/microlib/longlong.c              0x00000000   Number         0  llsshr.o ABSOLUTE
    ../clib/microlib/longlong.c              0x00000000   Number         0  llshl.o ABSOLUTE
    ../clib/microlib/stubs.s                 0x00000000   Number         0  iusefp.o ABSOLUTE
    ../fplib/microlib/d2f.c                  0x00000000   Number         0  d2f.o ABSOLUTE
    ../fplib/microlib/f2d.c                  0x00000000   Number         0  f2d.o ABSOLUTE
    ../fplib/microlib/fpadd.c                0x00000000   Number         0  dadd.o ABSOLUTE
    ../fplib/microlib/fpepilogue.c           0x00000000   Number         0  fepilogue.o ABSOLUTE
    ../fplib/microlib/fpepilogue.c           0x00000000   Number         0  depilogue.o ABSOLUTE
    ../fplib/microlib/fpfix.c                0x00000000   Number         0  ffixui.o ABSOLUTE
    ../fplib/microlib/fpmul.c                0x00000000   Number         0  fmul.o ABSOLUTE
    ..\CORE\startup_stm32l151xba.s           0x00000000   Number         0  startup_stm32l151xba.o ABSOLUTE
    ..\HARDWARE\LCD\lcd.c                    0x00000000   Number         0  lcd.o ABSOLUTE
    ..\HARDWARE\LCD\lcd_init.c               0x00000000   Number         0  lcd_init.o ABSOLUTE
    ..\HARDWARE\LED\led.c                    0x00000000   Number         0  led.o ABSOLUTE
    ..\STM32L1xx_HAL_Driver\Src\stm32l1xx_hal.c 0x00000000   Number         0  stm32l1xx_hal.o ABSOLUTE
    ..\STM32L1xx_HAL_Driver\Src\stm32l1xx_hal_cortex.c 0x00000000   Number         0  stm32l1xx_hal_cortex.o ABSOLUTE
    ..\STM32L1xx_HAL_Driver\Src\stm32l1xx_hal_gpio.c 0x00000000   Number         0  stm32l1xx_hal_gpio.o ABSOLUTE
    ..\STM32L1xx_HAL_Driver\Src\stm32l1xx_hal_rcc.c 0x00000000   Number         0  stm32l1xx_hal_rcc.o ABSOLUTE
    ..\SYSTEM\delay\delay.c                  0x00000000   Number         0  delay.o ABSOLUTE
    ..\SYSTEM\sys\sys.c                      0x00000000   Number         0  sys.o ABSOLUTE
    ..\\HARDWARE\\LCD\\lcd.c                 0x00000000   Number         0  lcd.o ABSOLUTE
    ..\\HARDWARE\\LCD\\lcd_init.c            0x00000000   Number         0  lcd_init.o ABSOLUTE
    ..\\HARDWARE\\LED\\led.c                 0x00000000   Number         0  led.o ABSOLUTE
    ..\\STM32L1xx_HAL_Driver\\Src\\stm32l1xx_hal.c 0x00000000   Number         0  stm32l1xx_hal.o ABSOLUTE
    ..\\STM32L1xx_HAL_Driver\\Src\\stm32l1xx_hal_cortex.c 0x00000000   Number         0  stm32l1xx_hal_cortex.o ABSOLUTE
    ..\\STM32L1xx_HAL_Driver\\Src\\stm32l1xx_hal_gpio.c 0x00000000   Number         0  stm32l1xx_hal_gpio.o ABSOLUTE
    ..\\STM32L1xx_HAL_Driver\\Src\\stm32l1xx_hal_rcc.c 0x00000000   Number         0  stm32l1xx_hal_rcc.o ABSOLUTE
    ..\\SYSTEM\\delay\\delay.c               0x00000000   Number         0  delay.o ABSOLUTE
    ..\\SYSTEM\\sys\\sys.c                   0x00000000   Number         0  sys.o ABSOLUTE
    dc.s                                     0x00000000   Number         0  dc.o ABSOLUTE
    handlers.s                               0x00000000   Number         0  handlers.o ABSOLUTE
    init.s                                   0x00000000   Number         0  init.o ABSOLUTE
    main.c                                   0x00000000   Number         0  main.o ABSOLUTE
    main.c                                   0x00000000   Number         0  main.o ABSOLUTE
    stm32l1xx_it.c                           0x00000000   Number         0  stm32l1xx_it.o ABSOLUTE
    stm32l1xx_it.c                           0x00000000   Number         0  stm32l1xx_it.o ABSOLUTE
    system_stm32l1xx.c                       0x00000000   Number         0  system_stm32l1xx.o ABSOLUTE
    system_stm32l1xx.c                       0x00000000   Number         0  system_stm32l1xx.o ABSOLUTE
    RESET                                    0x08000000   Section      244  startup_stm32l151xba.o(RESET)
    .ARM.Collect$$$$00000000                 0x080000f4   Section        0  entry.o(.ARM.Collect$$$$00000000)
    .ARM.Collect$$$$00000001                 0x080000f4   Section        4  entry2.o(.ARM.Collect$$$$00000001)
    .ARM.Collect$$$$00000004                 0x080000f8   Section        4  entry5.o(.ARM.Collect$$$$00000004)
    .ARM.Collect$$$$00000008                 0x080000fc   Section        0  entry7b.o(.ARM.Collect$$$$00000008)
    .ARM.Collect$$$$0000000A                 0x080000fc   Section        0  entry8b.o(.ARM.Collect$$$$0000000A)
    .ARM.Collect$$$$0000000B                 0x080000fc   Section        8  entry9a.o(.ARM.Collect$$$$0000000B)
    .ARM.Collect$$$$0000000D                 0x08000104   Section        0  entry10a.o(.ARM.Collect$$$$0000000D)
    .ARM.Collect$$$$0000000F                 0x08000104   Section        0  entry11a.o(.ARM.Collect$$$$0000000F)
    .ARM.Collect$$$$00002712                 0x08000104   Section        4  entry2.o(.ARM.Collect$$$$00002712)
    __lit__00000000                          0x08000104   Data           4  entry2.o(.ARM.Collect$$$$00002712)
    .text                                    0x08000108   Section       36  startup_stm32l151xba.o(.text)
    .text                                    0x0800012c   Section        0  fmul.o(.text)
    .text                                    0x08000190   Section        0  dadd.o(.text)
    .text                                    0x080002de   Section        0  ffixui.o(.text)
    .text                                    0x08000306   Section        0  f2d.o(.text)
    .text                                    0x0800032c   Section        0  d2f.o(.text)
    .text                                    0x08000364   Section        0  llshl.o(.text)
    .text                                    0x08000382   Section        0  llsshr.o(.text)
    .text                                    0x080003a6   Section        0  fepilogue.o(.text)
    .text                                    0x080003a6   Section        0  iusefp.o(.text)
    .text                                    0x08000414   Section        0  depilogue.o(.text)
    .text                                    0x080004d0   Section       36  init.o(.text)
    .text                                    0x080004f4   Section        0  llushr.o(.text)
    i.BusFault_Handler                       0x08000514   Section        0  stm32l1xx_it.o(i.BusFault_Handler)
    i.DebugMon_Handler                       0x08000518   Section        0  stm32l1xx_it.o(i.DebugMon_Handler)
    i.HAL_Delay                              0x0800051a   Section        0  stm32l1xx_hal.o(i.HAL_Delay)
    i.HAL_GPIO_Init                          0x08000534   Section        0  stm32l1xx_hal_gpio.o(i.HAL_GPIO_Init)
    i.HAL_GPIO_WritePin                      0x08000704   Section        0  stm32l1xx_hal_gpio.o(i.HAL_GPIO_WritePin)
    i.HAL_GetTick                            0x08000710   Section        0  stm32l1xx_hal.o(i.HAL_GetTick)
    i.HAL_IncTick                            0x0800071c   Section        0  stm32l1xx_hal.o(i.HAL_IncTick)
    i.HAL_Init                               0x0800072c   Section        0  stm32l1xx_hal.o(i.HAL_Init)
    i.HAL_InitTick                           0x08000744   Section        0  stm32l1xx_hal.o(i.HAL_InitTick)
    i.HAL_MspInit                            0x0800076c   Section        0  stm32l1xx_hal.o(i.HAL_MspInit)
    i.HAL_NVIC_SetPriority                   0x0800076e   Section        0  stm32l1xx_hal_cortex.o(i.HAL_NVIC_SetPriority)
    i.HAL_NVIC_SetPriorityGrouping           0x080007ec   Section        0  stm32l1xx_hal_cortex.o(i.HAL_NVIC_SetPriorityGrouping)
    i.HAL_RCC_ClockConfig                    0x08000814   Section        0  stm32l1xx_hal_rcc.o(i.HAL_RCC_ClockConfig)
    i.HAL_RCC_GetHCLKFreq                    0x08000afc   Section        0  stm32l1xx_hal_rcc.o(i.HAL_RCC_GetHCLKFreq)
    i.HAL_RCC_GetSysClockFreq                0x08000b08   Section        0  stm32l1xx_hal_rcc.o(i.HAL_RCC_GetSysClockFreq)
    i.HAL_RCC_OscConfig                      0x08000bbc   Section        0  stm32l1xx_hal_rcc.o(i.HAL_RCC_OscConfig)
    i.HAL_SYSTICK_CLKSourceConfig            0x08001578   Section        0  stm32l1xx_hal_cortex.o(i.HAL_SYSTICK_CLKSourceConfig)
    i.HAL_SYSTICK_Callback                   0x080015a0   Section        0  stm32l1xx_hal_cortex.o(i.HAL_SYSTICK_Callback)
    i.HAL_SYSTICK_Config                     0x080015a2   Section        0  stm32l1xx_hal_cortex.o(i.HAL_SYSTICK_Config)
    i.HAL_SYSTICK_IRQHandler                 0x080015d6   Section        0  stm32l1xx_hal_cortex.o(i.HAL_SYSTICK_IRQHandler)
    i.HardFault_Handler                      0x080015de   Section        0  stm32l1xx_it.o(i.HardFault_Handler)
    i.LCD_Address_Set                        0x080015e2   Section        0  lcd_init.o(i.LCD_Address_Set)
    i.LCD_DrawPoint                          0x08001620   Section        0  lcd.o(i.LCD_DrawPoint)
    i.LCD_Fill                               0x0800163c   Section        0  lcd.o(i.LCD_Fill)
    i.LCD_GPIO_Init                          0x0800167c   Section        0  lcd_init.o(i.LCD_GPIO_Init)
    i.LCD_Init                               0x080016c8   Section        0  lcd_init.o(i.LCD_Init)
    i.LCD_ShowChar                           0x08001884   Section        0  lcd.o(i.LCD_ShowChar)
    i.LCD_ShowChinese                        0x080019cc   Section        0  lcd.o(i.LCD_ShowChinese)
    i.LCD_ShowChinese12x12                   0x08001a54   Section        0  lcd.o(i.LCD_ShowChinese12x12)
    i.LCD_ShowChinese16x16                   0x08001b8c   Section        0  lcd.o(i.LCD_ShowChinese16x16)
    i.LCD_ShowChinese24x24                   0x08001cb4   Section        0  lcd.o(i.LCD_ShowChinese24x24)
    i.LCD_ShowChinese32x32                   0x08001dec   Section        0  lcd.o(i.LCD_ShowChinese32x32)
    i.LCD_ShowFloatNum1                      0x08001f14   Section        0  lcd.o(i.LCD_ShowFloatNum1)
    i.LCD_ShowIntNum                         0x08001fb0   Section        0  lcd.o(i.LCD_ShowIntNum)
    i.LCD_ShowPicture                        0x08002042   Section        0  lcd.o(i.LCD_ShowPicture)
    i.LCD_ShowString                         0x0800209c   Section        0  lcd.o(i.LCD_ShowString)
    i.LCD_WR_DATA                            0x080020dc   Section        0  lcd_init.o(i.LCD_WR_DATA)
    i.LCD_WR_DATA8                           0x080020f0   Section        0  lcd_init.o(i.LCD_WR_DATA8)
    i.LCD_WR_REG                             0x080020fc   Section        0  lcd_init.o(i.LCD_WR_REG)
    i.LCD_Writ_Bus                           0x08002120   Section        0  lcd_init.o(i.LCD_Writ_Bus)
    i.LED_Init                               0x08002180   Section        0  led.o(i.LED_Init)
    i.MemManage_Handler                      0x080021d0   Section        0  stm32l1xx_it.o(i.MemManage_Handler)
    i.NMI_Handler                            0x080021d4   Section        0  stm32l1xx_it.o(i.NMI_Handler)
    i.NVIC_GetPriorityGrouping               0x080021d8   Section        0  stm32l1xx_hal_cortex.o(i.NVIC_GetPriorityGrouping)
    NVIC_GetPriorityGrouping                 0x080021d9   Thumb Code    10  stm32l1xx_hal_cortex.o(i.NVIC_GetPriorityGrouping)
    i.NVIC_SetPriority                       0x080021e8   Section        0  stm32l1xx_hal_cortex.o(i.NVIC_SetPriority)
    NVIC_SetPriority                         0x080021e9   Thumb Code    32  stm32l1xx_hal_cortex.o(i.NVIC_SetPriority)
    i.PendSV_Handler                         0x08002210   Section        0  stm32l1xx_it.o(i.PendSV_Handler)
    i.RCC_SetFlashLatencyFromMSIRange        0x08002214   Section        0  stm32l1xx_hal_rcc.o(i.RCC_SetFlashLatencyFromMSIRange)
    RCC_SetFlashLatencyFromMSIRange          0x08002215   Thumb Code   158  stm32l1xx_hal_rcc.o(i.RCC_SetFlashLatencyFromMSIRange)
    i.SVC_Handler                            0x080022c0   Section        0  stm32l1xx_it.o(i.SVC_Handler)
    i.SysTick_Handler                        0x080022c2   Section        0  stm32l1xx_it.o(i.SysTick_Handler)
    i.SystemClock_Config                     0x080022d0   Section        0  sys.o(i.SystemClock_Config)
    i.SystemInit                             0x08002348   Section        0  system_stm32l1xx.o(i.SystemInit)
    i.UsageFault_Handler                     0x080023ac   Section        0  stm32l1xx_it.o(i.UsageFault_Handler)
    i.__scatterload_copy                     0x080023b0   Section       14  handlers.o(i.__scatterload_copy)
    i.__scatterload_null                     0x080023be   Section        2  handlers.o(i.__scatterload_null)
    i.__scatterload_zeroinit                 0x080023c0   Section       14  handlers.o(i.__scatterload_zeroinit)
    i.delay_ms                               0x080023ce   Section        0  delay.o(i.delay_ms)
    i.main                                   0x080023dc   Section        0  main.o(i.main)
    i.mypow                                  0x08002574   Section        0  lcd.o(i.mypow)
    .constdata                               0x0800258a   Section     3200  main.o(.constdata)
    .constdata                               0x0800320a   Section       33  system_stm32l1xx.o(.constdata)
    .constdata                               0x0800322b   Section    14620  lcd.o(.constdata)
    .data                                    0x20000000   Section        4  system_stm32l1xx.o(.data)
    .data                                    0x20000004   Section        4  stm32l1xx_hal.o(.data)
    STACK                                    0x20000008   Section     1024  startup_stm32l151xba.o(STACK)

    Global Symbols

    Symbol Name                              Value     Ov Type        Size  Object(Section)

    BuildAttributes$$THM_ISAv4$P$D$K$B$S$PE$A:L22UL41UL21$X:L11$S22US41US21$IEEE1$IW$USESV6$~STKCKD$USESV7$~SHL$OTIME$ROPI$EBA8$MICROLIB$REQ8$PRES8$EABIv2 0x00000000   Number         0  anon$$obj.o ABSOLUTE
    __ARM_use_no_argv                        0x00000000   Number         0  main.o ABSOLUTE
    __cpp_initialize__aeabi_                  - Undefined Weak Reference
    __cxa_finalize                            - Undefined Weak Reference
    __decompress                              - Undefined Weak Reference
    _clock_init                               - Undefined Weak Reference
    _microlib_exit                            - Undefined Weak Reference
    __Vectors_Size                           0x000000f4   Number         0  startup_stm32l151xba.o ABSOLUTE
    __Vectors                                0x08000000   Data           4  startup_stm32l151xba.o(RESET)
    __Vectors_End                            0x080000f4   Data           0  startup_stm32l151xba.o(RESET)
    __main                                   0x080000f5   Thumb Code     0  entry.o(.ARM.Collect$$$$00000000)
    _main_stk                                0x080000f5   Thumb Code     0  entry2.o(.ARM.Collect$$$$00000001)
    _main_scatterload                        0x080000f9   Thumb Code     0  entry5.o(.ARM.Collect$$$$00000004)
    __main_after_scatterload                 0x080000fd   Thumb Code     0  entry5.o(.ARM.Collect$$$$00000004)
    _main_clock                              0x080000fd   Thumb Code     0  entry7b.o(.ARM.Collect$$$$00000008)
    _main_cpp_init                           0x080000fd   Thumb Code     0  entry8b.o(.ARM.Collect$$$$0000000A)
    _main_init                               0x080000fd   Thumb Code     0  entry9a.o(.ARM.Collect$$$$0000000B)
    __rt_final_cpp                           0x08000105   Thumb Code     0  entry10a.o(.ARM.Collect$$$$0000000D)
    __rt_final_exit                          0x08000105   Thumb Code     0  entry11a.o(.ARM.Collect$$$$0000000F)
    Reset_Handler                            0x08000109   Thumb Code     8  startup_stm32l151xba.o(.text)
    ADC1_IRQHandler                          0x08000123   Thumb Code     0  startup_stm32l151xba.o(.text)
    COMP_IRQHandler                          0x08000123   Thumb Code     0  startup_stm32l151xba.o(.text)
    DAC_IRQHandler                           0x08000123   Thumb Code     0  startup_stm32l151xba.o(.text)
    DMA1_Channel1_IRQHandler                 0x08000123   Thumb Code     0  startup_stm32l151xba.o(.text)
    DMA1_Channel2_IRQHandler                 0x08000123   Thumb Code     0  startup_stm32l151xba.o(.text)
    DMA1_Channel3_IRQHandler                 0x08000123   Thumb Code     0  startup_stm32l151xba.o(.text)
    DMA1_Channel4_IRQHandler                 0x08000123   Thumb Code     0  startup_stm32l151xba.o(.text)
    DMA1_Channel5_IRQHandler                 0x08000123   Thumb Code     0  startup_stm32l151xba.o(.text)
    DMA1_Channel6_IRQHandler                 0x08000123   Thumb Code     0  startup_stm32l151xba.o(.text)
    DMA1_Channel7_IRQHandler                 0x08000123   Thumb Code     0  startup_stm32l151xba.o(.text)
    EXTI0_IRQHandler                         0x08000123   Thumb Code     0  startup_stm32l151xba.o(.text)
    EXTI15_10_IRQHandler                     0x08000123   Thumb Code     0  startup_stm32l151xba.o(.text)
    EXTI1_IRQHandler                         0x08000123   Thumb Code     0  startup_stm32l151xba.o(.text)
    EXTI2_IRQHandler                         0x08000123   Thumb Code     0  startup_stm32l151xba.o(.text)
    EXTI3_IRQHandler                         0x08000123   Thumb Code     0  startup_stm32l151xba.o(.text)
    EXTI4_IRQHandler                         0x08000123   Thumb Code     0  startup_stm32l151xba.o(.text)
    EXTI9_5_IRQHandler                       0x08000123   Thumb Code     0  startup_stm32l151xba.o(.text)
    FLASH_IRQHandler                         0x08000123   Thumb Code     0  startup_stm32l151xba.o(.text)
    I2C1_ER_IRQHandler                       0x08000123   Thumb Code     0  startup_stm32l151xba.o(.text)
    I2C1_EV_IRQHandler                       0x08000123   Thumb Code     0  startup_stm32l151xba.o(.text)
    I2C2_ER_IRQHandler                       0x08000123   Thumb Code     0  startup_stm32l151xba.o(.text)
    I2C2_EV_IRQHandler                       0x08000123   Thumb Code     0  startup_stm32l151xba.o(.text)
    PVD_IRQHandler                           0x08000123   Thumb Code     0  startup_stm32l151xba.o(.text)
    RCC_IRQHandler                           0x08000123   Thumb Code     0  startup_stm32l151xba.o(.text)
    RTC_Alarm_IRQHandler                     0x08000123   Thumb Code     0  startup_stm32l151xba.o(.text)
    RTC_WKUP_IRQHandler                      0x08000123   Thumb Code     0  startup_stm32l151xba.o(.text)
    SPI1_IRQHandler                          0x08000123   Thumb Code     0  startup_stm32l151xba.o(.text)
    SPI2_IRQHandler                          0x08000123   Thumb Code     0  startup_stm32l151xba.o(.text)
    TAMPER_STAMP_IRQHandler                  0x08000123   Thumb Code     0  startup_stm32l151xba.o(.text)
    TIM10_IRQHandler                         0x08000123   Thumb Code     0  startup_stm32l151xba.o(.text)
    TIM11_IRQHandler                         0x08000123   Thumb Code     0  startup_stm32l151xba.o(.text)
    TIM2_IRQHandler                          0x08000123   Thumb Code     0  startup_stm32l151xba.o(.text)
    TIM3_IRQHandler                          0x08000123   Thumb Code     0  startup_stm32l151xba.o(.text)
    TIM4_IRQHandler                          0x08000123   Thumb Code     0  startup_stm32l151xba.o(.text)
    TIM6_IRQHandler                          0x08000123   Thumb Code     0  startup_stm32l151xba.o(.text)
    TIM7_IRQHandler                          0x08000123   Thumb Code     0  startup_stm32l151xba.o(.text)
    TIM9_IRQHandler                          0x08000123   Thumb Code     0  startup_stm32l151xba.o(.text)
    USART1_IRQHandler                        0x08000123   Thumb Code     0  startup_stm32l151xba.o(.text)
    USART2_IRQHandler                        0x08000123   Thumb Code     0  startup_stm32l151xba.o(.text)
    USART3_IRQHandler                        0x08000123   Thumb Code     0  startup_stm32l151xba.o(.text)
    USB_FS_WKUP_IRQHandler                   0x08000123   Thumb Code     0  startup_stm32l151xba.o(.text)
    USB_HP_IRQHandler                        0x08000123   Thumb Code     0  startup_stm32l151xba.o(.text)
    USB_LP_IRQHandler                        0x08000123   Thumb Code     0  startup_stm32l151xba.o(.text)
    WWDG_IRQHandler                          0x08000123   Thumb Code     0  startup_stm32l151xba.o(.text)
    __aeabi_fmul                             0x0800012d   Thumb Code   100  fmul.o(.text)
    __aeabi_dadd                             0x08000191   Thumb Code   322  dadd.o(.text)
    __aeabi_dsub                             0x080002d3   Thumb Code     6  dadd.o(.text)
    __aeabi_drsub                            0x080002d9   Thumb Code     6  dadd.o(.text)
    __aeabi_f2uiz                            0x080002df   Thumb Code    40  ffixui.o(.text)
    __aeabi_f2d                              0x08000307   Thumb Code    38  f2d.o(.text)
    __aeabi_d2f                              0x0800032d   Thumb Code    56  d2f.o(.text)
    __aeabi_llsl                             0x08000365   Thumb Code    30  llshl.o(.text)
    _ll_shift_l                              0x08000365   Thumb Code     0  llshl.o(.text)
    __aeabi_lasr                             0x08000383   Thumb Code    36  llsshr.o(.text)
    _ll_sshift_r                             0x08000383   Thumb Code     0  llsshr.o(.text)
    __I$use$fp                               0x080003a7   Thumb Code     0  iusefp.o(.text)
    _float_round                             0x080003a7   Thumb Code    18  fepilogue.o(.text)
    _float_epilogue                          0x080003b9   Thumb Code    92  fepilogue.o(.text)
    _double_round                            0x08000415   Thumb Code    30  depilogue.o(.text)
    _double_epilogue                         0x08000433   Thumb Code   156  depilogue.o(.text)
    __scatterload                            0x080004d1   Thumb Code    28  init.o(.text)
    __scatterload_rt2                        0x080004d1   Thumb Code     0  init.o(.text)
    __aeabi_llsr                             0x080004f5   Thumb Code    32  llushr.o(.text)
    _ll_ushift_r                             0x080004f5   Thumb Code     0  llushr.o(.text)
    BusFault_Handler                         0x08000515   Thumb Code     4  stm32l1xx_it.o(i.BusFault_Handler)
    DebugMon_Handler                         0x08000519   Thumb Code     2  stm32l1xx_it.o(i.DebugMon_Handler)
    HAL_Delay                                0x0800051b   Thumb Code    26  stm32l1xx_hal.o(i.HAL_Delay)
    HAL_GPIO_Init                            0x08000535   Thumb Code   430  stm32l1xx_hal_gpio.o(i.HAL_GPIO_Init)
    HAL_GPIO_WritePin                        0x08000705   Thumb Code    12  stm32l1xx_hal_gpio.o(i.HAL_GPIO_WritePin)
    HAL_GetTick                              0x08000711   Thumb Code     6  stm32l1xx_hal.o(i.HAL_GetTick)
    HAL_IncTick                              0x0800071d   Thumb Code    12  stm32l1xx_hal.o(i.HAL_IncTick)
    HAL_Init                                 0x0800072d   Thumb Code    22  stm32l1xx_hal.o(i.HAL_Init)
    HAL_InitTick                             0x08000745   Thumb Code    36  stm32l1xx_hal.o(i.HAL_InitTick)
    HAL_MspInit                              0x0800076d   Thumb Code     2  stm32l1xx_hal.o(i.HAL_MspInit)
    HAL_NVIC_SetPriority                     0x0800076f   Thumb Code   124  stm32l1xx_hal_cortex.o(i.HAL_NVIC_SetPriority)
    HAL_NVIC_SetPriorityGrouping             0x080007ed   Thumb Code    32  stm32l1xx_hal_cortex.o(i.HAL_NVIC_SetPriorityGrouping)
    HAL_RCC_ClockConfig                      0x08000815   Thumb Code   728  stm32l1xx_hal_rcc.o(i.HAL_RCC_ClockConfig)
    HAL_RCC_GetHCLKFreq                      0x08000afd   Thumb Code     6  stm32l1xx_hal_rcc.o(i.HAL_RCC_GetHCLKFreq)
    HAL_RCC_GetSysClockFreq                  0x08000b09   Thumb Code   164  stm32l1xx_hal_rcc.o(i.HAL_RCC_GetSysClockFreq)
    HAL_RCC_OscConfig                        0x08000bbd   Thumb Code  2484  stm32l1xx_hal_rcc.o(i.HAL_RCC_OscConfig)
    HAL_SYSTICK_CLKSourceConfig              0x08001579   Thumb Code    40  stm32l1xx_hal_cortex.o(i.HAL_SYSTICK_CLKSourceConfig)
    HAL_SYSTICK_Callback                     0x080015a1   Thumb Code     2  stm32l1xx_hal_cortex.o(i.HAL_SYSTICK_Callback)
    HAL_SYSTICK_Config                       0x080015a3   Thumb Code    52  stm32l1xx_hal_cortex.o(i.HAL_SYSTICK_Config)
    HAL_SYSTICK_IRQHandler                   0x080015d7   Thumb Code     8  stm32l1xx_hal_cortex.o(i.HAL_SYSTICK_IRQHandler)
    HardFault_Handler                        0x080015df   Thumb Code     4  stm32l1xx_it.o(i.HardFault_Handler)
    LCD_Address_Set                          0x080015e3   Thumb Code    62  lcd_init.o(i.LCD_Address_Set)
    LCD_DrawPoint                            0x08001621   Thumb Code    28  lcd.o(i.LCD_DrawPoint)
    LCD_Fill                                 0x0800163d   Thumb Code    62  lcd.o(i.LCD_Fill)
    LCD_GPIO_Init                            0x0800167d   Thumb Code    68  lcd_init.o(i.LCD_GPIO_Init)
    LCD_Init                                 0x080016c9   Thumb Code   440  lcd_init.o(i.LCD_Init)
    LCD_ShowChar                             0x08001885   Thumb Code   312  lcd.o(i.LCD_ShowChar)
    LCD_ShowChinese                          0x080019cd   Thumb Code   134  lcd.o(i.LCD_ShowChinese)
    LCD_ShowChinese12x12                     0x08001a55   Thumb Code   308  lcd.o(i.LCD_ShowChinese12x12)
    LCD_ShowChinese16x16                     0x08001b8d   Thumb Code   292  lcd.o(i.LCD_ShowChinese16x16)
    LCD_ShowChinese24x24                     0x08001cb5   Thumb Code   308  lcd.o(i.LCD_ShowChinese24x24)
    LCD_ShowChinese32x32                     0x08001ded   Thumb Code   292  lcd.o(i.LCD_ShowChinese32x32)
    LCD_ShowFloatNum1                        0x08001f15   Thumb Code   152  lcd.o(i.LCD_ShowFloatNum1)
    LCD_ShowIntNum                           0x08001fb1   Thumb Code   146  lcd.o(i.LCD_ShowIntNum)
    LCD_ShowPicture                          0x08002043   Thumb Code    90  lcd.o(i.LCD_ShowPicture)
    LCD_ShowString                           0x0800209d   Thumb Code    64  lcd.o(i.LCD_ShowString)
    LCD_WR_DATA                              0x080020dd   Thumb Code    20  lcd_init.o(i.LCD_WR_DATA)
    LCD_WR_DATA8                             0x080020f1   Thumb Code    12  lcd_init.o(i.LCD_WR_DATA8)
    LCD_WR_REG                               0x080020fd   Thumb Code    32  lcd_init.o(i.LCD_WR_REG)
    LCD_Writ_Bus                             0x08002121   Thumb Code    90  lcd_init.o(i.LCD_Writ_Bus)
    LED_Init                                 0x08002181   Thumb Code    70  led.o(i.LED_Init)
    MemManage_Handler                        0x080021d1   Thumb Code     4  stm32l1xx_it.o(i.MemManage_Handler)
    NMI_Handler                              0x080021d5   Thumb Code     2  stm32l1xx_it.o(i.NMI_Handler)
    PendSV_Handler                           0x08002211   Thumb Code     2  stm32l1xx_it.o(i.PendSV_Handler)
    SVC_Handler                              0x080022c1   Thumb Code     2  stm32l1xx_it.o(i.SVC_Handler)
    SysTick_Handler                          0x080022c3   Thumb Code    12  stm32l1xx_it.o(i.SysTick_Handler)
    SystemClock_Config                       0x080022d1   Thumb Code   114  sys.o(i.SystemClock_Config)
    SystemInit                               0x08002349   Thumb Code    82  system_stm32l1xx.o(i.SystemInit)
    UsageFault_Handler                       0x080023ad   Thumb Code     4  stm32l1xx_it.o(i.UsageFault_Handler)
    __scatterload_copy                       0x080023b1   Thumb Code    14  handlers.o(i.__scatterload_copy)
    __scatterload_null                       0x080023bf   Thumb Code     2  handlers.o(i.__scatterload_null)
    __scatterload_zeroinit                   0x080023c1   Thumb Code    14  handlers.o(i.__scatterload_zeroinit)
    delay_ms                                 0x080023cf   Thumb Code    12  delay.o(i.delay_ms)
    main                                     0x080023dd   Thumb Code   364  main.o(i.main)
    mypow                                    0x08002575   Thumb Code    22  lcd.o(i.mypow)
    gImage_1                                 0x0800258a   Data        3200  main.o(.constdata)
    PLLMulTable                              0x0800320a   Data           9  system_stm32l1xx.o(.constdata)
    AHBPrescTable                            0x08003213   Data          16  system_stm32l1xx.o(.constdata)
    APBPrescTable                            0x08003223   Data           8  system_stm32l1xx.o(.constdata)
    ascii_1206                               0x0800322b   Data        1140  lcd.o(.constdata)
    ascii_1608                               0x0800369f   Data        1520  lcd.o(.constdata)
    ascii_2412                               0x08003c8f   Data        4560  lcd.o(.constdata)
    ascii_3216                               0x08004e5f   Data        6080  lcd.o(.constdata)
    tfont12                                  0x0800661f   Data         130  lcd.o(.constdata)
    tfont16                                  0x080066a1   Data         170  lcd.o(.constdata)
    tfont24                                  0x0800674b   Data         370  lcd.o(.constdata)
    tfont32                                  0x080068bd   Data         650  lcd.o(.constdata)
    Region$$Table$$Base                      0x08006b48   Number         0  anon$$obj.o(Region$$Table)
    Region$$Table$$Limit                     0x08006b68   Number         0  anon$$obj.o(Region$$Table)
    SystemCoreClock                          0x20000000   Data           4  system_stm32l1xx.o(.data)
    uwTick                                   0x20000004   Data           4  stm32l1xx_hal.o(.data)
    __initial_sp                             0x20000408   Data           0  startup_stm32l151xba.o(STACK)



==============================================================================

Memory Map of the image

  Image Entry point : 0x080000f5

  Load Region LR_IROM1 (Base: 0x08000000, Size: 0x00006b70, Max: 0x00010000, ABSOLUTE)

    Execution Region ER_IROM1 (Exec base: 0x08000000, Load base: 0x08000000, Size: 0x00006b68, Max: 0x00010000, ABSOLUTE)

    Exec Addr    Load Addr    Size         Type   Attr      Idx    E Section Name        Object

    0x08000000   0x08000000   0x000000f4   Data   RO          945    RESET               startup_stm32l151xba.o
    0x080000f4   0x080000f4   0x00000000   Code   RO         1006  * .ARM.Collect$$$$00000000  mc_w.l(entry.o)
    0x080000f4   0x080000f4   0x00000004   Code   RO         1019    .ARM.Collect$$$$00000001  mc_w.l(entry2.o)
    0x080000f8   0x080000f8   0x00000004   Code   RO         1022    .ARM.Collect$$$$00000004  mc_w.l(entry5.o)
    0x080000fc   0x080000fc   0x00000000   Code   RO         1024    .ARM.Collect$$$$00000008  mc_w.l(entry7b.o)
    0x080000fc   0x080000fc   0x00000000   Code   RO         1026    .ARM.Collect$$$$0000000A  mc_w.l(entry8b.o)
    0x080000fc   0x080000fc   0x00000008   Code   RO         1027    .ARM.Collect$$$$0000000B  mc_w.l(entry9a.o)
    0x08000104   0x08000104   0x00000000   Code   RO         1029    .ARM.Collect$$$$0000000D  mc_w.l(entry10a.o)
    0x08000104   0x08000104   0x00000000   Code   RO         1031    .ARM.Collect$$$$0000000F  mc_w.l(entry11a.o)
    0x08000104   0x08000104   0x00000004   Code   RO         1020    .ARM.Collect$$$$00002712  mc_w.l(entry2.o)
    0x08000108   0x08000108   0x00000024   Code   RO          946    .text               startup_stm32l151xba.o
    0x0800012c   0x0800012c   0x00000064   Code   RO         1009    .text               mf_w.l(fmul.o)
    0x08000190   0x08000190   0x0000014e   Code   RO         1011    .text               mf_w.l(dadd.o)
    0x080002de   0x080002de   0x00000028   Code   RO         1013    .text               mf_w.l(ffixui.o)
    0x08000306   0x08000306   0x00000026   Code   RO         1015    .text               mf_w.l(f2d.o)
    0x0800032c   0x0800032c   0x00000038   Code   RO         1017    .text               mf_w.l(d2f.o)
    0x08000364   0x08000364   0x0000001e   Code   RO         1033    .text               mc_w.l(llshl.o)
    0x08000382   0x08000382   0x00000024   Code   RO         1035    .text               mc_w.l(llsshr.o)
    0x080003a6   0x080003a6   0x00000000   Code   RO         1037    .text               mc_w.l(iusefp.o)
    0x080003a6   0x080003a6   0x0000006e   Code   RO         1038    .text               mf_w.l(fepilogue.o)
    0x08000414   0x08000414   0x000000ba   Code   RO         1040    .text               mf_w.l(depilogue.o)
    0x080004ce   0x080004ce   0x00000002   PAD
    0x080004d0   0x080004d0   0x00000024   Code   RO         1042    .text               mc_w.l(init.o)
    0x080004f4   0x080004f4   0x00000020   Code   RO         1044    .text               mc_w.l(llushr.o)
    0x08000514   0x08000514   0x00000004   Code   RO          130    i.BusFault_Handler  stm32l1xx_it.o
    0x08000518   0x08000518   0x00000002   Code   RO          131    i.DebugMon_Handler  stm32l1xx_it.o
    0x0800051a   0x0800051a   0x0000001a   Code   RO          489    i.HAL_Delay         stm32l1xx_hal.o
    0x08000534   0x08000534   0x000001d0   Code   RO          768    i.HAL_GPIO_Init     stm32l1xx_hal_gpio.o
    0x08000704   0x08000704   0x0000000c   Code   RO          772    i.HAL_GPIO_WritePin  stm32l1xx_hal_gpio.o
    0x08000710   0x08000710   0x0000000c   Code   RO          493    i.HAL_GetTick       stm32l1xx_hal.o
    0x0800071c   0x0800071c   0x00000010   Code   RO          494    i.HAL_IncTick       stm32l1xx_hal.o
    0x0800072c   0x0800072c   0x00000016   Code   RO          495    i.HAL_Init          stm32l1xx_hal.o
    0x08000742   0x08000742   0x00000002   PAD
    0x08000744   0x08000744   0x00000028   Code   RO          496    i.HAL_InitTick      stm32l1xx_hal.o
    0x0800076c   0x0800076c   0x00000002   Code   RO          498    i.HAL_MspInit       stm32l1xx_hal.o
    0x0800076e   0x0800076e   0x0000007c   Code   RO          632    i.HAL_NVIC_SetPriority  stm32l1xx_hal_cortex.o
    0x080007ea   0x080007ea   0x00000002   PAD
    0x080007ec   0x080007ec   0x00000028   Code   RO          633    i.HAL_NVIC_SetPriorityGrouping  stm32l1xx_hal_cortex.o
    0x08000814   0x08000814   0x000002e8   Code   RO          836    i.HAL_RCC_ClockConfig  stm32l1xx_hal_rcc.o
    0x08000afc   0x08000afc   0x0000000c   Code   RO          841    i.HAL_RCC_GetHCLKFreq  stm32l1xx_hal_rcc.o
    0x08000b08   0x08000b08   0x000000b4   Code   RO          845    i.HAL_RCC_GetSysClockFreq  stm32l1xx_hal_rcc.o
    0x08000bbc   0x08000bbc   0x000009bc   Code   RO          848    i.HAL_RCC_OscConfig  stm32l1xx_hal_rcc.o
    0x08001578   0x08001578   0x00000028   Code   RO          635    i.HAL_SYSTICK_CLKSourceConfig  stm32l1xx_hal_cortex.o
    0x080015a0   0x080015a0   0x00000002   Code   RO          636    i.HAL_SYSTICK_Callback  stm32l1xx_hal_cortex.o
    0x080015a2   0x080015a2   0x00000034   Code   RO          637    i.HAL_SYSTICK_Config  stm32l1xx_hal_cortex.o
    0x080015d6   0x080015d6   0x00000008   Code   RO          638    i.HAL_SYSTICK_IRQHandler  stm32l1xx_hal_cortex.o
    0x080015de   0x080015de   0x00000004   Code   RO          132    i.HardFault_Handler  stm32l1xx_it.o
    0x080015e2   0x080015e2   0x0000003e   Code   RO          294    i.LCD_Address_Set   lcd_init.o
    0x08001620   0x08001620   0x0000001c   Code   RO          360    i.LCD_DrawPoint     lcd.o
    0x0800163c   0x0800163c   0x0000003e   Code   RO          362    i.LCD_Fill          lcd.o
    0x0800167a   0x0800167a   0x00000002   PAD
    0x0800167c   0x0800167c   0x0000004c   Code   RO          295    i.LCD_GPIO_Init     lcd_init.o
    0x080016c8   0x080016c8   0x000001bc   Code   RO          296    i.LCD_Init          lcd_init.o
    0x08001884   0x08001884   0x00000148   Code   RO          363    i.LCD_ShowChar      lcd.o
    0x080019cc   0x080019cc   0x00000086   Code   RO          364    i.LCD_ShowChinese   lcd.o
    0x08001a52   0x08001a52   0x00000002   PAD
    0x08001a54   0x08001a54   0x00000138   Code   RO          365    i.LCD_ShowChinese12x12  lcd.o
    0x08001b8c   0x08001b8c   0x00000128   Code   RO          366    i.LCD_ShowChinese16x16  lcd.o
    0x08001cb4   0x08001cb4   0x00000138   Code   RO          367    i.LCD_ShowChinese24x24  lcd.o
    0x08001dec   0x08001dec   0x00000128   Code   RO          368    i.LCD_ShowChinese32x32  lcd.o
    0x08001f14   0x08001f14   0x0000009c   Code   RO          369    i.LCD_ShowFloatNum1  lcd.o
    0x08001fb0   0x08001fb0   0x00000092   Code   RO          370    i.LCD_ShowIntNum    lcd.o
    0x08002042   0x08002042   0x0000005a   Code   RO          371    i.LCD_ShowPicture   lcd.o
    0x0800209c   0x0800209c   0x00000040   Code   RO          372    i.LCD_ShowString    lcd.o
    0x080020dc   0x080020dc   0x00000014   Code   RO          297    i.LCD_WR_DATA       lcd_init.o
    0x080020f0   0x080020f0   0x0000000c   Code   RO          298    i.LCD_WR_DATA8      lcd_init.o
    0x080020fc   0x080020fc   0x00000024   Code   RO          299    i.LCD_WR_REG        lcd_init.o
    0x08002120   0x08002120   0x00000060   Code   RO          300    i.LCD_Writ_Bus      lcd_init.o
    0x08002180   0x08002180   0x00000050   Code   RO          266    i.LED_Init          led.o
    0x080021d0   0x080021d0   0x00000004   Code   RO          133    i.MemManage_Handler  stm32l1xx_it.o
    0x080021d4   0x080021d4   0x00000002   Code   RO          134    i.NMI_Handler       stm32l1xx_it.o
    0x080021d6   0x080021d6   0x00000002   PAD
    0x080021d8   0x080021d8   0x00000010   Code   RO          639    i.NVIC_GetPriorityGrouping  stm32l1xx_hal_cortex.o
    0x080021e8   0x080021e8   0x00000028   Code   RO          640    i.NVIC_SetPriority  stm32l1xx_hal_cortex.o
    0x08002210   0x08002210   0x00000002   Code   RO          135    i.PendSV_Handler    stm32l1xx_it.o
    0x08002212   0x08002212   0x00000002   PAD
    0x08002214   0x08002214   0x000000ac   Code   RO          849    i.RCC_SetFlashLatencyFromMSIRange  stm32l1xx_hal_rcc.o
    0x080022c0   0x080022c0   0x00000002   Code   RO          136    i.SVC_Handler       stm32l1xx_it.o
    0x080022c2   0x080022c2   0x0000000c   Code   RO          137    i.SysTick_Handler   stm32l1xx_it.o
    0x080022ce   0x080022ce   0x00000002   PAD
    0x080022d0   0x080022d0   0x00000078   Code   RO          953    i.SystemClock_Config  sys.o
    0x08002348   0x08002348   0x00000064   Code   RO          213    i.SystemInit        system_stm32l1xx.o
    0x080023ac   0x080023ac   0x00000004   Code   RO          138    i.UsageFault_Handler  stm32l1xx_it.o
    0x080023b0   0x080023b0   0x0000000e   Code   RO         1048    i.__scatterload_copy  mc_w.l(handlers.o)
    0x080023be   0x080023be   0x00000002   Code   RO         1049    i.__scatterload_null  mc_w.l(handlers.o)
    0x080023c0   0x080023c0   0x0000000e   Code   RO         1050    i.__scatterload_zeroinit  mc_w.l(handlers.o)
    0x080023ce   0x080023ce   0x0000000c   Code   RO          981    i.delay_ms          delay.o
    0x080023da   0x080023da   0x00000002   PAD
    0x080023dc   0x080023dc   0x00000198   Code   RO            4    i.main              main.o
    0x08002574   0x08002574   0x00000016   Code   RO          373    i.mypow             lcd.o
    0x0800258a   0x0800258a   0x00000c80   Data   RO            5    .constdata          main.o
    0x0800320a   0x0800320a   0x00000021   Data   RO          214    .constdata          system_stm32l1xx.o
    0x0800322b   0x0800322b   0x0000391c   Data   RO          374    .constdata          lcd.o
    0x08006b47   0x08006b47   0x00000001   PAD
    0x08006b48   0x08006b48   0x00000020   Data   RO         1046    Region$$Table       anon$$obj.o


    Execution Region RW_IRAM1 (Exec base: 0x20000000, Load base: 0x08006b68, Size: 0x00000408, Max: 0x00002800, ABSOLUTE)

    Exec Addr    Load Addr    Size         Type   Attr      Idx    E Section Name        Object

    0x20000000   0x08006b68   0x00000004   Data   RW          215    .data               system_stm32l1xx.o
    0x20000004   0x08006b6c   0x00000004   Data   RW          501    .data               stm32l1xx_hal.o
    0x20000008        -       0x00000400   Zero   RW          943    STACK               startup_stm32l151xba.o


==============================================================================

Image component sizes


      Code (inc. data)   RO Data    RW Data    ZI Data      Debug   Object Name

        12          0          0          0          0        539   delay.o
      2246         36      14620          0          0      13470   lcd.o
       746         22          0          0          0       5022   lcd_init.o
        80         10          0          0          0       1051   led.o
       408         44       3200          0          0     202738   main.o
        36          8        244          0       1024        832   startup_stm32l151xba.o
       118         14          0          4          0       4497   stm32l1xx_hal.o
       322         22          0          0          0      29084   stm32l1xx_hal_cortex.o
       476         34          0          0          0       2432   stm32l1xx_hal_gpio.o
      3600         90          0          0          0       6154   stm32l1xx_hal_rcc.o
        36          0          0          0          0       4166   stm32l1xx_it.o
       120          6          0          0          0        661   sys.o
       100         18         33          4          0       1399   system_stm32l1xx.o

    ----------------------------------------------------------------------
      8316        304      18130          8       1024     272045   Object Totals
         0          0         32          0          0          0   (incl. Generated)
        16          0          1          0          0          0   (incl. Padding)

    ----------------------------------------------------------------------

      Code (inc. data)   RO Data    RW Data    ZI Data      Debug   Library Member Name

         0          0          0          0          0          0   entry.o
         0          0          0          0          0          0   entry10a.o
         0          0          0          0          0          0   entry11a.o
         8          4          0          0          0          0   entry2.o
         4          0          0          0          0          0   entry5.o
         0          0          0          0          0          0   entry7b.o
         0          0          0          0          0          0   entry8b.o
         8          4          0          0          0          0   entry9a.o
        30          0          0          0          0          0   handlers.o
        36          8          0          0          0         68   init.o
         0          0          0          0          0          0   iusefp.o
        30          0          0          0          0         68   llshl.o
        36          0          0          0          0         68   llsshr.o
        32          0          0          0          0         68   llushr.o
        56          0          0          0          0         88   d2f.o
       334          0          0          0          0        148   dadd.o
       186          0          0          0          0        176   depilogue.o
        38          0          0          0          0         68   f2d.o
       110          0          0          0          0        168   fepilogue.o
        40          0          0          0          0         68   ffixui.o
       100          0          0          0          0         76   fmul.o

    ----------------------------------------------------------------------
      1050         16          0          0          0       1064   Library Totals
         2          0          0          0          0          0   (incl. Padding)

    ----------------------------------------------------------------------

      Code (inc. data)   RO Data    RW Data    ZI Data      Debug   Library Name

       184         16          0          0          0        272   mc_w.l
       864          0          0          0          0        792   mf_w.l

    ----------------------------------------------------------------------
      1050         16          0          0          0       1064   Library Totals

    ----------------------------------------------------------------------

==============================================================================


      Code (inc. data)   RO Data    RW Data    ZI Data      Debug   

      9366        320      18130          8       1024     270193   Grand Totals
      9366        320      18130          8       1024     270193   ELF Image Totals
      9366        320      18130          8          0          0   ROM Totals

==============================================================================

    Total RO  Size (Code + RO Data)                27496 (  26.85kB)
    Total RW  Size (RW Data + ZI Data)              1032 (   1.01kB)
    Total ROM Size (Code + RO Data + RW Data)      27504 (  26.86kB)

==============================================================================

